2026-09-02T21:56:42Z
OPENBLAS_CORETYPE=HASWELL OPENBLAS_VERBOSE=2
Wed Sep  2 21:56:42 2026       
+-----------------------------------------------------------------------------------------+
| NVIDIA-SMI 580.82.09              Driver Version: 580.82.09      CUDA Version: 13.0     |
+-----------------------------------------+------------------------+----------------------+
| GPU  Name                 Persistence-M | Bus-Id          Disp.A | Volatile Uncorr. ECC |
| Fan  Temp   Perf          Pwr:Usage/Cap |           Memory-Usage | GPU-Util  Compute M. |
|                                         |                        |               MIG M. |
|=========================================+========================+======================|
|   0  NVIDIA H100 NVL                On  |   00000000:3D:00.0 Off |                    0 |
| N/A   40C    P0             64W /  400W |       0MiB /  95830MiB |      0%      Default |
|                                         |                        |             Disabled |
+-----------------------------------------+------------------------+----------------------+

+-----------------------------------------------------------------------------------------+
| Processes:                                                                              |
|  GPU   GI   CI              PID   Type   Process name                        GPU Memory |
|        ID   ID                                                               Usage      |
|=========================================================================================|
|  No running processes found                                                             |
+-----------------------------------------------------------------------------------------+
cargo 1.98.0 (797e8a9bc 2026-08-05)
rustc 1.98.0 (88d9e12ae 2026-08-18)
nvcc: NVIDIA (R) Cuda compiler driver
Copyright (c) 2005-2024 NVIDIA Corporation
Built on Thu_Mar_28_02:18:24_PDT_2024
Cuda compilation tools, release 12.4, V12.4.131
Build cuda_12.4.r12.4/compiler.34097967_0
handoff/2026-09-02-amberbluff/systems/loopless_system_n9.jsonl.gz: OK
handoff/2026-09-02-amberbluff/systems/loopless_system_n10.jsonl.gz: OK
tools/streamrank/src/main.rs: OK
tools/streamrank/src/lib.rs: OK
tools/streamrank/src/cuda.rs: OK
tools/streamrank/src/cuda_backend.cu: OK
tools/streamrank/build.rs: OK
tools/streamrank/Cargo.toml: OK
tools/colgen/src/lib.rs: OK
tools/colgen/src/main.rs: OK
   Compiling max11-streamrank v0.1.0 (/workspace/relu/tools/streamrank)
    Finished `release` profile [optimized] target(s) in 4.29s
     Running unittests src/lib.rs (tools/streamrank/target/release/deps/max11_streamrank-a129063133a1416f)
Core: Haswell

running 6 tests
test tests::barrett_reduction_matches_division ... ok
test tests::sketch_is_deterministic_and_seeded ... ok
test tests::rejects_unsafe_binary64_block ... ok
test tests::left_separator_annihilates_basis_and_separates ... ok
test tests::blocked_basis_matches_scalar_rank ... ok
test tests::cuda_backend_matches_cpu_pivots_and_reduction ... ok

test result: ok. 6 passed; 0 failed; 0 ignored; 0 measured; 0 filtered out; finished in 0.45s

     Running unittests src/main.rs (tools/streamrank/target/release/deps/max11_streamrank-4e75dcc85ab719ee)

running 1 test
test tests::five_l_is_exact_all_ones_carrier ... ok

test result: ok. 1 passed; 0 failed; 0 ignored; 0 measured; 0 filtered out; finished in 0.00s

   Doc-tests max11_streamrank

running 0 tests

test result: ok. 0 passed; 0 failed; 0 ignored; 0 measured; 0 filtered out; finished in 0.00s

   Compiling max11-streamrank v0.1.0 (/workspace/relu/tools/streamrank)
    Finished `release` profile [optimized] target(s) in 7.07s
cdf835b269d25a37f110d72f16865e6f511d5154b5caf7808dd2eb1d82bc85c3  tools/streamrank/target/release/max11-streamrank
a5e5fb7973037d85ad3b670438b8c3dc985e31737d514ef30b42432d3e2e2683  artifacts/math/n12-stageA/controls/cpu-n10-p1000003.json
de9b3dc596340bd29ac535a68609717f151c5a52bc42d3ac5b72fca6b5b57d4a  artifacts/math/n12-stageA/controls/cpu-n9-p1000003.json
2cfe14938885b2f8638e2b0454c729d862be1f82c048323993c73146f3a5bb6d  artifacts/math/n12-stageA/controls/cpu-n10-p1000033.json
311359c7da41c20f85674b41ab852e0da84607351ae95c7e881d340c967d88ef  artifacts/math/n12-stageA/controls/cpu-n9-p1000033.json
bfee49880fa2a793c9979e40ecd907704c28233464d1a483e643ede901ea5fbd  artifacts/math/n12-stageA/controls/cuda-n10-p1000003.json
892e987b40462a235bfe5f0a1a4ff2d9a9d7c4c953368d8366ace19ef11a7569  artifacts/math/n12-stageA/controls/cuda-n9-p1000003.json
fff19bcdce2447f8bf88ba938f15d766206d1e4ca8e10e864b546a767042ac18  artifacts/math/n12-stageA/controls/cuda-n10-p1000033.json
c6f1bb625e28fd1c378ec59945134fb661ab22efb84e91e7b7ce1d9054ec1888  artifacts/math/n12-stageA/controls/cuda-n9-p1000033.json
2026-09-02T22:00:10Z
a5e5fb7973037d85ad3b670438b8c3dc985e31737d514ef30b42432d3e2e2683  artifacts/math/n12-stageA/controls/cpu-n10-p1000003.json
2cfe14938885b2f8638e2b0454c729d862be1f82c048323993c73146f3a5bb6d  artifacts/math/n12-stageA/controls/cpu-n10-p1000033.json
de9b3dc596340bd29ac535a68609717f151c5a52bc42d3ac5b72fca6b5b57d4a  artifacts/math/n12-stageA/controls/cpu-n9-p1000003.json
311359c7da41c20f85674b41ab852e0da84607351ae95c7e881d340c967d88ef  artifacts/math/n12-stageA/controls/cpu-n9-p1000033.json
bfee49880fa2a793c9979e40ecd907704c28233464d1a483e643ede901ea5fbd  artifacts/math/n12-stageA/controls/cuda-n10-p1000003.json
fff19bcdce2447f8bf88ba938f15d766206d1e4ca8e10e864b546a767042ac18  artifacts/math/n12-stageA/controls/cuda-n10-p1000033.json
07d19779769df9412d6f82a962fe04bfd95ee33bf6eae306d359d28264ab0dd5  artifacts/math/n12-stageA/controls/cuda-n9-p1000003-mutant-expected-rank359.json
892e987b40462a235bfe5f0a1a4ff2d9a9d7c4c953368d8366ace19ef11a7569  artifacts/math/n12-stageA/controls/cuda-n9-p1000003.json
c6f1bb625e28fd1c378ec59945134fb661ab22efb84e91e7b7ce1d9054ec1888  artifacts/math/n12-stageA/controls/cuda-n9-p1000033.json
CONTROL_SUITE_COMPLETE
