ADMM_START rows=743 columns=12248 nnz=5605870 rounds=5 max_iterations=2000 rho=100000000.0
ADMM_ITER round=0/4 iteration=1/2000 objective=1.9891794066596097e-07 r=4.34636e-07/1.10671e-08 s=3.84556/4.45703e-07 projection_inf=7.17186e-19 rho=1e+08 support=51/12248
ADMM_ITER round=0/4 iteration=25/2000 objective=3.2716463765709215e-05 r=2.12133e-07/1.10671e-08 s=8.89263/2.88797e-06 projection_inf=4.5804e-18 rho=5e+07 support=286/12248
ADMM_ITER round=0/4 iteration=50/2000 objective=5.47398682769707e-05 r=2.65886e-07/1.10671e-08 s=4.94427/3.1512e-06 projection_inf=8.86792e-18 rho=2.5e+07 support=271/12248
ADMM_ITER round=0/4 iteration=75/2000 objective=5.3685114879447038e-05 r=2.50934e-07/1.10671e-08 s=2.07378/3.31308e-06 projection_inf=1.91485e-17 rho=1.25e+07 support=241/12248
ADMM_ITER round=0/4 iteration=100/2000 objective=4.9008303499095575e-05 r=2.28314e-07/1.10671e-08 s=1.10653/3.42485e-06 projection_inf=3.88114e-17 rho=6.25e+06 support=214/12248
ADMM_ITER round=0/4 iteration=125/2000 objective=4.0819077701792005e-05 r=2.33845e-07/1.10671e-08 s=0.471391/3.49847e-06 projection_inf=8.19815e-17 rho=3.125e+06 support=208/12248
ADMM_ITER round=0/4 iteration=150/2000 objective=4.0465132083397083e-05 r=2.24152e-07/1.10671e-08 s=0.214246/3.54142e-06 projection_inf=1.78464e-16 rho=1.5625e+06 support=189/12248
ADMM_ITER round=0/4 iteration=175/2000 objective=3.5571237073956754e-05 r=2.37088e-07/1.10671e-08 s=0.11557/3.56354e-06 projection_inf=3.27867e-16 rho=781250 support=187/12248
ADMM_ITER round=0/4 iteration=200/2000 objective=3.5883549124587654e-05 r=2.33728e-07/1.10671e-08 s=0.0712975/3.57565e-06 projection_inf=6.7048e-16 rho=390625 support=188/12248
ADMM_ITER round=0/4 iteration=225/2000 objective=4.293362597445336e-05 r=2.7298e-07/1.10671e-08 s=0.0353158/3.58076e-06 projection_inf=1.34067e-15 rho=195312 support=175/12248
ADMM_ITER round=0/4 iteration=250/2000 objective=3.735341643469858e-05 r=2.88996e-07/1.10671e-08 s=0.020816/3.58351e-06 projection_inf=2.6321e-15 rho=97656.2 support=174/12248
ADMM_ITER round=0/4 iteration=275/2000 objective=3.6243570205139153e-05 r=2.62801e-07/1.10671e-08 s=0.0107911/3.58496e-06 projection_inf=5.50231e-15 rho=48828.1 support=165/12248
ADMM_ITER round=0/4 iteration=300/2000 objective=3.9879978014007341e-05 r=3.2027e-07/1.10671e-08 s=0.00495721/3.58565e-06 projection_inf=9.96361e-15 rho=24414.1 support=167/12248
ADMM_ITER round=0/4 iteration=325/2000 objective=2.9066430057966773e-05 r=2.61797e-07/1.10671e-08 s=0.0028229/3.58604e-06 projection_inf=2.15611e-14 rho=12207 support=153/12248
ADMM_ITER round=0/4 iteration=350/2000 objective=2.9660250486073598e-05 r=2.68576e-07/1.10671e-08 s=0.00108912/3.58625e-06 projection_inf=4.48292e-14 rho=6103.52 support=159/12248
ADMM_ITER round=0/4 iteration=375/2000 objective=3.5513516236926725e-05 r=2.81225e-07/1.10671e-08 s=0.000485439/3.58635e-06 projection_inf=8.60169e-14 rho=3051.76 support=153/12248
ADMM_ITER round=0/4 iteration=400/2000 objective=3.1610070261944433e-05 r=2.87049e-07/1.10671e-08 s=0.000279501/3.5864e-06 projection_inf=1.84356e-13 rho=1525.88 support=151/12248
ADMM_ITER round=0/4 iteration=425/2000 objective=2.3353719370174586e-05 r=2.77711e-07/1.10671e-08 s=0.000119114/3.58643e-06 projection_inf=3.61492e-13 rho=762.939 support=149/12248
ADMM_ITER round=0/4 iteration=450/2000 objective=2.3411126085528394e-05 r=2.76415e-07/1.10671e-08 s=5.27182e-05/3.58644e-06 projection_inf=7.47115e-13 rho=381.47 support=147/12248
ADMM_ITER round=0/4 iteration=475/2000 objective=3.1442773961774459e-05 r=2.70754e-07/1.10671e-08 s=3.26044e-05/3.58645e-06 projection_inf=1.43785e-12 rho=190.735 support=150/12248
ADMM_ITER round=0/4 iteration=500/2000 objective=2.5417357600030985e-05 r=2.86507e-07/1.10671e-08 s=1.67089e-05/3.58645e-06 projection_inf=2.65829e-12 rho=95.3674 support=147/12248
ADMM_ITER round=0/4 iteration=525/2000 objective=3.1002805904414843e-05 r=3.03647e-07/1.10671e-08 s=9.28643e-06/3.58645e-06 projection_inf=5.48384e-12 rho=47.6837 support=148/12248
ADMM_ITER round=0/4 iteration=550/2000 objective=3.4902859868859992e-05 r=2.97082e-07/1.10671e-08 s=4.93878e-06/3.58646e-06 projection_inf=1.1089e-11 rho=23.8419 support=149/12248
ADMM_ITER round=0/4 iteration=575/2000 objective=2.3714127763585502e-05 r=3.09128e-07/1.10671e-08 s=2.51855e-06/3.58646e-06 projection_inf=2.38e-11 rho=11.9209 support=141/12248
ADMM_ITER round=0/4 iteration=600/2000 objective=2.7384829013821221e-05 r=2.5953e-07/1.10671e-08 s=2.05663e-06/3.58646e-06 projection_inf=2.21574e-11 rho=11.9209 support=148/12248
ADMM_ITER round=0/4 iteration=625/2000 objective=3.6231697137983909e-05 r=2.49548e-07/1.10671e-08 s=1.50114e-06/3.58646e-06 projection_inf=2.25074e-11 rho=11.9209 support=157/12248
ADMM_ITER round=0/4 iteration=650/2000 objective=2.7519309955661986e-05 r=2.45742e-07/1.10671e-08 s=1.13223e-06/3.58646e-06 projection_inf=2.03551e-11 rho=11.9209 support=157/12248
ADMM_ITER round=0/4 iteration=675/2000 objective=2.8751110189989548e-05 r=2.32632e-07/1.10671e-08 s=1.1718e-06/3.58646e-06 projection_inf=2.04698e-11 rho=11.9209 support=161/12248
ADMM_ITER round=0/4 iteration=700/2000 objective=3.3634674342961079e-05 r=2.31907e-07/1.10671e-08 s=9.34704e-07/3.58646e-06 projection_inf=2.23526e-11 rho=11.9209 support=163/12248
ADMM_ITER round=0/4 iteration=725/2000 objective=2.8440744941363172e-05 r=2.29767e-07/1.10671e-08 s=8.02669e-07/3.58646e-06 projection_inf=2.09498e-11 rho=11.9209 support=166/12248
ADMM_ITER round=0/4 iteration=750/2000 objective=2.989098209117691e-05 r=2.28227e-07/1.10671e-08 s=6.83181e-07/3.58646e-06 projection_inf=2.08547e-11 rho=11.9209 support=163/12248
ADMM_ITER round=0/4 iteration=775/2000 objective=3.2973429337349036e-05 r=2.23068e-07/1.10671e-08 s=7.69647e-07/3.58646e-06 projection_inf=2.17765e-11 rho=11.9209 support=164/12248
ADMM_ITER round=0/4 iteration=800/2000 objective=2.8557642771667724e-05 r=2.24932e-07/1.10671e-08 s=5.63049e-07/3.58646e-06 projection_inf=2.2158e-11 rho=11.9209 support=166/12248
ADMM_ITER round=0/4 iteration=825/2000 objective=2.9996009380070521e-05 r=2.24081e-07/1.10671e-08 s=4.91999e-07/3.58646e-06 projection_inf=2.23718e-11 rho=11.9209 support=165/12248
ADMM_ITER round=0/4 iteration=850/2000 objective=3.1926557439415637e-05 r=2.20914e-07/1.10671e-08 s=5.76442e-07/3.58646e-06 projection_inf=2.20336e-11 rho=11.9209 support=164/12248
ADMM_ITER round=0/4 iteration=875/2000 objective=3.0407141242250191e-05 r=2.22208e-07/1.10671e-08 s=3.96632e-07/3.58646e-06 projection_inf=2.22252e-11 rho=11.9209 support=167/12248
ADMM_ITER round=0/4 iteration=900/2000 objective=2.9550201773573259e-05 r=2.20282e-07/1.10671e-08 s=4.34601e-07/3.58646e-06 projection_inf=2.07738e-11 rho=11.9209 support=168/12248
ADMM_ITER round=0/4 iteration=925/2000 objective=3.0862103352499726e-05 r=2.20059e-07/1.10671e-08 s=3.74232e-07/3.58646e-06 projection_inf=2.28298e-11 rho=11.9209 support=167/12248
ADMM_ITER round=0/4 iteration=950/2000 objective=3.1417077538536953e-05 r=2.19772e-07/1.10671e-08 s=3.2975e-07/3.58646e-06 projection_inf=2.20254e-11 rho=11.9209 support=168/12248
ADMM_ITER round=0/4 iteration=975/2000 objective=3.0362863094685055e-05 r=2.19256e-07/1.10671e-08 s=3.21093e-07/3.58646e-06 projection_inf=2.27654e-11 rho=11.9209 support=168/12248
ADMM_ITER round=0/4 iteration=1000/2000 objective=3.0277567449554788e-05 r=2.19506e-07/1.10671e-08 s=2.39249e-07/3.58646e-06 projection_inf=2.08065e-11 rho=11.9209 support=167/12248
ADMM_ITER round=0/4 iteration=1025/2000 objective=3.0738570976726609e-05 r=2.1818e-07/1.10671e-08 s=3.29181e-07/3.58646e-06 projection_inf=2.17894e-11 rho=11.9209 support=169/12248
ADMM_ITER round=0/4 iteration=1050/2000 objective=3.10547583454307e-05 r=2.19083e-07/1.10671e-08 s=1.71987e-07/3.58646e-06 projection_inf=2.16575e-11 rho=11.9209 support=169/12248
ADMM_ITER round=0/4 iteration=1075/2000 objective=3.1060886601375071e-05 r=2.18379e-07/1.10671e-08 s=2.34463e-07/3.58646e-06 projection_inf=2.28349e-11 rho=11.9209 support=169/12248
ADMM_ITER round=0/4 iteration=1100/2000 objective=2.9985263536286277e-05 r=2.18009e-07/1.10671e-08 s=2.50444e-07/3.58646e-06 projection_inf=2.13002e-11 rho=11.9209 support=169/12248
ADMM_ITER round=0/4 iteration=1125/2000 objective=3.0733436799962321e-05 r=2.18588e-07/1.10671e-08 s=1.18587e-07/3.58647e-06 projection_inf=2.38281e-11 rho=11.9209 support=169/12248
ADMM_ITER round=0/4 iteration=1150/2000 objective=3.147253429758301e-05 r=2.17907e-07/1.10671e-08 s=2.13341e-07/3.58647e-06 projection_inf=2.16664e-11 rho=11.9209 support=169/12248
ADMM_ITER round=0/4 iteration=1175/2000 objective=3.0328069010154834e-05 r=2.18111e-07/1.10671e-08 s=1.54157e-07/3.58647e-06 projection_inf=2.32412e-11 rho=11.9209 support=169/12248
ADMM_ITER round=0/4 iteration=1200/2000 objective=3.0365213994590357e-05 r=2.18026e-07/1.10671e-08 s=1.46153e-07/3.58647e-06 projection_inf=2.27006e-11 rho=11.9209 support=169/12248
ADMM_ITER round=0/4 iteration=1225/2000 objective=3.1217173795797248e-05 r=2.17895e-07/1.10671e-08 s=1.51181e-07/3.58647e-06 projection_inf=2.15303e-11 rho=11.9209 support=169/12248
ADMM_ITER round=0/4 iteration=1250/2000 objective=3.0642747949075066e-05 r=2.17929e-07/1.10671e-08 s=1.23148e-07/3.58647e-06 projection_inf=2.09345e-11 rho=11.9209 support=169/12248
ADMM_ITER round=0/4 iteration=1275/2000 objective=3.0559570602606279e-05 r=2.17809e-07/1.10671e-08 s=1.33155e-07/3.58647e-06 projection_inf=2.21569e-11 rho=11.9209 support=169/12248
ADMM_ITER round=0/4 iteration=1300/2000 objective=3.0857411109655453e-05 r=2.17903e-07/1.10671e-08 s=8.86456e-08/3.58647e-06 projection_inf=2.234e-11 rho=11.9209 support=169/12248
ADMM_ITER round=0/4 iteration=1325/2000 objective=3.0695720008827587e-05 r=2.17696e-07/1.10671e-08 s=1.31133e-07/3.58647e-06 projection_inf=2.23605e-11 rho=11.9209 support=169/12248
ADMM_ITER round=0/4 iteration=1350/2000 objective=3.0689182223320177e-05 r=2.17842e-07/1.10671e-08 s=7.14203e-08/3.58647e-06 projection_inf=1.99521e-11 rho=11.9209 support=169/12248
ADMM_ITER round=0/4 iteration=1375/2000 objective=3.1942597777626092e-05 r=1.95461e-07/1.10671e-08 s=1.10922e-06/3.58647e-06 projection_inf=2.33036e-11 rho=11.9209 support=170/12248
ADMM_ITER round=0/4 iteration=1400/2000 objective=3.3095429943175159e-05 r=2.01113e-07/1.10671e-08 s=9.03094e-07/3.58647e-06 projection_inf=2.32165e-11 rho=11.9209 support=170/12248
ADMM_ITER round=0/4 iteration=1425/2000 objective=3.2237879977942141e-05 r=2.09612e-07/1.10671e-08 s=4.67682e-07/3.58647e-06 projection_inf=2.06489e-11 rho=11.9209 support=169/12248
ADMM_ITER round=0/4 iteration=1450/2000 objective=3.1513269516281195e-05 r=1.90828e-07/1.10671e-08 s=1.09759e-06/3.58647e-06 projection_inf=2.28899e-11 rho=11.9209 support=170/12248
ADMM_ITER round=0/4 iteration=1475/2000 objective=3.200065079513037e-05 r=2.06139e-07/1.10671e-08 s=5.12768e-07/3.58647e-06 projection_inf=2.21745e-11 rho=11.9209 support=170/12248
ADMM_ITER round=0/4 iteration=1500/2000 objective=3.1931436510659883e-05 r=1.99816e-07/1.10671e-08 s=7.44821e-07/3.58647e-06 projection_inf=2.18894e-11 rho=11.9209 support=170/12248
ADMM_ITER round=0/4 iteration=1525/2000 objective=3.2413075489373666e-05 r=1.93046e-07/1.10671e-08 s=9.29772e-07/3.58647e-06 projection_inf=2.10095e-11 rho=11.9209 support=170/12248
ADMM_ITER round=0/4 iteration=1550/2000 objective=3.2729976900458535e-05 r=2.04731e-07/1.10671e-08 s=2.01698e-07/3.58647e-06 projection_inf=2.36272e-11 rho=11.9209 support=169/12248
ADMM_ITER round=0/4 iteration=1575/2000 objective=3.1080106406941588e-05 r=1.92011e-07/1.10671e-08 s=8.35454e-07/3.58647e-06 projection_inf=2.37222e-11 rho=11.9209 support=169/12248
ADMM_ITER round=0/4 iteration=1600/2000 objective=3.2180596575170917e-05 r=1.96122e-07/1.10671e-08 s=6.33649e-07/3.58647e-06 projection_inf=2.03297e-11 rho=11.9209 support=171/12248
ADMM_ITER round=0/4 iteration=1625/2000 objective=3.3049038495810978e-05 r=1.98305e-07/1.10671e-08 s=4.55413e-07/3.58647e-06 projection_inf=2.10113e-11 rho=11.9209 support=171/12248
ADMM_ITER round=0/4 iteration=1650/2000 objective=3.1900998222630927e-05 r=1.89071e-07/1.10671e-08 s=8.08388e-07/3.58647e-06 projection_inf=2.17424e-11 rho=11.9209 support=171/12248
ADMM_ITER round=0/4 iteration=1675/2000 objective=3.2269420033051444e-05 r=1.97873e-07/1.10671e-08 s=2.92917e-07/3.58647e-06 projection_inf=2.39884e-11 rho=11.9209 support=170/12248
ADMM_ITER round=0/4 iteration=1700/2000 objective=3.2281292069072376e-05 r=1.92345e-07/1.10671e-08 s=5.82402e-07/3.58647e-06 projection_inf=2.30279e-11 rho=11.9209 support=172/12248
ADMM_ITER round=0/4 iteration=1725/2000 objective=3.246732339362568e-05 r=1.90693e-07/1.10671e-08 s=6.17381e-07/3.58648e-06 projection_inf=2.27007e-11 rho=11.9209 support=172/12248
ADMM_ITER round=0/4 iteration=1750/2000 objective=3.2071385202669944e-05 r=1.95939e-07/1.10671e-08 s=2.27047e-07/3.58648e-06 projection_inf=2.2345e-11 rho=11.9209 support=172/12248
ADMM_ITER round=0/4 iteration=1775/2000 objective=3.2256534767183265e-05 r=1.88443e-07/1.10671e-08 s=6.5159e-07/3.58648e-06 projection_inf=2.06087e-11 rho=11.9209 support=172/12248
ADMM_ITER round=0/4 iteration=1800/2000 objective=3.2226494745768441e-05 r=1.93454e-07/1.10671e-08 s=3.33315e-07/3.58648e-06 projection_inf=2.33502e-11 rho=11.9209 support=171/12248
ADMM_ITER round=0/4 iteration=1825/2000 objective=3.2299785593381536e-05 r=1.92481e-07/1.10671e-08 s=3.43681e-07/3.58648e-06 projection_inf=2.35447e-11 rho=11.9209 support=172/12248
ADMM_ITER round=0/4 iteration=1850/2000 objective=3.2615854698908597e-05 r=1.88183e-07/1.10671e-08 s=5.69834e-07/3.58648e-06 projection_inf=2.25787e-11 rho=11.9209 support=172/12248
ADMM_ITER round=0/4 iteration=1875/2000 objective=3.1987467332572628e-05 r=1.92102e-07/1.10671e-08 s=2.88164e-07/3.58648e-06 projection_inf=2.187e-11 rho=11.9209 support=173/12248
ADMM_ITER round=0/4 iteration=1900/2000 objective=3.3717359073981434e-05 r=1.88371e-07/1.10671e-08 s=5.03916e-07/3.58648e-06 projection_inf=2.18414e-11 rho=11.9209 support=173/12248
ADMM_ITER round=0/4 iteration=1925/2000 objective=3.3960965346940819e-05 r=1.88561e-07/1.10671e-08 s=4.64773e-07/3.58648e-06 projection_inf=2.05642e-11 rho=11.9209 support=173/12248
ADMM_ITER round=0/4 iteration=1950/2000 objective=3.2130876012823051e-05 r=1.9094e-07/1.10671e-08 s=2.17091e-07/3.58648e-06 projection_inf=2.13615e-11 rho=11.9209 support=173/12248
ADMM_ITER round=0/4 iteration=1975/2000 objective=3.2763889480605379e-05 r=1.86477e-07/1.10671e-08 s=5.14093e-07/3.58648e-06 projection_inf=2.04422e-11 rho=11.9209 support=173/12248
ADMM_ITER round=0/4 iteration=2000/2000 objective=3.37085668408732e-05 r=1.89578e-07/1.10671e-08 s=2.80148e-07/3.58648e-06 projection_inf=2.20846e-11 rho=11.9209 support=173/12248
ADMM_ITER round=1/4 iteration=1/2000 objective=0 r=3.70975e-06/1.10671e-08 s=4.41789e-05/1.10675e-08 projection_inf=8.81377e-20 rho=11.9209 support=0/12248
ADMM_ITER round=1/4 iteration=25/2000 objective=0 r=4.40869e-07/1.10671e-08 s=0/1.10678e-08 projection_inf=1.96512e-17 rho=5.96046 support=0/12248
ADMM_ITER round=1/4 iteration=50/2000 objective=0 r=4.40869e-07/1.10671e-08 s=0/1.10691e-08 projection_inf=2.83245e-17 rho=11.9209 support=0/12248
ADMM_ITER round=1/4 iteration=75/2000 objective=0 r=4.40869e-07/1.10671e-08 s=0/1.10717e-08 projection_inf=3.01631e-17 rho=23.8419 support=0/12248
ADMM_ITER round=1/4 iteration=100/2000 objective=0 r=4.40869e-07/1.10671e-08 s=0/1.10769e-08 projection_inf=3.15952e-17 rho=47.6837 support=0/12248
ADMM_ITER round=1/4 iteration=125/2000 objective=0 r=4.40869e-07/1.10671e-08 s=0/1.10875e-08 projection_inf=3.53378e-17 rho=95.3674 support=0/12248
ADMM_ITER round=1/4 iteration=150/2000 objective=0 r=4.40869e-07/1.10671e-08 s=0/1.11085e-08 projection_inf=3.5322e-17 rho=190.735 support=0/12248
ADMM_ITER round=1/4 iteration=175/2000 objective=0 r=4.40869e-07/1.10671e-08 s=0/1.11505e-08 projection_inf=4.2808e-17 rho=381.47 support=0/12248
ADMM_ITER round=1/4 iteration=200/2000 objective=0 r=4.40869e-07/1.10671e-08 s=0/1.12346e-08 projection_inf=3.40841e-17 rho=762.939 support=0/12248
ADMM_ITER round=1/4 iteration=225/2000 objective=0 r=4.40869e-07/1.10671e-08 s=0/1.14028e-08 projection_inf=3.88579e-17 rho=1525.88 support=0/12248
ADMM_ITER round=1/4 iteration=250/2000 objective=0 r=4.40869e-07/1.10671e-08 s=0/1.17392e-08 projection_inf=3.62356e-17 rho=3051.76 support=0/12248
ADMM_ITER round=1/4 iteration=275/2000 objective=0 r=4.40869e-07/1.10671e-08 s=0/1.24119e-08 projection_inf=4.03567e-17 rho=6103.52 support=0/12248
ADMM_ITER round=1/4 iteration=300/2000 objective=0 r=4.40869e-07/1.10671e-08 s=0/1.37573e-08 projection_inf=3.55897e-17 rho=12207 support=0/12248
ADMM_ITER round=1/4 iteration=325/2000 objective=0 r=4.40869e-07/1.10671e-08 s=0/1.64481e-08 projection_inf=3.30361e-17 rho=24414.1 support=0/12248
ADMM_ITER round=1/4 iteration=350/2000 objective=0 r=4.40869e-07/1.10671e-08 s=0/2.18298e-08 projection_inf=3.65727e-17 rho=48828.1 support=0/12248
ADMM_ITER round=1/4 iteration=375/2000 objective=0 r=4.40869e-07/1.10671e-08 s=0/3.25932e-08 projection_inf=3.60939e-17 rho=97656.2 support=0/12248
ADMM_ITER round=1/4 iteration=400/2000 objective=0 r=4.40869e-07/1.10671e-08 s=0/5.41201e-08 projection_inf=3.91532e-17 rho=195312 support=0/12248
ADMM_ITER round=1/4 iteration=425/2000 objective=6.1039946756231435e-07 r=3.80643e-07/1.10671e-08 s=0.080604/9.46287e-08 projection_inf=3.83926e-17 rho=390625 support=5/12248
ADMM_ITER round=1/4 iteration=450/2000 objective=1.8045126193796581e-06 r=4.93207e-07/1.10671e-08 s=0.0368472/1.06618e-07 projection_inf=7.72766e-17 rho=195312 support=8/12248
ADMM_ITER round=1/4 iteration=475/2000 objective=9.4607450778634409e-07 r=4.21157e-07/1.10671e-08 s=0.0204761/1.13735e-07 projection_inf=1.89197e-16 rho=97656.2 support=8/12248
ADMM_ITER round=1/4 iteration=500/2000 objective=3.7496500169539271e-07 r=4.21294e-07/1.10671e-08 s=0.00216575/1.18355e-07 projection_inf=3.73299e-16 rho=48828.1 support=6/12248
ADMM_ITER round=1/4 iteration=525/2000 objective=5.5586040597264559e-07 r=3.93424e-07/1.10671e-08 s=0.00362748/1.20682e-07 projection_inf=7.38496e-16 rho=24414.1 support=7/12248
ADMM_ITER round=1/4 iteration=550/2000 objective=1.2965950583366207e-06 r=4.53854e-07/1.10671e-08 s=0.0016404/1.21652e-07 projection_inf=1.49556e-15 rho=12207 support=8/12248
ADMM_ITER round=1/4 iteration=575/2000 objective=5.6209286997793782e-07 r=4.14156e-07/1.10671e-08 s=0.000532506/1.22206e-07 projection_inf=3.08574e-15 rho=6103.52 support=8/12248
ADMM_ITER round=1/4 iteration=600/2000 objective=5.3535260957607857e-07 r=4.03058e-07/1.10671e-08 s=0.000467106/1.2248e-07 projection_inf=6.37571e-15 rho=3051.76 support=9/12248
ADMM_ITER round=1/4 iteration=625/2000 objective=1.320034278786381e-06 r=4.47829e-07/1.10671e-08 s=8.41786e-05/1.22611e-07 projection_inf=1.47834e-14 rho=1525.88 support=9/12248
ADMM_ITER round=1/4 iteration=650/2000 objective=7.8796565349723422e-07 r=4.13237e-07/1.10671e-08 s=0.00011486/1.22672e-07 projection_inf=2.49634e-14 rho=762.939 support=9/12248
ADMM_ITER round=1/4 iteration=675/2000 objective=4.0101923455865656e-07 r=4.08798e-07/1.10671e-08 s=3.90666e-05/1.22708e-07 projection_inf=4.86164e-14 rho=381.47 support=8/12248
ADMM_ITER round=1/4 iteration=700/2000 objective=1.3198289001541846e-06 r=4.2336e-07/1.10671e-08 s=2.07513e-05/1.22724e-07 projection_inf=1.00087e-13 rho=190.735 support=9/12248
ADMM_ITER round=1/4 iteration=725/2000 objective=1.0570032033402596e-06 r=4.08835e-07/1.10671e-08 s=1.89398e-05/1.22731e-07 projection_inf=1.87726e-13 rho=95.3674 support=9/12248
ADMM_ITER round=1/4 iteration=750/2000 objective=3.4612002678616454e-07 r=4.18689e-07/1.10671e-08 s=8.14905e-07/1.22736e-07 projection_inf=4.12959e-13 rho=47.6837 support=8/12248
ADMM_ITER round=1/4 iteration=775/2000 objective=9.724332049391183e-07 r=3.90866e-07/1.10671e-08 s=6.32118e-06/1.2274e-07 projection_inf=3.70212e-13 rho=47.6837 support=9/12248
ADMM_ITER round=1/4 iteration=800/2000 objective=1.4629040172256768e-06 r=4.22318e-07/1.10671e-08 s=4.15646e-06/1.22742e-07 projection_inf=7.5497e-13 rho=23.8419 support=9/12248
ADMM_ITER round=1/4 iteration=825/2000 objective=3.260827576569116e-07 r=4.20878e-07/1.10671e-08 s=3.28816e-07/1.22744e-07 projection_inf=8.26101e-13 rho=23.8419 support=7/12248
ADMM_ITER round=1/4 iteration=850/2000 objective=9.4066304123833456e-07 r=3.76819e-07/1.10671e-08 s=4.11853e-06/1.22746e-07 projection_inf=7.45555e-13 rho=23.8419 support=9/12248
ADMM_ITER round=1/4 iteration=875/2000 objective=1.6559696148749592e-06 r=4.56215e-07/1.10671e-08 s=2.15595e-06/1.22747e-07 projection_inf=1.51317e-12 rho=11.9209 support=9/12248
ADMM_ITER round=1/4 iteration=900/2000 objective=2.9738789553557621e-07 r=4.24439e-07/1.10671e-08 s=1.16664e-07/1.22748e-07 projection_inf=1.61153e-12 rho=11.9209 support=7/12248
ADMM_ITER round=1/4 iteration=925/2000 objective=8.1166234170821089e-07 r=3.74665e-07/1.10671e-08 s=2.19008e-06/1.22749e-07 projection_inf=1.5694e-12 rho=11.9209 support=9/12248
ADMM_ITER round=1/4 iteration=950/2000 objective=1.3480422548299581e-06 r=4.04577e-07/1.10671e-08 s=7.45193e-07/1.2275e-07 projection_inf=1.57907e-12 rho=11.9209 support=9/12248
ADMM_ITER round=1/4 iteration=975/2000 objective=5.3938652332081669e-07 r=3.91708e-07/1.10671e-08 s=1.13805e-06/1.22751e-07 projection_inf=1.45577e-12 rho=11.9209 support=9/12248
ADMM_ITER round=1/4 iteration=1000/2000 objective=8.4330128415903217e-07 r=3.73695e-07/1.10671e-08 s=1.63845e-06/1.22752e-07 projection_inf=1.61062e-12 rho=11.9209 support=9/12248
ADMM_ITER round=1/4 iteration=1025/2000 objective=1.2192511410663674e-06 r=3.91067e-07/1.10671e-08 s=5.77785e-07/1.22753e-07 projection_inf=1.77628e-12 rho=11.9209 support=9/12248
ADMM_ITER round=1/4 iteration=1050/2000 objective=6.3186809968966475e-07 r=3.83884e-07/1.10671e-08 s=8.62871e-07/1.22754e-07 projection_inf=1.60436e-12 rho=11.9209 support=9/12248
ADMM_ITER round=1/4 iteration=1075/2000 objective=8.6087043290542061e-07 r=3.73453e-07/1.10671e-08 s=1.24581e-06/1.22755e-07 projection_inf=1.48588e-12 rho=11.9209 support=9/12248
ADMM_ITER round=1/4 iteration=1100/2000 objective=1.1293674434443775e-06 r=3.83663e-07/1.10671e-08 s=4.37512e-07/1.22756e-07 projection_inf=1.6062e-12 rho=11.9209 support=9/12248
ADMM_ITER round=1/4 iteration=1125/2000 objective=7.021750452190058e-07 r=3.79465e-07/1.10671e-08 s=6.54209e-07/1.22757e-07 projection_inf=1.70447e-12 rho=11.9209 support=9/12248
ADMM_ITER round=1/4 iteration=1150/2000 objective=8.6534919102689449e-07 r=3.73122e-07/1.10671e-08 s=9.6104e-07/1.22758e-07 projection_inf=1.5082e-12 rho=11.9209 support=9/12248
ADMM_ITER round=1/4 iteration=1175/2000 objective=1.0718504933309455e-06 r=3.79224e-07/1.10671e-08 s=3.44e-07/1.22759e-07 projection_inf=1.58922e-12 rho=11.9209 support=9/12248
ADMM_ITER round=1/4 iteration=1200/2000 objective=7.4952595410254922e-07 r=3.76927e-07/1.10671e-08 s=4.87027e-07/1.2276e-07 projection_inf=1.48319e-12 rho=11.9209 support=9/12248
ADMM_ITER round=1/4 iteration=1225/2000 objective=8.6816551624821947e-07 r=3.73048e-07/1.10671e-08 s=7.37263e-07/1.22762e-07 projection_inf=1.66491e-12 rho=11.9209 support=9/12248
ADMM_ITER round=1/4 iteration=1250/2000 objective=1.0330175074302631e-06 r=3.76587e-07/1.10671e-08 s=2.77059e-07/1.22763e-07 projection_inf=1.50558e-12 rho=11.9209 support=9/12248
ADMM_ITER round=1/4 iteration=1275/2000 objective=7.7987852900438888e-07 r=3.75325e-07/1.10671e-08 s=3.69423e-07/1.22764e-07 projection_inf=1.54799e-12 rho=11.9209 support=9/12248
ADMM_ITER round=1/4 iteration=1300/2000 objective=8.7429636332309286e-07 r=3.73012e-07/1.10671e-08 s=5.65293e-07/1.22765e-07 projection_inf=1.60934e-12 rho=11.9209 support=9/12248
ADMM_ITER round=1/4 iteration=1325/2000 objective=1.0020335407096766e-06 r=3.75089e-07/1.10671e-08 s=2.14593e-07/1.22766e-07 projection_inf=1.69581e-12 rho=11.9209 support=9/12248
ADMM_ITER round=1/4 iteration=1350/2000 objective=8.0201583211133904e-07 r=3.74377e-07/1.10671e-08 s=2.78738e-07/1.22767e-07 projection_inf=1.70154e-12 rho=11.9209 support=9/12248
ADMM_ITER round=1/4 iteration=1375/2000 objective=8.8157011300172124e-07 r=3.72974e-07/1.10671e-08 s=4.35532e-07/1.22768e-07 projection_inf=1.42853e-12 rho=11.9209 support=9/12248
ADMM_ITER round=1/4 iteration=1400/2000 objective=9.7536936171441548e-07 r=3.74197e-07/1.10671e-08 s=1.69668e-07/1.22769e-07 projection_inf=1.62757e-12 rho=11.9209 support=9/12248
ADMM_ITER round=1/4 iteration=1425/2000 objective=8.2111188504175055e-07 r=3.73815e-07/1.10671e-08 s=2.08393e-07/1.2277e-07 projection_inf=1.74377e-12 rho=11.9209 support=9/12248
ADMM_ITER round=1/4 iteration=1450/2000 objective=8.8659372363355725e-07 r=3.72967e-07/1.10671e-08 s=3.34115e-07/1.22771e-07 projection_inf=1.6427e-12 rho=11.9209 support=9/12248
ADMM_ITER round=1/4 iteration=1475/2000 objective=9.5384484308665043e-07 r=3.73676e-07/1.10671e-08 s=1.34725e-07/1.22772e-07 projection_inf=1.88137e-12 rho=11.9209 support=9/12248
ADMM_ITER round=1/4 iteration=1500/2000 objective=8.3775182551997436e-07 r=3.73469e-07/1.10671e-08 s=1.57658e-07/1.22773e-07 projection_inf=1.59975e-12 rho=11.9209 support=9/12248
ADMM_ITER round=1/4 iteration=1525/2000 objective=8.8861705805178854e-07 r=3.72963e-07/1.10671e-08 s=2.56456e-07/1.22774e-07 projection_inf=1.49906e-12 rho=11.9209 support=9/12248
ADMM_ITER round=1/4 iteration=1550/2000 objective=9.3816258963685263e-07 r=3.73378e-07/1.10671e-08 s=1.05113e-07/1.22775e-07 projection_inf=1.59882e-12 rho=11.9209 support=9/12248
ADMM_ITER round=1/4 iteration=1575/2000 objective=8.5086761140887668e-07 r=3.73265e-07/1.10671e-08 s=1.18548e-07/1.22776e-07 projection_inf=1.42731e-12 rho=11.9209 support=9/12248
ADMM_ITER round=1/4 iteration=1600/2000 objective=8.8908732473815052e-07 r=3.72959e-07/1.10671e-08 s=1.9725e-07/1.22777e-07 projection_inf=1.68055e-12 rho=11.9209 support=9/12248
ADMM_ITER round=1/4 iteration=1625/2000 objective=9.2725358114581594e-07 r=3.73202e-07/1.10671e-08 s=8.29863e-08/1.22778e-07 projection_inf=1.6932e-12 rho=11.9209 support=9/12248
ADMM_ITER round=1/4 iteration=1650/2000 objective=8.6027626812988015e-07 r=3.73142e-07/1.10671e-08 s=8.87924e-08/1.22779e-07 projection_inf=1.4756e-12 rho=11.9209 support=9/12248
ADMM_ITER round=1/4 iteration=1675/2000 objective=8.8950409109294072e-07 r=3.72959e-07/1.10671e-08 s=1.5131e-07/1.2278e-07 projection_inf=1.63004e-12 rho=11.9209 support=9/12248
ADMM_ITER round=1/4 iteration=1700/2000 objective=9.1925285546216903e-07 r=3.73099e-07/1.10671e-08 s=6.54283e-08/1.22781e-07 projection_inf=1.5785e-12 rho=11.9209 support=9/12248
ADMM_ITER round=1/4 iteration=1725/2000 objective=8.6697398783165739e-07 r=3.73068e-07/1.10671e-08 s=6.69686e-08/1.22782e-07 projection_inf=1.58874e-12 rho=11.9209 support=9/12248
ADMM_ITER round=1/4 iteration=1750/2000 objective=8.9027888170298241e-07 r=3.72959e-07/1.10671e-08 s=1.16158e-07/1.22783e-07 projection_inf=1.51197e-12 rho=11.9209 support=9/12248
ADMM_ITER round=1/4 iteration=1775/2000 objective=9.1284632498985634e-07 r=3.7304e-07/1.10671e-08 s=5.11985e-08/1.22784e-07 projection_inf=1.64508e-12 rho=11.9209 support=9/12248
ADMM_ITER round=1/4 iteration=1800/2000 objective=8.7214709784317602e-07 r=3.73024e-07/1.10671e-08 s=5.02347e-08/1.22785e-07 projection_inf=1.72148e-12 rho=11.9209 support=9/12248
ADMM_ITER round=1/4 iteration=1825/2000 objective=8.9105806704248904e-07 r=3.72958e-07/1.10671e-08 s=8.92334e-08/1.22786e-07 projection_inf=1.52493e-12 rho=11.9209 support=9/12248
ADMM_ITER round=1/4 iteration=1850/2000 objective=9.0761112756925603e-07 r=3.73006e-07/1.10671e-08 s=4.03079e-08/1.22787e-07 projection_inf=1.5556e-12 rho=11.9209 support=9/12248
ADMM_ITER round=1/4 iteration=1875/2000 objective=8.7642889502646955e-07 r=3.72998e-07/1.10671e-08 s=3.76335e-08/1.22788e-07 projection_inf=1.51293e-12 rho=11.9209 support=9/12248
ADMM_ITER round=1/4 iteration=1900/2000 objective=8.9149331465101486e-07 r=3.72958e-07/1.10671e-08 s=6.84434e-08/1.22789e-07 projection_inf=1.51243e-12 rho=11.9209 support=9/12248
ADMM_ITER round=1/4 iteration=1925/2000 objective=9.0354240229802874e-07 r=3.72986e-07/1.10671e-08 s=3.16577e-08/1.2279e-07 projection_inf=1.64625e-12 rho=11.9209 support=9/12248
ADMM_ITER round=1/4 iteration=1950/2000 objective=8.8226944963687215e-07 r=3.72656e-07/1.10671e-08 s=7.2688e-08/1.22792e-07 projection_inf=8.42798e-13 rho=23.8419 support=9/12248
ADMM_ITER round=1/4 iteration=1975/2000 objective=8.8834725540062745e-07 r=3.72644e-07/1.10671e-08 s=9.35085e-08/1.22794e-07 projection_inf=7.19171e-13 rho=23.8419 support=9/12248
ADMM_ITER round=1/4 iteration=2000/2000 objective=9.0037040508372116e-07 r=3.72659e-07/1.10671e-08 s=2.53618e-08/1.22796e-07 projection_inf=7.87402e-13 rho=23.8419 support=9/12248
ADMM_ITER round=2/4 iteration=1/2000 objective=0 r=2.48678e-06/1.10671e-08 s=0.000117256/1.10683e-08 projection_inf=6.43682e-19 rho=47.6837 support=0/12248
ADMM_ITER round=2/4 iteration=25/2000 objective=0 r=4.40869e-07/1.10671e-08 s=0/1.10698e-08 projection_inf=1.94318e-17 rho=23.8419 support=0/12248
ADMM_ITER round=2/4 iteration=50/2000 objective=0 r=4.40869e-07/1.10671e-08 s=0/1.10751e-08 projection_inf=3.0047e-17 rho=47.6837 support=0/12248
ADMM_ITER round=2/4 iteration=75/2000 objective=0 r=4.40869e-07/1.10671e-08 s=0/1.10856e-08 projection_inf=3.22399e-17 rho=95.3674 support=0/12248
ADMM_ITER round=2/4 iteration=100/2000 objective=0 r=4.40869e-07/1.10671e-08 s=0/1.11066e-08 projection_inf=3.61292e-17 rho=190.735 support=0/12248
ADMM_ITER round=2/4 iteration=125/2000 objective=0 r=4.40869e-07/1.10671e-08 s=0/1.11486e-08 projection_inf=3.71097e-17 rho=381.47 support=0/12248
ADMM_ITER round=2/4 iteration=150/2000 objective=0 r=4.40869e-07/1.10671e-08 s=0/1.12327e-08 projection_inf=3.21838e-17 rho=762.939 support=0/12248
ADMM_ITER round=2/4 iteration=175/2000 objective=0 r=4.40869e-07/1.10671e-08 s=0/1.14009e-08 projection_inf=3.917e-17 rho=1525.88 support=0/12248
ADMM_ITER round=2/4 iteration=200/2000 objective=0 r=4.40869e-07/1.10671e-08 s=0/1.17373e-08 projection_inf=3.25919e-17 rho=3051.76 support=0/12248
ADMM_ITER round=2/4 iteration=225/2000 objective=0 r=4.40869e-07/1.10671e-08 s=0/1.241e-08 projection_inf=4.07399e-17 rho=6103.52 support=0/12248
ADMM_ITER round=2/4 iteration=250/2000 objective=0 r=4.40869e-07/1.10671e-08 s=0/1.37554e-08 projection_inf=3.55979e-17 rho=12207 support=0/12248
ADMM_ITER round=2/4 iteration=275/2000 objective=0 r=4.40869e-07/1.10671e-08 s=0/1.64462e-08 projection_inf=3.89317e-17 rho=24414.1 support=0/12248
ADMM_ITER round=2/4 iteration=300/2000 objective=0 r=4.40869e-07/1.10671e-08 s=0/2.18279e-08 projection_inf=3.85479e-17 rho=48828.1 support=0/12248
ADMM_ITER round=2/4 iteration=325/2000 objective=0 r=4.40869e-07/1.10671e-08 s=0/3.25914e-08 projection_inf=3.25012e-17 rho=97656.2 support=0/12248
ADMM_ITER round=2/4 iteration=350/2000 objective=1.3166257586866773e-07 r=4.16986e-07/1.10671e-08 s=0.0261032/5.34981e-08 projection_inf=3.5164e-17 rho=195312 support=1/12248
ADMM_ITER round=2/4 iteration=375/2000 objective=6.9178157140493686e-07 r=4.5758e-07/1.10671e-08 s=0.0107711/6.17725e-08 projection_inf=8.3875e-17 rho=97656.2 support=2/12248
ADMM_ITER round=2/4 iteration=400/2000 objective=0 r=4.40869e-07/1.10671e-08 s=0/6.64119e-08 projection_inf=1.89703e-16 rho=48828.1 support=0/12248
ADMM_ITER round=2/4 iteration=425/2000 objective=4.2833996560542322e-07 r=4.00768e-07/1.10671e-08 s=0.015765/7.61366e-08 projection_inf=1.10057e-16 rho=97656.2 support=2/12248
ADMM_ITER round=2/4 iteration=450/2000 objective=6.2869720407117028e-07 r=4.47793e-07/1.10671e-08 s=0.0101382/8.02642e-08 projection_inf=2.23675e-16 rho=48828.1 support=2/12248
ADMM_ITER round=2/4 iteration=475/2000 objective=6.7055465571980149e-09 r=4.39847e-07/1.10671e-08 s=0.000636703/8.27182e-08 projection_inf=4.59575e-16 rho=24414.1 support=1/12248
ADMM_ITER round=2/4 iteration=500/2000 objective=1.0613694242727225e-07 r=4.2959e-07/1.10671e-08 s=0.000957349/8.39666e-08 projection_inf=1.15349e-15 rho=12207 support=2/12248
ADMM_ITER round=2/4 iteration=525/2000 objective=5.2241873986581185e-07 r=4.14788e-07/1.10671e-08 s=0.00078025/8.45732e-08 projection_inf=2.22643e-15 rho=6103.52 support=2/12248
ADMM_ITER round=2/4 iteration=550/2000 objective=3.7144489568644934e-07 r=4.23342e-07/1.10671e-08 s=0.000588894/8.48371e-08 projection_inf=4.18867e-15 rho=3051.76 support=2/12248
ADMM_ITER round=2/4 iteration=575/2000 objective=1.2943627534227205e-07 r=4.31839e-07/1.10671e-08 s=6.28663e-06/8.4993e-08 projection_inf=7.41651e-15 rho=1525.88 support=1/12248
ADMM_ITER round=2/4 iteration=600/2000 objective=1.6772179177574097e-07 r=4.08295e-07/1.10671e-08 s=0.000100675/8.50717e-08 projection_inf=1.88714e-14 rho=762.939 support=2/12248
ADMM_ITER round=2/4 iteration=625/2000 objective=6.4856870342965587e-07 r=4.69163e-07/1.10671e-08 s=1.94877e-05/8.51059e-08 projection_inf=3.4068e-14 rho=381.47 support=2/12248
ADMM_ITER round=2/4 iteration=650/2000 objective=8.2061373008146021e-08 r=4.31359e-07/1.10671e-08 s=4.32584e-06/8.51241e-08 projection_inf=6.61056e-14 rho=190.735 support=1/12248
ADMM_ITER round=2/4 iteration=675/2000 objective=1.5553695250025505e-07 r=4.24712e-07/1.10671e-08 s=7.16236e-06/8.51339e-08 projection_inf=1.30568e-13 rho=95.3674 support=2/12248
ADMM_ITER round=2/4 iteration=700/2000 objective=5.5903282529831942e-07 r=4.3776e-07/1.10671e-08 s=2.4675e-06/8.51384e-08 projection_inf=2.31401e-13 rho=47.6837 support=2/12248
ADMM_ITER round=2/4 iteration=725/2000 objective=2.1582491857779625e-07 r=3.99853e-07/1.10671e-08 s=7.91915e-06/8.51428e-08 projection_inf=2.49383e-13 rho=47.6837 support=2/12248
ADMM_ITER round=2/4 iteration=750/2000 objective=1.5460178291107285e-07 r=4.32861e-07/1.10671e-08 s=1.05946e-06/8.51453e-08 projection_inf=5.32797e-13 rho=23.8419 support=2/12248
ADMM_ITER round=2/4 iteration=775/2000 objective=4.1760290712009396e-07 r=4.10835e-07/1.10671e-08 s=2.73718e-06/8.51476e-08 projection_inf=5.58048e-13 rho=23.8419 support=2/12248
ADMM_ITER round=2/4 iteration=800/2000 objective=3.5331177013438177e-07 r=3.96053e-07/1.10671e-08 s=3.35943e-06/8.51498e-08 projection_inf=4.93432e-13 rho=23.8419 support=2/12248
ADMM_ITER round=2/4 iteration=825/2000 objective=1.7563313024933735e-07 r=4.13333e-07/1.10671e-08 s=1.04784e-06/8.51522e-08 projection_inf=5.43561e-13 rho=23.8419 support=2/12248
ADMM_ITER round=2/4 iteration=850/2000 objective=4.2505598569290648e-07 r=4.05661e-07/1.10671e-08 s=1.71152e-06/8.51545e-08 projection_inf=6.01979e-13 rho=23.8419 support=2/12248
ADMM_ITER round=2/4 iteration=875/2000 objective=3.2337811520413586e-07 r=3.94811e-07/1.10671e-08 s=2.54525e-06/8.51567e-08 projection_inf=5.41394e-13 rho=23.8419 support=2/12248
ADMM_ITER round=2/4 iteration=900/2000 objective=2.0849612805949991e-07 r=4.03922e-07/1.10671e-08 s=1.10267e-06/8.51591e-08 projection_inf=4.98768e-13 rho=23.8419 support=2/12248
ADMM_ITER round=2/4 iteration=925/2000 objective=4.1354856097333912e-07 r=4.02306e-07/1.10671e-08 s=1.01701e-06/8.51614e-08 projection_inf=5.09881e-13 rho=23.8419 support=2/12248
ADMM_ITER round=2/4 iteration=950/2000 objective=3.0542119958518346e-07 r=3.94762e-07/1.10671e-08 s=1.92164e-06/8.51636e-08 projection_inf=5.27248e-13 rho=23.8419 support=2/12248
ADMM_ITER round=2/4 iteration=975/2000 objective=2.3910691278848862e-07 r=3.99059e-07/1.10671e-08 s=1.06085e-06/8.51659e-08 projection_inf=5.18036e-13 rho=23.8419 support=2/12248
ADMM_ITER round=2/4 iteration=1000/2000 objective=3.9695948009891386e-07 r=3.99734e-07/1.10671e-08 s=5.45797e-07/8.51682e-08 projection_inf=4.943e-13 rho=23.8419 support=2/12248
ADMM_ITER round=2/4 iteration=1025/2000 objective=2.9561192620735042e-07 r=3.94957e-07/1.10671e-08 s=1.42244e-06/8.51705e-08 projection_inf=5.06433e-13 rho=23.8419 support=2/12248
ADMM_ITER round=2/4 iteration=1050/2000 objective=2.6373971346807366e-07 r=3.9662e-07/1.10671e-08 s=9.56842e-07/8.51728e-08 projection_inf=5.59168e-13 rho=23.8419 support=2/12248
ADMM_ITER round=2/4 iteration=1075/2000 objective=3.8034205639220555e-07 r=3.97865e-07/1.10671e-08 s=2.34476e-07/8.51751e-08 projection_inf=5.44232e-13 rho=23.8419 support=2/12248
ADMM_ITER round=2/4 iteration=1100/2000 objective=2.912934299986716e-07 r=3.95092e-07/1.10671e-08 s=1.0279e-06/8.51774e-08 projection_inf=4.73433e-13 rho=23.8419 support=2/12248
ADMM_ITER round=2/4 iteration=1125/2000 objective=2.8222065273334935e-07 r=3.95472e-07/1.10671e-08 s=8.24252e-07/8.51797e-08 projection_inf=5.19996e-13 rho=23.8419 support=2/12248
ADMM_ITER round=2/4 iteration=1150/2000 objective=3.6550762577170838e-07 r=3.96597e-07/1.10671e-08 s=3.79747e-08/8.5182e-08 projection_inf=4.7051e-13 rho=23.8419 support=2/12248
ADMM_ITER round=2/4 iteration=1175/2000 objective=2.8969688660254709e-07 r=3.95053e-07/1.10671e-08 s=1.42804e-06/8.51865e-08 projection_inf=2.73286e-13 rho=47.6837 support=2/12248
ADMM_ITER round=2/4 iteration=1200/2000 objective=2.9615421496548707e-07 r=3.94857e-07/1.10671e-08 s=1.38434e-06/8.51912e-08 projection_inf=2.61176e-13 rho=47.6837 support=2/12248
ADMM_ITER round=2/4 iteration=1225/2000 objective=3.5286114029083824e-07 r=3.95685e-07/1.10671e-08 s=1.84752e-07/8.51957e-08 projection_inf=2.66901e-13 rho=47.6837 support=2/12248
ADMM_ITER round=2/4 iteration=1250/2000 objective=2.9127043179715627e-07 r=3.95e-07/1.10671e-08 s=9.68141e-07/8.52003e-08 projection_inf=2.45878e-13 rho=47.6837 support=2/12248
ADMM_ITER round=2/4 iteration=1275/2000 objective=3.0514122307274852e-07 r=3.94679e-07/1.10671e-08 s=1.11341e-06/8.52049e-08 projection_inf=2.69617e-13 rho=47.6837 support=2/12248
ADMM_ITER round=2/4 iteration=1300/2000 objective=3.4263237162648263e-07 r=3.95193e-07/1.10671e-08 s=2.98626e-07/8.52095e-08 projection_inf=2.44562e-13 rho=47.6837 support=2/12248
ADMM_ITER round=2/4 iteration=1325/2000 objective=2.9392957433663215e-07 r=3.94917e-07/1.10671e-08 s=6.29924e-07/8.52141e-08 projection_inf=2.54069e-13 rho=47.6837 support=2/12248
ADMM_ITER round=2/4 iteration=1350/2000 objective=3.1102199442335672e-07 r=3.94626e-07/1.10671e-08 s=8.72828e-07/8.52187e-08 projection_inf=2.4927e-13 rho=47.6837 support=2/12248
ADMM_ITER round=2/4 iteration=1375/2000 objective=3.3458771191254951e-07 r=3.94913e-07/1.10671e-08 s=3.41403e-07/8.52233e-08 projection_inf=2.66037e-13 rho=47.6837 support=2/12248
ADMM_ITER round=2/4 iteration=1400/2000 objective=2.9701118998282986e-07 r=3.94833e-07/1.10671e-08 s=3.87438e-07/8.52279e-08 projection_inf=2.84475e-13 rho=47.6837 support=2/12248
ADMM_ITER round=2/4 iteration=1425/2000 objective=3.1466086256890708e-07 r=3.94618e-07/1.10671e-08 s=6.68015e-07/8.52325e-08 projection_inf=2.39466e-13 rho=47.6837 support=2/12248
ADMM_ITER round=2/4 iteration=1450/2000 objective=3.2841653371485991e-07 r=3.94761e-07/1.10671e-08 s=3.40025e-07/8.5237e-08 projection_inf=2.98335e-13 rho=47.6837 support=2/12248
ADMM_ITER round=2/4 iteration=1475/2000 objective=3.0010171076217735e-07 r=3.94764e-07/1.10671e-08 s=2.18471e-07/8.52416e-08 projection_inf=2.70369e-13 rho=47.6837 support=2/12248
ADMM_ITER round=2/4 iteration=1500/2000 objective=3.1673053606677514e-07 r=3.94622e-07/1.10671e-08 s=4.99364e-07/8.52462e-08 projection_inf=2.75648e-13 rho=47.6837 support=2/12248
ADMM_ITER round=2/4 iteration=1525/2000 objective=3.237942760646975e-07 r=3.94682e-07/1.10671e-08 s=3.13353e-07/8.52508e-08 projection_inf=2.38174e-13 rho=47.6837 support=2/12248
ADMM_ITER round=2/4 iteration=1550/2000 objective=3.0296238481340201e-07 r=3.94711e-07/1.10671e-08 s=1.04653e-07/8.52554e-08 projection_inf=2.34485e-13 rho=47.6837 support=2/12248
ADMM_ITER round=2/4 iteration=1575/2000 objective=3.1773912864247174e-07 r=3.94626e-07/1.10671e-08 s=3.64348e-07/8.526e-08 projection_inf=2.73846e-13 rho=47.6837 support=2/12248
ADMM_ITER round=2/4 iteration=1600/2000 objective=3.2041527598526022e-07 r=3.94645e-07/1.10671e-08 s=2.74163e-07/8.52646e-08 projection_inf=2.69975e-13 rho=47.6837 support=2/12248
ADMM_ITER round=2/4 iteration=1625/2000 objective=3.0547324992758501e-07 r=3.94675e-07/1.10671e-08 s=3.1219e-08/8.52691e-08 projection_inf=2.72879e-13 rho=47.6837 support=2/12248
ADMM_ITER round=2/4 iteration=1650/2000 objective=3.1835788659286251e-07 r=3.94581e-07/1.10671e-08 s=5.01427e-07/8.52783e-08 projection_inf=1.22355e-13 rho=95.3674 support=2/12248
ADMM_ITER round=2/4 iteration=1675/2000 objective=3.1764684841390386e-07 r=3.94578e-07/1.10671e-08 s=4.71127e-07/8.52875e-08 projection_inf=1.26132e-13 rho=95.3674 support=2/12248
ADMM_ITER round=2/4 iteration=1700/2000 objective=3.0763376933391926e-07 r=3.94602e-07/1.10671e-08 s=5.00405e-08/8.52967e-08 projection_inf=1.32229e-13 rho=95.3674 support=2/12248
ADMM_ITER round=2/4 iteration=1725/2000 objective=3.1815281597580437e-07 r=3.9458e-07/1.10671e-08 s=3.42206e-07/8.53059e-08 projection_inf=1.32854e-13 rho=95.3674 support=2/12248
ADMM_ITER round=2/4 iteration=1750/2000 objective=3.1605252163307519e-07 r=3.94572e-07/1.10671e-08 s=3.80862e-07/8.5315e-08 projection_inf=1.30752e-13 rho=95.3674 support=2/12248
ADMM_ITER round=2/4 iteration=1775/2000 objective=3.0938562872717452e-07 r=3.94587e-07/1.10671e-08 s=9.29729e-08/8.53242e-08 projection_inf=1.19019e-13 rho=95.3674 support=2/12248
ADMM_ITER round=2/4 iteration=1800/2000 objective=3.1774197185911665e-07 r=3.94578e-07/1.10671e-08 s=2.24576e-07/8.53334e-08 projection_inf=1.37872e-13 rho=95.3674 support=2/12248
ADMM_ITER round=2/4 iteration=1825/2000 objective=3.150025921815733e-07 r=3.9457e-07/1.10671e-08 s=2.99954e-07/8.53425e-08 projection_inf=1.52679e-13 rho=95.3674 support=2/12248
ADMM_ITER round=2/4 iteration=1850/2000 objective=3.1076843494681894e-07 r=3.94579e-07/1.10671e-08 s=1.10592e-07/8.53517e-08 projection_inf=1.36634e-13 rho=95.3674 support=2/12248
ADMM_ITER round=2/4 iteration=1875/2000 objective=3.1724430765992835e-07 r=3.94576e-07/1.10671e-08 s=1.39822e-07/8.53609e-08 projection_inf=1.42556e-13 rho=95.3674 support=2/12248
ADMM_ITER round=2/4 iteration=1900/2000 objective=3.1434585427966545e-07 r=3.9457e-07/1.10671e-08 s=2.30586e-07/8.53701e-08 projection_inf=1.17807e-13 rho=95.3674 support=2/12248
ADMM_ITER round=2/4 iteration=1925/2000 objective=3.1183348226069412e-07 r=3.94574e-07/1.10671e-08 s=1.12309e-07/8.53792e-08 projection_inf=1.23916e-13 rho=95.3674 support=2/12248
ADMM_ITER round=2/4 iteration=1950/2000 objective=3.16734674774065e-07 r=3.94574e-07/1.10671e-08 s=8.04295e-08/8.53884e-08 projection_inf=1.19025e-13 rho=95.3674 support=2/12248
ADMM_ITER round=2/4 iteration=1975/2000 objective=3.1396531767764468e-07 r=3.9457e-07/1.10671e-08 s=1.73136e-07/8.53976e-08 projection_inf=1.52106e-13 rho=95.3674 support=2/12248
ADMM_ITER round=2/4 iteration=2000/2000 objective=3.1263461702859295e-07 r=3.94572e-07/1.10671e-08 s=1.04749e-07/8.54068e-08 projection_inf=1.33377e-13 rho=95.3674 support=2/12248
ADMM_ITER round=3/4 iteration=1/2000 objective=0 r=2.19015e-06/1.10671e-08 s=0.000205442/1.10692e-08 projection_inf=6.21556e-19 rho=95.3674 support=0/12248
ADMM_ITER round=3/4 iteration=25/2000 objective=0 r=4.40869e-07/1.10671e-08 s=0/1.10725e-08 projection_inf=1.90681e-17 rho=47.6837 support=0/12248
ADMM_ITER round=3/4 iteration=50/2000 objective=0 r=4.40869e-07/1.10671e-08 s=0/1.1083e-08 projection_inf=2.61616e-17 rho=95.3674 support=0/12248
ADMM_ITER round=3/4 iteration=75/2000 objective=0 r=4.40869e-07/1.10671e-08 s=0/1.11041e-08 projection_inf=3.25944e-17 rho=190.735 support=0/12248
ADMM_ITER round=3/4 iteration=100/2000 objective=0 r=4.40869e-07/1.10671e-08 s=0/1.11461e-08 projection_inf=3.05061e-17 rho=381.47 support=0/12248
ADMM_ITER round=3/4 iteration=125/2000 objective=0 r=4.40869e-07/1.10671e-08 s=0/1.12302e-08 projection_inf=3.21099e-17 rho=762.939 support=0/12248
ADMM_ITER round=3/4 iteration=150/2000 objective=0 r=4.40869e-07/1.10671e-08 s=0/1.13984e-08 projection_inf=3.28008e-17 rho=1525.88 support=0/12248
ADMM_ITER round=3/4 iteration=175/2000 objective=0 r=4.40869e-07/1.10671e-08 s=0/1.17347e-08 projection_inf=3.58635e-17 rho=3051.76 support=0/12248
ADMM_ITER round=3/4 iteration=200/2000 objective=0 r=4.40869e-07/1.10671e-08 s=0/1.24074e-08 projection_inf=3.20565e-17 rho=6103.52 support=0/12248
ADMM_ITER round=3/4 iteration=225/2000 objective=0 r=4.40869e-07/1.10671e-08 s=0/1.37529e-08 projection_inf=3.50164e-17 rho=12207 support=0/12248
ADMM_ITER round=3/4 iteration=250/2000 objective=0 r=4.40869e-07/1.10671e-08 s=0/1.64437e-08 projection_inf=3.56346e-17 rho=24414.1 support=0/12248
ADMM_ITER round=3/4 iteration=275/2000 objective=0 r=4.40869e-07/1.10671e-08 s=0/2.18254e-08 projection_inf=3.49308e-17 rho=48828.1 support=0/12248
ADMM_ITER round=3/4 iteration=300/2000 objective=0 r=4.40869e-07/1.10671e-08 s=0/3.25888e-08 projection_inf=3.99352e-17 rho=97656.2 support=0/12248
ADMM_ITER round=3/4 iteration=325/2000 objective=0 r=4.40869e-07/1.10671e-08 s=0/5.41156e-08 projection_inf=3.21287e-17 rho=195312 support=0/12248
ADMM_ITER round=3/4 iteration=350/2000 objective=0 r=4.40869e-07/1.10671e-08 s=0/9.71692e-08 projection_inf=3.47881e-17 rho=390625 support=0/12248
ADMM_ITER round=3/4 iteration=375/2000 objective=0 r=4.40869e-07/1.10671e-08 s=0/1.83276e-07 projection_inf=3.63593e-17 rho=781250 support=0/12248
ADMM_ITER round=3/4 iteration=400/2000 objective=1.1773070171050466e-06 r=4.1841e-07/1.10671e-08 s=0.199358/3.4858e-07 projection_inf=3.64818e-17 rho=1.5625e+06 support=1/12248
ADMM_ITER round=3/4 iteration=425/2000 objective=5.1709630403041423e-06 r=4.54308e-07/1.10671e-08 s=0.0805586/4.1389e-07 projection_inf=8.58476e-17 rho=781250 support=2/12248
ADMM_ITER round=3/4 iteration=450/2000 objective=1.578541429853999e-07 r=4.37506e-07/1.10671e-08 s=0.0188785/4.52496e-07 projection_inf=1.70187e-16 rho=390625 support=1/12248
ADMM_ITER round=3/4 iteration=475/2000 objective=1.8023625613506466e-06 r=3.97814e-07/1.10671e-08 s=0.034435/4.72011e-07 projection_inf=3.84609e-16 rho=195312 support=2/12248
ADMM_ITER round=3/4 iteration=500/2000 objective=5.7343283554643121e-06 r=4.81314e-07/1.10671e-08 s=0.0134147/4.80386e-07 projection_inf=7.43223e-16 rho=97656.2 support=2/12248
ADMM_ITER round=3/4 iteration=525/2000 objective=8.2237657919856964e-09 r=4.40704e-07/1.10671e-08 s=0.000286193/4.85172e-07 projection_inf=1.45502e-15 rho=48828.1 support=1/12248
ADMM_ITER round=3/4 iteration=550/2000 objective=1.2487291523340887e-06 r=4.19911e-07/1.10671e-08 s=0.00271008/4.87678e-07 projection_inf=3.15532e-15 rho=24414.1 support=2/12248
ADMM_ITER round=3/4 iteration=575/2000 objective=4.911818324134315e-06 r=4.47532e-07/1.10671e-08 s=0.000917476/4.88823e-07 projection_inf=7.00855e-15 rho=12207 support=2/12248
ADMM_ITER round=3/4 iteration=600/2000 objective=9.4816046230811546e-07 r=4.14819e-07/1.10671e-08 s=0.00106528/4.89363e-07 projection_inf=1.32406e-14 rho=6103.52 support=2/12248
ADMM_ITER round=3/4 iteration=625/2000 objective=1.3247441167860867e-06 r=4.35334e-07/1.10671e-08 s=9.4643e-05/4.89679e-07 projection_inf=2.52298e-14 rho=3051.76 support=2/12248
ADMM_ITER round=3/4 iteration=650/2000 objective=3.3752595990940361e-06 r=4.05416e-07/1.10671e-08 s=0.000212081/4.8983e-07 projection_inf=5.8306e-14 rho=1525.88 support=2/12248
ADMM_ITER round=3/4 iteration=675/2000 objective=3.0916955480998761e-06 r=4.27442e-07/1.10671e-08 s=0.000148389/4.89893e-07 projection_inf=9.78997e-14 rho=762.939 support=2/12248
ADMM_ITER round=3/4 iteration=700/2000 objective=1.3004844217715032e-06 r=4.3541e-07/1.10671e-08 s=1.1181e-05/4.89933e-07 projection_inf=2.26218e-13 rho=381.47 support=1/12248
ADMM_ITER round=3/4 iteration=725/2000 objective=7.3775698870176043e-07 r=4.17174e-07/1.10671e-08 s=2.22136e-05/4.89952e-07 projection_inf=4.49043e-13 rho=190.735 support=2/12248
ADMM_ITER round=3/4 iteration=750/2000 objective=4.8872702320216428e-06 r=4.61868e-07/1.10671e-08 s=4.00577e-06/4.89961e-07 projection_inf=8.92589e-13 rho=95.3674 support=2/12248
ADMM_ITER round=3/4 iteration=775/2000 objective=1.1562896123539224e-06 r=4.17621e-07/1.10671e-08 s=1.65621e-05/4.89969e-07 projection_inf=9.13993e-13 rho=95.3674 support=2/12248
ADMM_ITER round=3/4 iteration=800/2000 objective=8.7652106705619891e-07 r=4.30601e-07/1.10671e-08 s=1.49367e-06/4.89974e-07 projection_inf=1.50252e-12 rho=47.6837 support=2/12248
ADMM_ITER round=3/4 iteration=825/2000 objective=3.3321409901296194e-06 r=4.09534e-07/1.10671e-08 s=5.51054e-06/4.89979e-07 projection_inf=1.62218e-12 rho=47.6837 support=2/12248
ADMM_ITER round=3/4 iteration=850/2000 objective=3.5411838300357389e-06 r=4.14676e-07/1.10671e-08 s=4.67713e-06/4.89981e-07 projection_inf=3.00591e-12 rho=23.8419 support=2/12248
ADMM_ITER round=3/4 iteration=875/2000 objective=8.7468381975303297e-07 r=4.33798e-07/1.10671e-08 s=7.39192e-07/4.89982e-07 projection_inf=7.20462e-12 rho=11.9209 support=1/12248
ADMM_ITER round=3/4 iteration=900/2000 objective=1.8878725422386112e-06 r=4.01002e-07/1.10671e-08 s=1.88989e-06/4.89984e-07 projection_inf=6.26778e-12 rho=11.9209 support=2/12248
ADMM_ITER round=3/4 iteration=925/2000 objective=3.8495333382417082e-06 r=4.17502e-07/1.10671e-08 s=9.04599e-07/4.89985e-07 projection_inf=6.39902e-12 rho=11.9209 support=2/12248
ADMM_ITER round=3/4 iteration=950/2000 objective=1.2856987658145347e-06 r=4.13897e-07/1.10671e-08 s=7.94931e-07/4.89986e-07 projection_inf=6.36595e-12 rho=11.9209 support=2/12248
ADMM_ITER round=3/4 iteration=975/2000 objective=2.3555586200487287e-06 r=3.97778e-07/1.10671e-08 s=1.4219e-06/4.89987e-07 projection_inf=6.413e-12 rho=11.9209 support=2/12248
ADMM_ITER round=3/4 iteration=1000/2000 objective=3.3086695044963326e-06 r=4.06429e-07/1.10671e-08 s=8.13869e-07/4.89988e-07 projection_inf=6.83568e-12 rho=11.9209 support=2/12248
ADMM_ITER round=3/4 iteration=1025/2000 objective=1.475358447356037e-06 r=4.08195e-07/1.10671e-08 s=3.98811e-07/4.89989e-07 projection_inf=6.80625e-12 rho=11.9209 support=2/12248
ADMM_ITER round=3/4 iteration=1050/2000 objective=2.5573554586553814e-06 r=3.97834e-07/1.10671e-08 s=1.0498e-06/4.8999e-07 projection_inf=6.89932e-12 rho=11.9209 support=2/12248
ADMM_ITER round=3/4 iteration=1075/2000 objective=2.9703611405200346e-06 r=4.01173e-07/1.10671e-08 s=7.22913e-07/4.89991e-07 projection_inf=6.80197e-12 rho=11.9209 support=2/12248
ADMM_ITER round=3/4 iteration=1100/2000 objective=1.6592497213076263e-06 r=4.04064e-07/1.10671e-08 s=1.61803e-07/4.89993e-07 projection_inf=6.21553e-12 rho=11.9209 support=2/12248
ADMM_ITER round=3/4 iteration=1125/2000 objective=2.6359056017714127e-06 r=3.98071e-07/1.10671e-08 s=7.56396e-07/4.89994e-07 projection_inf=6.26426e-12 rho=11.9209 support=2/12248
ADMM_ITER round=3/4 iteration=1150/2000 objective=2.7453164892082386e-06 r=3.98736e-07/1.10671e-08 s=6.18938e-07/4.89995e-07 projection_inf=6.41903e-12 rho=11.9209 support=2/12248
ADMM_ITER round=3/4 iteration=1175/2000 objective=1.823205888261321e-06 r=4.01271e-07/1.10671e-08 s=1.97886e-08/4.89996e-07 projection_inf=7.38578e-12 rho=11.9209 support=2/12248
ADMM_ITER round=3/4 iteration=1200/2000 objective=2.654004665195063e-06 r=3.96776e-07/1.10671e-08 s=1.04595e-06/4.89998e-07 projection_inf=3.10929e-12 rho=23.8419 support=2/12248
ADMM_ITER round=3/4 iteration=1225/2000 objective=2.5803925590451559e-06 r=3.96306e-07/1.10671e-08 s=1.02391e-06/4.90001e-07 projection_inf=3.01225e-12 rho=23.8419 support=2/12248
ADMM_ITER round=3/4 iteration=1250/2000 objective=1.9607293358832656e-06 r=3.98106e-07/1.10671e-08 s=1.45198e-07/4.90003e-07 projection_inf=3.32775e-12 rho=23.8419 support=2/12248
ADMM_ITER round=3/4 iteration=1275/2000 objective=2.6381895560585726e-06 r=3.9665e-07/1.10671e-08 s=7.07604e-07/4.90005e-07 projection_inf=3.48284e-12 rho=23.8419 support=2/12248
ADMM_ITER round=3/4 iteration=1300/2000 objective=2.4814671912101937e-06 r=3.95932e-07/1.10671e-08 s=8.222e-07/4.90007e-07 projection_inf=3.18161e-12 rho=23.8419 support=2/12248
ADMM_ITER round=3/4 iteration=1325/2000 objective=2.0727872647354358e-06 r=3.97045e-07/1.10671e-08 s=2.2661e-07/4.9001e-07 projection_inf=3.81395e-12 rho=23.8419 support=2/12248
ADMM_ITER round=3/4 iteration=1350/2000 objective=2.6089265422811798e-06 r=3.96464e-07/1.10671e-08 s=4.59132e-07/4.90012e-07 projection_inf=3.04825e-12 rho=23.8419 support=2/12248
ADMM_ITER round=3/4 iteration=1375/2000 objective=2.4171749846649973e-06 r=3.95823e-07/1.10671e-08 s=6.43619e-07/4.90014e-07 projection_inf=3.03741e-12 rho=23.8419 support=2/12248
ADMM_ITER round=3/4 iteration=1400/2000 objective=2.1611520815360049e-06 r=3.9644e-07/1.10671e-08 s=2.56216e-07/4.90017e-07 projection_inf=3.30849e-12 rho=23.8419 support=2/12248
ADMM_ITER round=3/4 iteration=1425/2000 objective=2.5746517918603892e-06 r=3.96279e-07/1.10671e-08 s=2.81266e-07/4.90019e-07 projection_inf=3.15502e-12 rho=23.8419 support=2/12248
ADMM_ITER round=3/4 iteration=1450/2000 objective=2.3776169741130432e-06 r=3.95809e-07/1.10671e-08 s=4.91915e-07/4.90021e-07 projection_inf=3.20266e-12 rho=23.8419 support=2/12248
ADMM_ITER round=3/4 iteration=1475/2000 objective=2.2289747491336609e-06 r=3.96113e-07/1.10671e-08 s=2.53746e-07/4.90023e-07 projection_inf=3.49576e-12 rho=23.8419 support=2/12248
ADMM_ITER round=3/4 iteration=1500/2000 objective=2.5402693175189386e-06 r=3.96125e-07/1.10671e-08 s=1.5755e-07/4.90026e-07 projection_inf=3.40127e-12 rho=23.8419 support=2/12248
ADMM_ITER round=3/4 iteration=1525/2000 objective=2.3552783315000014e-06 r=3.95818e-07/1.10671e-08 s=3.67215e-07/4.90028e-07 projection_inf=3.44572e-12 rho=23.8419 support=2/12248
ADMM_ITER round=3/4 iteration=1550/2000 objective=2.2797497458171737e-06 r=3.95945e-07/1.10671e-08 s=2.33013e-07/4.9003e-07 projection_inf=3.65109e-12 rho=23.8419 support=2/12248
ADMM_ITER round=3/4 iteration=1575/2000 objective=2.5084979629233652e-06 r=3.9601e-07/1.10671e-08 s=7.43971e-08/4.90032e-07 projection_inf=3.88859e-12 rho=23.8419 support=2/12248
ADMM_ITER round=3/4 iteration=1600/2000 objective=2.3445398276723044e-06 r=3.95827e-07/1.10671e-08 s=2.67539e-07/4.90035e-07 projection_inf=3.25331e-12 rho=23.8419 support=2/12248
ADMM_ITER round=3/4 iteration=1625/2000 objective=2.3168301461011271e-06 r=3.95864e-07/1.10671e-08 s=2.03353e-07/4.90037e-07 projection_inf=3.87531e-12 rho=23.8419 support=2/12248
ADMM_ITER round=3/4 iteration=1650/2000 objective=2.4806645480712155e-06 r=3.9593e-07/1.10671e-08 s=2.09044e-08/4.90039e-07 projection_inf=3.34382e-12 rho=23.8419 support=2/12248
ADMM_ITER round=3/4 iteration=1675/2000 objective=2.3345339614285192e-06 r=3.95183e-07/1.10671e-08 s=3.75834e-07/4.90044e-07 projection_inf=1.55961e-12 rho=47.6837 support=2/12248
ADMM_ITER round=3/4 iteration=1700/2000 objective=2.343393026206971e-06 r=3.95173e-07/1.10671e-08 s=3.55196e-07/4.90048e-07 projection_inf=1.64595e-12 rho=47.6837 support=2/12248
ADMM_ITER round=3/4 iteration=1725/2000 objective=2.4558887119146057e-06 r=3.95228e-07/1.10671e-08 s=3.95637e-08/4.90053e-07 projection_inf=1.75336e-12 rho=47.6837 support=2/12248
ADMM_ITER round=3/4 iteration=1750/2000 objective=2.3371261317878195e-06 r=3.9518e-07/1.10671e-08 s=2.56176e-07/4.90057e-07 projection_inf=1.5595e-12 rho=47.6837 support=2/12248
ADMM_ITER round=3/4 iteration=1775/2000 objective=2.3613421486100312e-06 r=3.95161e-07/1.10671e-08 s=2.86862e-07/4.90062e-07 projection_inf=1.61798e-12 rho=47.6837 support=2/12248
ADMM_ITER round=3/4 iteration=1800/2000 objective=2.4360168397388984e-06 r=3.95195e-07/1.10671e-08 s=7.13332e-08/4.90067e-07 projection_inf=1.75191e-12 rho=47.6837 support=2/12248
ADMM_ITER round=3/4 iteration=1825/2000 objective=2.3418891771374679e-06 r=3.95175e-07/1.10671e-08 s=1.67853e-07/4.90071e-07 projection_inf=1.77925e-12 rho=47.6837 support=2/12248
ADMM_ITER round=3/4 iteration=1850/2000 objective=2.3731152583943102e-06 r=3.95157e-07/1.10671e-08 s=2.25725e-07/4.90076e-07 projection_inf=1.69234e-12 rho=47.6837 support=2/12248
ADMM_ITER round=3/4 iteration=1875/2000 objective=2.4204101058234722e-06 r=3.95176e-07/1.10671e-08 s=8.41773e-08/4.9008e-07 projection_inf=1.60466e-12 rho=47.6837 support=2/12248
ADMM_ITER round=3/4 iteration=1900/2000 objective=2.3475678885843822e-06 r=3.9517e-07/1.10671e-08 s=1.04275e-07/4.90085e-07 projection_inf=1.48478e-12 rho=47.6837 support=2/12248
ADMM_ITER round=3/4 iteration=1925/2000 objective=2.3804536775862009e-06 r=3.95156e-07/1.10671e-08 s=1.73379e-07/4.90089e-07 projection_inf=1.83441e-12 rho=47.6837 support=2/12248
ADMM_ITER round=3/4 iteration=1950/2000 objective=2.40842133341931e-06 r=3.95166e-07/1.10671e-08 s=8.51598e-08/4.90094e-07 projection_inf=1.67278e-12 rho=47.6837 support=2/12248
ADMM_ITER round=3/4 iteration=1975/2000 objective=2.3533499255714674e-06 r=3.95165e-07/1.10671e-08 s=5.97679e-08/4.90098e-07 projection_inf=1.53685e-12 rho=47.6837 support=2/12248
ADMM_ITER round=3/4 iteration=2000/2000 objective=2.3846885587783835e-06 r=3.95156e-07/1.10671e-08 s=1.30074e-07/4.90103e-07 projection_inf=1.55123e-12 rho=47.6837 support=2/12248
ADMM_ITER round=4/4 iteration=1/2000 objective=0 r=2.21056e-06/1.10671e-08 s=0.000103718/1.10681e-08 projection_inf=6.41665e-19 rho=47.6837 support=0/12248
ADMM_ITER round=4/4 iteration=25/2000 objective=0 r=4.40869e-07/1.10671e-08 s=0/1.10698e-08 projection_inf=1.74086e-17 rho=23.8419 support=0/12248
ADMM_ITER round=4/4 iteration=50/2000 objective=0 r=4.40869e-07/1.10671e-08 s=0/1.10751e-08 projection_inf=2.84594e-17 rho=47.6837 support=0/12248
ADMM_ITER round=4/4 iteration=75/2000 objective=0 r=4.40869e-07/1.10671e-08 s=0/1.10856e-08 projection_inf=3.15495e-17 rho=95.3674 support=0/12248
ADMM_ITER round=4/4 iteration=100/2000 objective=0 r=4.40869e-07/1.10671e-08 s=0/1.11066e-08 projection_inf=3.2873e-17 rho=190.735 support=0/12248
ADMM_ITER round=4/4 iteration=125/2000 objective=0 r=4.40869e-07/1.10671e-08 s=0/1.11486e-08 projection_inf=3.77478e-17 rho=381.47 support=0/12248
ADMM_ITER round=4/4 iteration=150/2000 objective=0 r=4.40869e-07/1.10671e-08 s=0/1.12327e-08 projection_inf=3.53432e-17 rho=762.939 support=0/12248
ADMM_ITER round=4/4 iteration=175/2000 objective=0 r=4.40869e-07/1.10671e-08 s=0/1.14009e-08 projection_inf=3.45779e-17 rho=1525.88 support=0/12248
ADMM_ITER round=4/4 iteration=200/2000 objective=0 r=4.40869e-07/1.10671e-08 s=0/1.17373e-08 projection_inf=3.28352e-17 rho=3051.76 support=0/12248
ADMM_ITER round=4/4 iteration=225/2000 objective=0 r=4.40869e-07/1.10671e-08 s=0/1.241e-08 projection_inf=3.49419e-17 rho=6103.52 support=0/12248
ADMM_ITER round=4/4 iteration=250/2000 objective=0 r=4.40869e-07/1.10671e-08 s=0/1.37554e-08 projection_inf=3.78989e-17 rho=12207 support=0/12248
ADMM_ITER round=4/4 iteration=275/2000 objective=0 r=4.40869e-07/1.10671e-08 s=0/1.64462e-08 projection_inf=3.51374e-17 rho=24414.1 support=0/12248
ADMM_ITER round=4/4 iteration=300/2000 objective=0 r=4.40869e-07/1.10671e-08 s=0/2.18279e-08 projection_inf=4.01359e-17 rho=48828.1 support=0/12248
ADMM_ITER round=4/4 iteration=325/2000 objective=0 r=4.40869e-07/1.10671e-08 s=0/3.25914e-08 projection_inf=4.00199e-17 rho=97656.2 support=0/12248
ADMM_ITER round=4/4 iteration=350/2000 objective=0 r=4.40869e-07/1.10671e-08 s=0/5.41182e-08 projection_inf=3.85154e-17 rho=195312 support=0/12248
ADMM_ITER round=4/4 iteration=375/2000 objective=0 r=4.40869e-07/1.10671e-08 s=0/9.71718e-08 projection_inf=3.87275e-17 rho=390625 support=0/12248
ADMM_ITER round=4/4 iteration=400/2000 objective=0 r=4.40869e-07/1.10671e-08 s=0/1.83279e-07 projection_inf=3.44418e-17 rho=781250 support=0/12248
ADMM_ITER round=4/4 iteration=425/2000 objective=1.1810361413961549e-06 r=4.18511e-07/1.10671e-08 s=0.198726/3.48501e-07 projection_inf=3.51234e-17 rho=1.5625e+06 support=1/12248
ADMM_ITER round=4/4 iteration=450/2000 objective=5.1558407316376408e-06 r=4.5387e-07/1.10671e-08 s=0.0809006/4.1387e-07 projection_inf=9.13524e-17 rho=781250 support=2/12248
ADMM_ITER round=4/4 iteration=475/2000 objective=1.554798922446122e-07 r=4.3756e-07/1.10671e-08 s=0.0187229/4.5249e-07 projection_inf=1.66493e-16 rho=390625 support=1/12248
ADMM_ITER round=4/4 iteration=500/2000 objective=1.8245974802732342e-06 r=3.97637e-07/1.10671e-08 s=0.0344815/4.71996e-07 projection_inf=3.93661e-16 rho=195312 support=2/12248
ADMM_ITER round=4/4 iteration=525/2000 objective=5.720723028998176e-06 r=4.80988e-07/1.10671e-08 s=0.0136219/4.80366e-07 projection_inf=7.20753e-16 rho=97656.2 support=2/12248
ADMM_ITER round=4/4 iteration=550/2000 objective=8.8129106923900762e-09 r=4.40696e-07/1.10671e-08 s=0.000306227/4.85156e-07 projection_inf=1.67031e-15 rho=48828.1 support=1/12248
ADMM_ITER round=4/4 iteration=575/2000 objective=1.2366672158217926e-06 r=4.20284e-07/1.10671e-08 s=0.00268113/4.87661e-07 projection_inf=3.0949e-15 rho=24414.1 support=2/12248
ADMM_ITER round=4/4 iteration=600/2000 objective=4.8880180821873787e-06 r=4.46682e-07/1.10671e-08 s=0.000928009/4.88808e-07 projection_inf=6.21749e-15 rho=12207 support=2/12248
ADMM_ITER round=4/4 iteration=625/2000 objective=9.9408324730440971e-07 r=4.14152e-07/1.10671e-08 s=0.0010714/4.89348e-07 projection_inf=1.23569e-14 rho=6103.52 support=2/12248
ADMM_ITER round=4/4 iteration=650/2000 objective=1.3232893830748775e-06 r=4.35357e-07/1.10671e-08 s=9.15996e-05/4.89663e-07 projection_inf=2.46352e-14 rho=3051.76 support=2/12248
ADMM_ITER round=4/4 iteration=675/2000 objective=3.3162863786045895e-06 r=4.04257e-07/1.10671e-08 s=0.000216713/4.89815e-07 projection_inf=5.23838e-14 rho=1525.88 support=2/12248
ADMM_ITER round=4/4 iteration=700/2000 objective=3.1703594878808273e-06 r=4.3004e-07/1.10671e-08 s=0.00014818/4.89878e-07 projection_inf=1.05198e-13 rho=762.939 support=2/12248
ADMM_ITER round=4/4 iteration=725/2000 objective=1.2849629270452672e-06 r=4.3512e-07/1.10671e-08 s=1.12768e-05/4.89917e-07 projection_inf=2.20085e-13 rho=381.47 support=1/12248
ADMM_ITER round=4/4 iteration=750/2000 objective=6.816456855512251e-07 r=4.1905e-07/1.10671e-08 s=2.09882e-05/4.89937e-07 projection_inf=4.38187e-13 rho=190.735 support=2/12248
ADMM_ITER round=4/4 iteration=775/2000 objective=4.827831949068189e-06 r=4.58711e-07/1.10671e-08 s=3.32909e-06/4.89945e-07 projection_inf=7.57539e-13 rho=95.3674 support=2/12248
ADMM_ITER round=4/4 iteration=800/2000 objective=1.2632773594129946e-06 r=4.13765e-07/1.10671e-08 s=1.66652e-05/4.89954e-07 projection_inf=9.25122e-13 rho=95.3674 support=2/12248
ADMM_ITER round=4/4 iteration=825/2000 objective=8.6449221554693306e-07 r=4.30823e-07/1.10671e-08 s=1.39989e-06/4.89959e-07 projection_inf=1.67374e-12 rho=47.6837 support=2/12248
ADMM_ITER round=4/4 iteration=850/2000 objective=3.2996428172287602e-06 r=4.09061e-07/1.10671e-08 s=5.60145e-06/4.89964e-07 projection_inf=1.73064e-12 rho=47.6837 support=2/12248
ADMM_ITER round=4/4 iteration=875/2000 objective=3.5911232091333256e-06 r=4.15875e-07/1.10671e-08 s=4.68845e-06/4.89966e-07 projection_inf=3.42317e-12 rho=23.8419 support=2/12248
ADMM_ITER round=4/4 iteration=900/2000 objective=8.6134303176127662e-07 r=4.33761e-07/1.10671e-08 s=7.53345e-07/4.89967e-07 projection_inf=6.17656e-12 rho=11.9209 support=1/12248
ADMM_ITER round=4/4 iteration=925/2000 objective=1.8544529784878091e-06 r=4.01094e-07/1.10671e-08 s=1.89141e-06/4.89968e-07 projection_inf=6.53487e-12 rho=11.9209 support=2/12248
ADMM_ITER round=4/4 iteration=950/2000 objective=3.8682783266422774e-06 r=4.18016e-07/1.10671e-08 s=8.756e-07/4.89969e-07 projection_inf=7.04232e-12 rho=11.9209 support=2/12248
ADMM_ITER round=4/4 iteration=975/2000 objective=1.2905957952668004e-06 r=4.13573e-07/1.10671e-08 s=8.22134e-07/4.8997e-07 projection_inf=7.22804e-12 rho=11.9209 support=2/12248
ADMM_ITER round=4/4 iteration=1000/2000 objective=2.3295424089065959e-06 r=3.97725e-07/1.10671e-08 s=1.42541e-06/4.89972e-07 projection_inf=6.83574e-12 rho=11.9209 support=2/12248
ADMM_ITER round=4/4 iteration=1025/2000 objective=3.3211065691931301e-06 r=4.06722e-07/1.10671e-08 s=7.94575e-07/4.89973e-07 projection_inf=6.40386e-12 rho=11.9209 support=2/12248
ADMM_ITER round=4/4 iteration=1050/2000 objective=1.4784913756825684e-06 r=4.08062e-07/1.10671e-08 s=4.20323e-07/4.89974e-07 projection_inf=6.62128e-12 rho=11.9209 support=2/12248
ADMM_ITER round=4/4 iteration=1075/2000 objective=2.5374627236923883e-06 r=3.97746e-07/1.10671e-08 s=1.05534e-06/4.89975e-07 projection_inf=6.66203e-12 rho=11.9209 support=2/12248
ADMM_ITER round=4/4 iteration=1100/2000 objective=2.9796918236434148e-06 r=4.01342e-07/1.10671e-08 s=7.10359e-07/4.89976e-07 projection_inf=6.11785e-12 rho=11.9209 support=2/12248
ADMM_ITER round=4/4 iteration=1125/2000 objective=1.6597888341627338e-06 r=4.04023e-07/1.10671e-08 s=1.78607e-07/4.89977e-07 projection_inf=6.08794e-12 rho=11.9209 support=2/12248
ADMM_ITER round=4/4 iteration=1150/2000 objective=2.6208223721674032e-06 r=3.97992e-07/1.10671e-08 s=7.62832e-07/4.89978e-07 projection_inf=7.14464e-12 rho=11.9209 support=2/12248
ADMM_ITER round=4/4 iteration=1175/2000 objective=2.7525503467310557e-06 r=3.98827e-07/1.10671e-08 s=6.11169e-07/4.8998e-07 projection_inf=6.56399e-12 rho=11.9209 support=2/12248
ADMM_ITER round=4/4 iteration=1200/2000 objective=1.821649100537606e-06 r=4.01271e-07/1.10671e-08 s=3.12938e-08/4.89981e-07 projection_inf=7.25979e-12 rho=11.9209 support=2/12248
ADMM_ITER round=4/4 iteration=1225/2000 objective=2.646829882335151e-06 r=3.96747e-07/1.10671e-08 s=1.05244e-06/4.89983e-07 projection_inf=3.62181e-12 rho=23.8419 support=2/12248
ADMM_ITER round=4/4 iteration=1250/2000 objective=2.5817420127815545e-06 r=3.96327e-07/1.10671e-08 s=1.01948e-06/4.89985e-07 projection_inf=3.03567e-12 rho=23.8419 support=2/12248
ADMM_ITER round=4/4 iteration=1275/2000 objective=1.9583982793021171e-06 r=3.98113e-07/1.10671e-08 s=1.35427e-07/4.89988e-07 projection_inf=3.35011e-12 rho=23.8419 support=2/12248
ADMM_ITER round=4/4 iteration=1300/2000 objective=2.6324016128160082e-06 r=3.96632e-07/1.10671e-08 s=7.13619e-07/4.8999e-07 projection_inf=3.27361e-12 rho=23.8419 support=2/12248
ADMM_ITER round=4/4 iteration=1325/2000 objective=2.482129982058901e-06 r=3.95941e-07/1.10671e-08 s=8.20032e-07/4.89992e-07 projection_inf=3.22802e-12 rho=23.8419 support=2/12248
ADMM_ITER round=4/4 iteration=1350/2000 objective=2.0699629946467714e-06 r=3.97052e-07/1.10671e-08 s=2.19457e-07/4.89994e-07 projection_inf=3.10086e-12 rho=23.8419 support=2/12248
ADMM_ITER round=4/4 iteration=1375/2000 objective=2.6041901327877819e-06 r=3.96454e-07/1.10671e-08 s=4.64419e-07/4.89997e-07 projection_inf=3.08887e-12 rho=23.8419 support=2/12248
ADMM_ITER round=4/4 iteration=1400/2000 objective=2.417221040796396e-06 r=3.95825e-07/1.10671e-08 s=6.42912e-07/4.89999e-07 projection_inf=3.13912e-12 rho=23.8419 support=2/12248
ADMM_ITER round=4/4 iteration=1425/2000 objective=2.1580582429349411e-06 r=3.96446e-07/1.10671e-08 s=2.51117e-07/4.90001e-07 projection_inf=3.52306e-12 rho=23.8419 support=2/12248
ADMM_ITER round=4/4 iteration=1450/2000 objective=2.5706922444543693e-06 r=3.96274e-07/1.10671e-08 s=2.85732e-07/4.90003e-07 projection_inf=3.1012e-12 rho=23.8419 support=2/12248
ADMM_ITER round=4/4 iteration=1475/2000 objective=2.3771226937383067e-06 r=3.95808e-07/1.10671e-08 s=4.92102e-07/4.90006e-07 projection_inf=3.18098e-12 rho=23.8419 support=2/12248
ADMM_ITER round=4/4 iteration=1500/2000 objective=2.2257684809389266e-06 r=3.96117e-07/1.10671e-08 s=2.50217e-07/4.90008e-07 projection_inf=3.12293e-12 rho=23.8419 support=2/12248
ADMM_ITER round=4/4 iteration=1525/2000 objective=2.5368700742169309e-06 r=3.96123e-07/1.10671e-08 s=1.61204e-07/4.9001e-07 projection_inf=3.53798e-12 rho=23.8419 support=2/12248
ADMM_ITER round=4/4 iteration=1550/2000 objective=2.3543236587236326e-06 r=3.95817e-07/1.10671e-08 s=3.67903e-07/4.90013e-07 projection_inf=3.11307e-12 rho=23.8419 support=2/12248
ADMM_ITER round=4/4 iteration=1575/2000 objective=2.2765332873514597e-06 r=3.95947e-07/1.10671e-08 s=2.30656e-07/4.90015e-07 projection_inf=3.13347e-12 rho=23.8419 support=2/12248
ADMM_ITER round=4/4 iteration=1600/2000 objective=2.5054905368156478e-06 r=3.96009e-07/1.10671e-08 s=7.73064e-08/4.90017e-07 projection_inf=3.88905e-12 rho=23.8419 support=2/12248
ADMM_ITER round=4/4 iteration=1625/2000 objective=2.3432064440343365e-06 r=3.95826e-07/1.10671e-08 s=2.68463e-07/4.90019e-07 projection_inf=3.10466e-12 rho=23.8419 support=2/12248
ADMM_ITER round=4/4 iteration=1650/2000 objective=2.3136629398278696e-06 r=3.95866e-07/1.10671e-08 s=2.0185e-07/4.90022e-07 projection_inf=3.34351e-12 rho=23.8419 support=2/12248
ADMM_ITER round=4/4 iteration=1675/2000 objective=2.4779235068056782e-06 r=3.9593e-07/1.10671e-08 s=2.31633e-08/4.90024e-07 projection_inf=3.42645e-12 rho=23.8419 support=2/12248
ADMM_ITER round=4/4 iteration=1700/2000 objective=2.3325461812206705e-06 r=3.95182e-07/1.10671e-08 s=3.76692e-07/4.90029e-07 projection_inf=1.70968e-12 rho=47.6837 support=2/12248
ADMM_ITER round=4/4 iteration=1725/2000 objective=2.3406603791265499e-06 r=3.95174e-07/1.10671e-08 s=3.54166e-07/4.90033e-07 projection_inf=1.52179e-12 rho=47.6837 support=2/12248
ADMM_ITER round=4/4 iteration=1750/2000 objective=2.4532673922321715e-06 r=3.95228e-07/1.10671e-08 s=3.78292e-08/4.90038e-07 projection_inf=1.66794e-12 rho=47.6837 support=2/12248
ADMM_ITER round=4/4 iteration=1775/2000 objective=2.3363064988186832e-06 r=3.94857e-07/1.10671e-08 s=5.39345e-07/4.90047e-07 projection_inf=8.69167e-13 rho=95.3674 support=2/12248
ADMM_ITER round=4/4 iteration=1800/2000 objective=2.3540986420396195e-06 r=3.94843e-07/1.10671e-08 s=5.66133e-07/4.90056e-07 projection_inf=7.6962e-13 rho=95.3674 support=2/12248
ADMM_ITER round=4/4 iteration=1825/2000 objective=2.4335168204434265e-06 r=3.94877e-07/1.10671e-08 s=1.12696e-07/4.90065e-07 projection_inf=9.79309e-13 rho=95.3674 support=2/12248
ADMM_ITER round=4/4 iteration=1850/2000 objective=2.340094804640052e-06 r=3.94854e-07/1.10671e-08 s=3.59101e-07/4.90074e-07 projection_inf=8.57163e-13 rho=95.3674 support=2/12248
ADMM_ITER round=4/4 iteration=1875/2000 objective=2.3666945379753099e-06 r=3.94838e-07/1.10671e-08 s=4.49717e-07/4.90083e-07 projection_inf=8.6221e-13 rho=95.3674 support=2/12248
ADMM_ITER round=4/4 iteration=1900/2000 objective=2.4179447190863663e-06 r=3.94858e-07/1.10671e-08 s=1.47183e-07/4.90092e-07 projection_inf=7.49031e-13 rho=95.3674 support=2/12248
ADMM_ITER round=4/4 iteration=1925/2000 objective=2.3450496301120525e-06 r=3.94849e-07/1.10671e-08 s=2.28098e-07/4.90101e-07 projection_inf=8.01381e-13 rho=95.3674 support=2/12248
ADMM_ITER round=4/4 iteration=1950/2000 objective=2.3747062987705163e-06 r=3.94836e-07/1.10671e-08 s=3.4853e-07/4.9011e-07 projection_inf=7.9865e-13 rho=95.3674 support=2/12248
ADMM_ITER round=4/4 iteration=1975/2000 objective=2.4059034268366166e-06 r=3.94847e-07/1.10671e-08 s=1.55818e-07/4.90119e-07 projection_inf=8.53666e-13 rho=95.3674 support=2/12248
ADMM_ITER round=4/4 iteration=2000/2000 objective=2.3503227294325975e-06 r=3.94845e-07/1.10671e-08 s=1.35384e-07/4.90128e-07 projection_inf=8.95457e-13 rho=95.3674 support=2/12248
{
  "schema": "max11-sparse-l1-admm-report-v1",
  "verdict": "CANDIDATES",
  "total_seconds": 26.96665974520147,
  "max_rss_kib": 211408
}
