Running HiGHS 1.15.1 (git hash: 04024d7): Copyright (c) 2026 under MIT licence terms
Includes third-party software components, see THIRD_PARTY_NOTICES.md for full details
LP has 2166 rows; 24496 cols; 19393360 nonzeros
Coefficient ranges:
  Matrix  [2e+00, 4e+06]
  Cost    [1e+00, 1e+00]
  Bound   [0e+00, 0e+00]
  RHS     [1e+00, 1e+00]
Presolving model
2166 rows, 24496 cols, 19393360 nonzeros 5s
2166 rows, 14404 cols, 13909576 nonzeros 12s
Dependent equations search running on 2166 equations with time limit of 1000.00s
Dependent equations search terminated after 79.2s due to expected time exceeding limit
2166 rows, 14404 cols, 13909576 nonzeros 95s
Presolve reductions: rows 2166(-0); columns 14404(-10092); nonzeros 13909576(-5483784) 
Solving the presolved LP
IPX model has 2166 rows, 14404 columns and 13909576 nonzeros
Input
    Number of variables:                                14404
    Number of free variables:                           0
    Number of constraints:                              2166
    Number of equality constraints:                     2166
    Number of matrix entries:                           13909576
    Matrix range:                                       [2e+00, 4e+06]
    RHS range:                                          [1e+00, 1e+00]
    Objective range:                                    [1e+00, 1e+00]
    Bounds range:                                       [0e+00, 0e+00]
Preprocessing
    Dualized model:                                     no
    Number of dense columns:                            0
    Range of scaling factors:                           [9.77e-04, 3.20e+01]
    Scaled cost norm:                                   0.000976562
    Scaled bounds norm:                                 0.000976562
IPX version 1.0
Interior point solve
 Iter       primal obj         dual obj       pinf       dinf       gap      time
   0   -6.08804931e-22   0.00000000e+00   1.50e+00   1.50e+00  6.09e-22     121.0
   1    2.10742242e+01   0.00000000e+00   2.59e-04   1.50e-06  1.83e+00     121.2
 Constructing starting basis...
 Iter       primal obj         dual obj       pinf       dinf       gap      time
 LU pivot tolerance tightened to 0.3
 LU pivot tolerance tightened to 0.9
   2    1.69310890e-02   0.00000000e+00   2.07e-07   1.50e-12  1.68e-02     216.6
   3    6.04009957e-03   7.78930318e-07   6.87e-08   5.52e-14  6.02e-03     229.2
   4    1.84482191e-03   6.71999461e-06   1.96e-08   4.55e-13  1.84e-03     245.0
   5    4.22416236e-04   1.83612242e-05   3.04e-09   1.04e-12  4.04e-04     265.4
   6    2.25669180e-04   2.67311195e-05   1.24e-09   2.02e-12  1.99e-04     289.0
   7    1.28631229e-04   3.26428259e-05   4.81e-10   2.19e-12  9.60e-05     312.2
   8    9.04368717e-05   3.62274761e-05   2.12e-10   2.81e-12  5.42e-05     343.2
   9    6.54128844e-05   3.76271320e-05   7.13e-11   2.87e-12  2.78e-05     373.8
  10    5.26311343e-05   3.91450132e-05   2.58e-11   4.86e-12  1.35e-05     394.4
  11    4.85557646e-05   3.99838226e-05   1.00e-11   4.30e-12  8.57e-06     423.5
  12    4.55196290e-05   4.05121162e-05   4.54e-12   2.95e-12  5.01e-06     441.9
  13    4.35911522e-05   4.08098061e-05   1.94e-12   3.89e-12  2.78e-06     459.1
  14    4.24926522e-05   4.09682642e-05   6.20e-13   4.61e-12  1.52e-06     484.7
  15    4.19767511e-05   4.10478784e-05   2.41e-13   4.27e-12  9.29e-07     499.1
  16    4.17328307e-05   4.10946288e-05   1.20e-13   3.64e-12  6.38e-07     523.0
  17    4.15251897e-05   4.11359870e-05   5.56e-14   5.69e-12  3.89e-07     537.2
  18    4.14548988e-05   4.11552650e-05   3.65e-14   5.24e-12  3.00e-07     550.9
  19    4.13264308e-05   4.11733109e-05   1.05e-14   4.99e-12  1.53e-07     564.8
  20    4.12892293e-05   4.11803812e-05   6.84e-15   4.38e-12  1.09e-07     578.9
  21    4.12519279e-05   4.11845845e-05   3.67e-15   5.40e-12  6.73e-08     591.2
  22    4.12371109e-05   4.11877007e-05   2.56e-15   7.42e-12  4.94e-08     603.5
  23    4.12182429e-05   4.11896230e-05   7.56e-16   6.83e-12  2.86e-08     614.9
  24*   4.12007826e-05   4.11913362e-05   4.12e-16   5.51e-12  9.45e-09     627.0
  25*   4.11965233e-05   4.11921722e-05   4.05e-16   4.26e-12  4.35e-09     641.2
  26*   4.11950798e-05   4.11924973e-05   5.45e-16   6.19e-12  2.58e-09     654.0
  27*   4.11938082e-05   4.11927050e-05   2.22e-16   5.30e-12  1.10e-09     665.4
  28*   4.11933121e-05   4.11927626e-05   2.81e-16   5.11e-12  5.50e-10     676.3
  29*   4.11930747e-05   4.11927986e-05   3.83e-16   6.17e-12  2.76e-10     687.3
  30*   4.11929235e-05   4.11928215e-05   4.83e-16   6.52e-12  1.02e-10     696.7
  31*   4.11928846e-05   4.11928288e-05   2.50e-16   5.52e-12  5.58e-11     706.2
  32*   4.11928483e-05   4.11928326e-05   3.84e-16   6.50e-12  1.57e-11     715.5
  33*   4.11928336e-05   4.11928328e-05   2.95e-16   6.23e-12  7.38e-13     724.6
  34*   4.11928333e-05   4.11928330e-05   3.16e-16   6.02e-12  2.63e-13     733.7
Running crossover as requested
    Primal residual before push phase:                  1.77e-08
    Dual residual before push phase:                    3.04e-09
    Number of dual pushes required:                     341
    Number of primal pushes required:                   108
Summary
    Runtime:                                            739.41s
    Status interior point solve:                        imprecise
    Status crossover:                                   optimal
    objective value:                                    4.11927709e-05
    interior solution primal residual (abs/rel):        3.53e-06 / 1.76e-06
    interior solution dual residual (abs/rel):          3.39e-08 / 1.69e-08
    interior solution objective gap (abs/rel):          -5.69e-11 / -5.69e-11
    basic solution primal infeasibility:                2.74e-11
    basic solution dual infeasibility:                  5.16e-08
WARNING: Ipx: IPM       imprecise
Ipx: Crossover optimal
WARNING: Unwelcome IPX status of Unknown: basis is valid; solution is valid; run_crossover is "on"
WARNING: IPM solution is imprecise, so clean up with simplex
Using dual simplex solver
  Iteration        Objective     Infeasibilities num(sum)
          0     4.1192831953e-05 Pr: 32(1.61692e-06); Du: 0(1.70678e-09) 760.8s
WARNING:    Increasing Markowitz threshold to 0.5
          3     4.1192832172e-05 Pr: 39(2.45263e-06); Du: 0(2.17299e-10) 802.6s
         58     4.1192840884e-05 Pr: 0(0); Du: 0(1.08112e-10) 844.2s
         58     4.1192840883e-05 Pr: 0(0); Du: 0(1.43924e-10) 844.2s
Using primal simplex solver
  Iteration        Objective     Infeasibilities num(sum)
         58     4.1192840880e-05 Pr: 0(0); Du: 35(1.0357e-06) 844.7s
         61     4.1192840907e-05 Pr: 0(0); Du: 41(1.11082e-06) 893.2s
         62     4.1192840874e-05 Pr: 0(0); Du: 35(1.00871e-06) 928.5s
         70     4.1192840891e-05 Pr: 0(0); Du: 42(1.45403e-06) 981.8s
         71     4.1192840875e-05 Pr: 0(0); Du: 41(1.22946e-06) 1026.7s
         87     4.1192840878e-05 Pr: 0(0); Du: 45(1.55681e-06) 1116.4s
         96     4.1192840886e-05 Pr: 0(0); Du: 44(1.28652e-06) 1182.1s
        117     4.1192840819e-05 Pr: 0(0); Du: 43(1.66035e-06) 1271.7s
        140     4.1192840838e-05 Pr: 0(0); Du: 35(7.88741e-07) 1342.6s
        150     4.1192840880e-05 Pr: 0(0); Du: 29(1.15583e-06) 1414.5s
        152     4.1192840834e-05 Pr: 0(0); Du: 37(1.18838e-06) 1483.1s
        173     4.1192840849e-05 Pr: 0(0); Du: 42(1.38596e-06) 1545.8s
        191     4.1192840898e-05 Pr: 0(0); Du: 38(1.48306e-06) 1627.8s
        194     4.1192840867e-05 Pr: 0(0); Du: 35(1.09875e-06) 1732.1s
        197     4.1192840863e-05 Pr: 0(0); Du: 45(1.45206e-06) 1811.2s
        219     4.1192840937e-05 Pr: 0(0); Du: 48(2.28139e-06) 1892.5s
        224     4.1192840842e-05 Pr: 0(0); Du: 39(1.77104e-06) 1966.4s
        233     4.1192840910e-05 Pr: 0(0); Du: 41(1.43441e-06) 2041.5s
        244     4.1192840878e-05 Pr: 0(0); Du: 51(1.78348e-06) 2095.6s
        261     4.1192840856e-05 Pr: 0(0); Du: 48(2.1412e-06) 2167.6s
        278     4.1192840894e-05 Pr: 0(0); Du: 47(1.66977e-06) 2259.9s
        293     4.1192840835e-05 Pr: 0(0); Du: 57(2.2019e-06) 2366.5s
        297     4.1192840901e-05 Pr: 0(0); Du: 34(1.20995e-06) 2438.8s
        306     4.1192840881e-05 Pr: 0(0); Du: 40(9.76557e-07) 2505.1s
        311     4.1192840833e-05 Pr: 0(0); Du: 37(1.28232e-06) 2555.7s
        325     4.1192840901e-05 Pr: 0(0); Du: 47(2.54699e-06) 2605.8s
        334     4.1192840844e-05 Pr: 0(0); Du: 37(1.10072e-06) 2669.7s
        340     4.1192840876e-05 Pr: 0(0); Du: 31(9.11445e-07) 2720.2s
        346     4.1192840861e-05 Pr: 0(0); Du: 45(1.60203e-06) 2799.0s
        349     4.1192840941e-05 Pr: 0(0); Du: 46(1.65264e-06) 2865.5s
        355     4.1192840864e-05 Pr: 0(0); Du: 38(1.43611e-06) 2968.1s
        363     4.1192840868e-05 Pr: 0(0); Du: 36(9.06554e-07) 3023.5s
