Setting parameter method to 1
Setting parameter pdlp_solver_mode to 4
Setting parameter presolve to 0
Setting parameter crossover to false
Setting parameter log_file to artifacts/math/n11-sparse-certificate/n10-cuopt-scaled-base.log
Setting parameter log_to_console to true
Setting parameter num_cpu_threads to 16
Setting parameter time_limit to 9.000000e+02
Setting parameter absolute_dual_tolerance to 1.000000e-08
Setting parameter relative_dual_tolerance to 1.000000e-08
Setting parameter absolute_primal_tolerance to 1.000000e-08
Setting parameter relative_primal_tolerance to 1.000000e-08
Setting parameter absolute_gap_tolerance to 1.000000e-08
Setting parameter relative_gap_tolerance to 1.000000e-08
cuOpt version: 26.2.0, git hash: f73da24d, host arch: x86_64, device archs: 70-real,75-real,80-real,86-real,90a-real,100f-real,120a-real,120
CPU: AMD EPYC 7713 64-Core Processor, threads (physical/logical): 128/128, RAM: 536.53 GiB
CUDA 12.9, device: NVIDIA A100-SXM4-80GB (ID 0), VRAM: 79.25 GiB
CUDA device UUID: ffffffc42cffffffa82e-ffffffbe0a-7c7a

Solving a problem with 12248 constraints, 2166 variables (0 integers), and 9696680 nonzeros
Problem scaling:
Objective coefficents range:          [1e+00, 1e+00]
Constraint matrix coefficients range: [6e-07, 1e+00]
Constraint rhs / bounds range:        [0e+00, 3e-07]
Variable bounds range:                [0e+00, 0e+00]
Warning: input problem contains a large range of coefficients: consider reformulating to avoid numerical difficulties.

Third-party presolve is disabled, skipping
Objective offset -0.000000 scaling_factor -1.000000
   Iter    Primal Obj.      Dual Obj.    Gap        Primal Res.  Dual Res.   Time
      0 -0.00000000e+00 -0.00000000e+00  0.00e+00   0.00e+00     1.00e+00   0.331s
   1000 +5.85299947e-02 +5.11828762e-06  5.85e-02   8.32e-02     3.33e-01   1.131s
   2000 +1.07425032e-01 +8.71545545e-06  1.07e-01   1.39e-01     2.27e-01   1.757s
   3000 +1.64708963e-01 +1.17900043e-05  1.65e-01   1.95e-01     1.78e-01   2.384s
   4000 +2.02669150e-01 +1.52337553e-05  2.03e-01   1.91e-01     1.41e-01   3.022s
   5000 +2.06534974e-01 +1.77157586e-05  2.07e-01   1.77e-01     1.28e-01   3.629s
   6000 +2.03050412e-01 +1.90068347e-05  2.03e-01   1.78e-01     1.17e-01   4.247s
   7000 +2.09993129e-01 +1.96901374e-05  2.10e-01   2.18e-01     1.08e-01   4.851s
   8000 +2.39000713e-01 +2.02751107e-05  2.39e-01   2.42e-01     1.00e-01   5.460s
   9000 +2.84842175e-01 +2.15172614e-05  2.85e-01   2.47e-01     9.32e-02   6.064s
  10000 +3.26790346e-01 +2.30984556e-05  3.27e-01   2.62e-01     8.47e-02   6.691s
  11000 +3.64264016e-01 +2.49997812e-05  3.64e-01   2.75e-01     7.35e-02   7.298s
  12000 +3.88953649e-01 +2.71647203e-05  3.89e-01   2.82e-01     6.03e-02   7.892s
  13000 +3.98168910e-01 +2.93779408e-05  3.98e-01   2.83e-01     4.88e-02   8.490s
  14000 +3.96396962e-01 +3.14852117e-05  3.96e-01   2.78e-01     4.04e-02   9.077s
  15000 +3.94945601e-01 +3.42640227e-05  3.95e-01   2.74e-01     3.38e-02   9.678s
  16000 +3.90670373e-01 +3.75430393e-05  3.91e-01   2.68e-01     3.49e-02   10.281s
  17000 +3.79313223e-01 +4.06749694e-05  3.79e-01   2.57e-01     4.36e-02   10.879s
  18000 +3.61859406e-01 +4.35596123e-05  3.62e-01   2.42e-01     5.45e-02   11.464s
  19000 +3.39622943e-01 +4.61085784e-05  3.40e-01   2.24e-01     6.47e-02   12.055s
  20000 +3.13856342e-01 +4.82709408e-05  3.14e-01   2.05e-01     7.31e-02   12.647s
  21000 +2.85647471e-01 +5.00174859e-05  2.86e-01   1.84e-01     7.93e-02   13.254s
  22000 +2.56086416e-01 +5.13314433e-05  2.56e-01   1.65e-01     8.31e-02   13.830s
  23000 +2.30303118e-01 +5.27510314e-05  2.30e-01   1.50e-01     8.70e-02   14.446s
  24000 +2.09157704e-01 +5.46071447e-05  2.09e-01   1.40e-01     9.27e-02   15.063s
  25000 +1.86781561e-01 +5.61063041e-05  1.87e-01   1.30e-01     9.60e-02   15.657s
  26000 +1.64073195e-01 +5.72368940e-05  1.64e-01   1.22e-01     9.70e-02   16.258s
  27000 +1.41821888e-01 +5.80128780e-05  1.42e-01   1.17e-01     9.59e-02   16.855s
  28000 +1.20689148e-01 +5.84449274e-05  1.21e-01   1.13e-01     9.30e-02   17.447s
  29000 +1.01237461e-01 +5.85733684e-05  1.01e-01   1.11e-01     8.85e-02   18.059s
  30000 +8.39427508e-02 +5.84307659e-05  8.39e-02   1.10e-01     8.27e-02   18.663s
  31000 +6.91681064e-02 +5.80739826e-05  6.91e-02   1.10e-01     7.59e-02   19.253s
  32000 +5.71291369e-02 +5.75537410e-05  5.71e-02   1.10e-01     6.86e-02   19.856s
  33000 +4.78881662e-02 +5.69344879e-05  4.78e-02   1.10e-01     6.11e-02   20.448s
  34000 +4.13795921e-02 +5.62805215e-05  4.13e-02   1.09e-01     5.38e-02   21.048s
  35000 +3.74381431e-02 +5.56319771e-05  3.74e-02   1.07e-01     4.68e-02   21.658s
  36000 +3.02113053e-02 +5.53515853e-05  3.02e-02   1.08e-01     4.20e-02   22.258s
  37000 +2.11225736e-02 +5.52173267e-05  2.11e-02   1.11e-01     3.80e-02   22.876s
  38000 +1.39507591e-02 +5.49802651e-05  1.39e-02   1.14e-01     3.39e-02   23.459s
  39000 +8.75194560e-03 +5.46716615e-05  8.70e-03   1.15e-01     2.99e-02   24.041s
  40000 +5.50037259e-03 +5.43141807e-05  5.45e-03   1.16e-01     2.62e-02   24.652s
  41000 +4.10035484e-03 +5.39381510e-05  4.05e-03   1.16e-01     2.29e-02   25.235s
  42000 +4.39575392e-03 +5.35597520e-05  4.34e-03   1.14e-01     2.04e-02   25.860s
  43000 +6.17815616e-03 +5.32071863e-05  6.12e-03   1.11e-01     1.85e-02   26.476s
  44000 +9.19840492e-03 +5.28891408e-05  9.15e-03   1.08e-01     1.74e-02   27.063s
  45000 +1.31821053e-02 +5.26183150e-05  1.31e-02   1.04e-01     1.67e-02   27.663s
  46000 +1.78455501e-02 +5.23883218e-05  1.78e-02   9.98e-02     1.64e-02   28.268s
  47000 +2.29090492e-02 +5.21988915e-05  2.29e-02   9.53e-02     1.62e-02   28.873s
  48000 +2.81065913e-02 +5.20581902e-05  2.81e-02   9.09e-02     1.59e-02   29.461s
  49000 +3.31949328e-02 +5.19659370e-05  3.31e-02   8.66e-02     1.55e-02   30.046s
  50000 +3.79614972e-02 +5.19311220e-05  3.79e-02   8.26e-02     1.49e-02   30.636s
  51000 +4.22322042e-02 +5.19352194e-05  4.22e-02   7.91e-02     1.42e-02   31.238s
  52000 +4.58749805e-02 +5.19760413e-05  4.58e-02   7.59e-02     1.35e-02   31.839s
  53000 +4.88011594e-02 +5.20421087e-05  4.87e-02   7.30e-02     1.26e-02   32.437s
  54000 +5.09657219e-02 +5.21278539e-05  5.09e-02   7.05e-02     1.19e-02   33.034s
  55000 +5.23667724e-02 +5.22276792e-05  5.23e-02   6.81e-02     1.11e-02   33.640s
  56000 +5.32148785e-02 +5.23188179e-05  5.32e-02   6.75e-02     1.06e-02   34.254s
  57000 +5.41233027e-02 +5.24065724e-05  5.41e-02   6.77e-02     1.01e-02   34.854s
  58000 +5.50769131e-02 +5.25010609e-05  5.50e-02   6.79e-02     9.65e-03   35.464s
  59000 +5.60105979e-02 +5.26026819e-05  5.60e-02   6.81e-02     9.13e-03   36.073s
  60000 +5.68670819e-02 +5.27103456e-05  5.68e-02   6.81e-02     8.59e-03   36.685s
  61000 +5.75990881e-02 +5.28256114e-05  5.75e-02   6.80e-02     8.05e-03   37.273s
  62000 +5.81707554e-02 +5.29496880e-05  5.81e-02   6.78e-02     7.52e-03   37.888s
  63000 +5.85580911e-02 +5.30774453e-05  5.85e-02   6.75e-02     7.00e-03   38.488s
  64000 +5.87502331e-02 +5.32063973e-05  5.87e-02   6.70e-02     6.53e-03   39.099s
  65000 +5.87476243e-02 +5.33345718e-05  5.87e-02   6.65e-02     6.10e-03   39.701s
  66000 +5.85618344e-02 +5.34632602e-05  5.85e-02   6.58e-02     5.72e-03   40.306s
  67000 +5.82139894e-02 +5.35872748e-05  5.82e-02   6.50e-02     5.39e-03   40.919s
  68000 +5.77322373e-02 +5.37038096e-05  5.77e-02   6.40e-02     5.10e-03   41.539s
  69000 +5.71500155e-02 +5.38113536e-05  5.71e-02   6.31e-02     4.85e-03   42.153s
  70000 +5.65037762e-02 +5.39116428e-05  5.64e-02   6.20e-02     4.61e-03   42.761s
  71000 +5.58303980e-02 +5.40000198e-05  5.58e-02   6.10e-02     4.39e-03   43.367s
  72000 +5.51659483e-02 +5.40825570e-05  5.51e-02   5.99e-02     4.16e-03   43.966s
  73000 +5.45431023e-02 +5.41561149e-05  5.45e-02   5.89e-02     3.93e-03   44.581s
  74000 +5.39905550e-02 +5.42206569e-05  5.39e-02   5.78e-02     3.69e-03   45.176s
  75000 +5.35308262e-02 +5.42824522e-05  5.35e-02   5.68e-02     3.46e-03   45.773s
  76000 +5.31799780e-02 +5.43435883e-05  5.31e-02   5.58e-02     3.22e-03   46.384s
  77000 +5.29476431e-02 +5.44037638e-05  5.29e-02   5.49e-02     2.98e-03   46.993s
  78000 +5.28363276e-02 +5.44671902e-05  5.28e-02   5.40e-02     2.76e-03   47.608s
  79000 +5.28423711e-02 +5.45316705e-05  5.28e-02   5.30e-02     2.55e-03   48.207s
  80000 +5.29558711e-02 +5.45996327e-05  5.29e-02   5.22e-02     2.35e-03   48.823s
  81000 +5.31623302e-02 +5.46743755e-05  5.31e-02   5.13e-02     2.16e-03   49.437s
  82000 +5.34433737e-02 +5.47528165e-05  5.34e-02   5.04e-02     1.99e-03   50.030s
  83000 +5.37777095e-02 +5.48347444e-05  5.37e-02   4.95e-02     1.82e-03   50.632s
  84000 +5.41427800e-02 +5.49220354e-05  5.41e-02   4.87e-02     1.65e-03   51.236s
  85000 +5.45152282e-02 +5.50153034e-05  5.45e-02   4.78e-02     1.48e-03   51.858s
  86000 +5.48730798e-02 +5.51128977e-05  5.48e-02   4.70e-02     1.32e-03   52.449s
  87000 +5.51356001e-02 +5.52492967e-05  5.51e-02   4.65e-02     1.16e-03   53.077s
  88000 +5.52740582e-02 +5.54398296e-05  5.52e-02   4.65e-02     9.83e-04   53.677s
  89000 +5.53783654e-02 +5.56326759e-05  5.53e-02   4.64e-02     8.31e-04   54.276s
  90000 +5.54447132e-02 +5.58294310e-05  5.54e-02   4.63e-02     7.12e-04   54.899s
  91000 +5.54714925e-02 +5.60293191e-05  5.54e-02   4.61e-02     6.46e-04   55.496s
  92000 +5.54589885e-02 +5.62339365e-05  5.54e-02   4.60e-02     6.48e-04   56.097s
  93000 +5.54091988e-02 +5.64402446e-05  5.54e-02   4.57e-02     7.16e-04   56.696s
  94000 +5.53257849e-02 +5.66464261e-05  5.53e-02   4.54e-02     8.32e-04   57.310s
  95000 +5.52131780e-02 +5.68522456e-05  5.52e-02   4.51e-02     9.76e-04   57.901s
  96000 +5.50770069e-02 +5.70562926e-05  5.50e-02   4.48e-02     1.14e-03   58.500s
  97000 +5.49230797e-02 +5.72594097e-05  5.49e-02   4.45e-02     1.30e-03   59.098s
  98000 +5.47573402e-02 +5.74590548e-05  5.47e-02   4.41e-02     1.48e-03   59.680s
  99000 +5.45853180e-02 +5.76560792e-05  5.45e-02   4.37e-02     1.66e-03   60.265s
 100000 +5.44121473e-02 +5.78495953e-05  5.44e-02   4.33e-02     1.84e-03   60.877s
 101000 +5.42420707e-02 +5.80412926e-05  5.42e-02   4.29e-02     2.02e-03   61.458s
 102000 +5.40784105e-02 +5.82296235e-05  5.40e-02   4.24e-02     2.21e-03   62.064s
 103000 +5.39232758e-02 +5.84169833e-05  5.39e-02   4.20e-02     2.39e-03   62.655s
 104000 +5.37779157e-02 +5.86051929e-05  5.37e-02   4.16e-02     2.58e-03   63.252s
 105000 +5.36422042e-02 +5.87920014e-05  5.36e-02   4.12e-02     2.77e-03   63.852s
 106000 +5.35152976e-02 +5.89774468e-05  5.35e-02   4.07e-02     2.97e-03   64.440s
 107000 +5.33953251e-02 +5.91617768e-05  5.33e-02   4.03e-02     3.16e-03   65.068s
 108000 +5.32795382e-02 +5.93464405e-05  5.32e-02   3.99e-02     3.36e-03   65.647s
 109000 +5.31647120e-02 +5.95319576e-05  5.31e-02   3.95e-02     3.55e-03   66.244s
 110000 +5.30471483e-02 +5.97171542e-05  5.30e-02   3.91e-02     3.75e-03   66.846s
 111000 +5.29230927e-02 +5.99003954e-05  5.29e-02   3.87e-02     3.94e-03   67.438s
 112000 +5.27888461e-02 +6.00828499e-05  5.27e-02   3.83e-02     4.14e-03   68.057s
 113000 +5.26406711e-02 +6.02650548e-05  5.26e-02   3.79e-02     4.33e-03   68.654s
 114000 +5.24752833e-02 +6.04450075e-05  5.24e-02   3.76e-02     4.53e-03   69.251s
 115000 +5.22895703e-02 +6.06226370e-05  5.22e-02   3.72e-02     4.72e-03   69.853s
 116000 +5.20810904e-02 +6.07986648e-05  5.20e-02   3.68e-02     4.91e-03   70.448s
 117000 +5.18483177e-02 +6.09732968e-05  5.18e-02   3.64e-02     5.10e-03   71.052s
 118000 +5.15899109e-02 +6.11456531e-05  5.15e-02   3.60e-02     5.29e-03   71.645s
 119000 +5.13053608e-02 +6.13166930e-05  5.12e-02   3.57e-02     5.47e-03   72.254s
 120000 +5.09943354e-02 +6.14848610e-05  5.09e-02   3.53e-02     5.65e-03   72.841s
 121000 +5.06575962e-02 +6.16484025e-05  5.06e-02   3.49e-02     5.83e-03   73.439s
 122000 +5.02962549e-02 +6.18087044e-05  5.02e-02   3.45e-02     6.01e-03   74.045s
 123000 +4.99116964e-02 +6.19679993e-05  4.98e-02   3.41e-02     6.18e-03   74.642s
 124000 +4.95055051e-02 +6.21230785e-05  4.94e-02   3.37e-02     6.35e-03   75.230s
 125000 +4.90794007e-02 +6.22757190e-05  4.90e-02   3.33e-02     6.52e-03   75.852s
 126000 +4.86355885e-02 +6.24237382e-05  4.86e-02   3.29e-02     6.68e-03   76.438s
 127000 +4.81760662e-02 +6.25682947e-05  4.81e-02   3.25e-02     6.83e-03   77.049s
 128000 +4.77027659e-02 +6.27099432e-05  4.76e-02   3.21e-02     6.99e-03   77.659s
 129000 +4.72174734e-02 +6.28483886e-05  4.72e-02   3.17e-02     7.13e-03   78.260s
 130000 +4.67216859e-02 +6.29835469e-05  4.67e-02   3.13e-02     7.27e-03   78.882s
 131000 +4.62170299e-02 +6.31141470e-05  4.62e-02   3.09e-02     7.41e-03   79.484s
 132000 +4.57047987e-02 +6.32402795e-05  4.56e-02   3.05e-02     7.54e-03   80.068s
 133000 +4.51856622e-02 +6.33631774e-05  4.51e-02   3.01e-02     7.66e-03   80.671s
 134000 +4.46604583e-02 +6.34818540e-05  4.46e-02   2.97e-02     7.78e-03   81.283s
 135000 +4.41296339e-02 +6.35954363e-05  4.41e-02   2.93e-02     7.89e-03   81.888s
 136000 +4.37320471e-02 +6.37740899e-05  4.37e-02   2.91e-02     8.04e-03   82.505s
 137000 +4.34168517e-02 +6.39954878e-05  4.34e-02   2.90e-02     8.22e-03   83.100s
 138000 +4.30910907e-02 +6.42155235e-05  4.30e-02   2.89e-02     8.39e-03   83.722s
 139000 +4.27552420e-02 +6.44343756e-05  4.27e-02   2.88e-02     8.56e-03   84.345s
 140000 +4.24098969e-02 +6.46503405e-05  4.23e-02   2.87e-02     8.73e-03   84.962s
 141000 +4.20556802e-02 +6.48627927e-05  4.20e-02   2.85e-02     8.89e-03   85.554s
 142000 +4.16931414e-02 +6.50706874e-05  4.16e-02   2.84e-02     9.05e-03   86.168s
 143000 +4.13229477e-02 +6.52739430e-05  4.13e-02   2.82e-02     9.21e-03   86.790s
 144000 +4.09456499e-02 +6.54759528e-05  4.09e-02   2.80e-02     9.36e-03   87.391s
 145000 +4.05618479e-02 +6.56752784e-05  4.05e-02   2.79e-02     9.50e-03   87.994s
 146000 +4.01720413e-02 +6.58716941e-05  4.01e-02   2.77e-02     9.64e-03   88.597s
 147000 +3.97767336e-02 +6.60644234e-05  3.97e-02   2.75e-02     9.78e-03   89.210s
 148000 +3.93764029e-02 +6.62527869e-05  3.93e-02   2.73e-02     9.91e-03   89.837s
 149000 +3.89714271e-02 +6.64364044e-05  3.89e-02   2.71e-02     1.00e-02   90.454s
 150000 +3.85622240e-02 +6.66161879e-05  3.85e-02   2.69e-02     1.02e-02   91.055s
 151000 +3.81491778e-02 +6.67927827e-05  3.81e-02   2.67e-02     1.03e-02   91.644s
 152000 +3.77325607e-02 +6.69659169e-05  3.77e-02   2.65e-02     1.04e-02   92.241s
 153000 +3.73127167e-02 +6.71358508e-05  3.72e-02   2.63e-02     1.05e-02   92.870s
 154000 +3.68900570e-02 +6.73020672e-05  3.68e-02   2.61e-02     1.06e-02   93.500s
 155000 +3.64648967e-02 +6.74649112e-05  3.64e-02   2.59e-02     1.07e-02   94.119s
 156000 +3.60374763e-02 +6.76243369e-05  3.60e-02   2.57e-02     1.07e-02   94.723s
 157000 +3.56081549e-02 +6.77799426e-05  3.55e-02   2.55e-02     1.08e-02   95.311s
 158000 +3.51772689e-02 +6.79322220e-05  3.51e-02   2.53e-02     1.09e-02   95.934s
 159000 +3.47452173e-02 +6.80801988e-05  3.47e-02   2.50e-02     1.10e-02   96.523s
 160000 +3.43123429e-02 +6.82237999e-05  3.42e-02   2.48e-02     1.10e-02   97.114s
 161000 +3.38790363e-02 +6.83638521e-05  3.38e-02   2.46e-02     1.11e-02   97.728s
 162000 +3.34456658e-02 +6.85002454e-05  3.34e-02   2.44e-02     1.11e-02   98.338s
 163000 +3.30125861e-02 +6.86330513e-05  3.29e-02   2.42e-02     1.12e-02   98.941s
 164000 +3.25800645e-02 +6.87632794e-05  3.25e-02   2.40e-02     1.12e-02   99.546s
 165000 +3.21484590e-02 +6.88911758e-05  3.21e-02   2.37e-02     1.13e-02   100.150s
 166000 +3.17181310e-02 +6.90160331e-05  3.16e-02   2.35e-02     1.13e-02   100.749s
 167000 +3.12893820e-02 +6.91375478e-05  3.12e-02   2.33e-02     1.13e-02   101.354s
 168000 +3.08622077e-02 +6.92552590e-05  3.08e-02   2.31e-02     1.13e-02   101.947s
 169000 +3.04369448e-02 +6.93683897e-05  3.04e-02   2.29e-02     1.14e-02   102.550s
 170000 +3.00136694e-02 +6.94774559e-05  2.99e-02   2.27e-02     1.14e-02   103.163s
 171000 +2.95926470e-02 +6.95836913e-05  2.95e-02   2.25e-02     1.14e-02   103.756s
 172000 +2.91738046e-02 +6.96860102e-05  2.91e-02   2.22e-02     1.14e-02   104.369s
 173000 +2.87570292e-02 +6.97847418e-05  2.87e-02   2.20e-02     1.14e-02   104.981s
 174000 +2.83424554e-02 +6.98800144e-05  2.83e-02   2.18e-02     1.14e-02   105.574s
 175000 +2.79299903e-02 +6.99723903e-05  2.79e-02   2.16e-02     1.14e-02   106.191s
 176000 +2.75193969e-02 +7.00611181e-05  2.74e-02   2.14e-02     1.14e-02   106.793s
 177000 +2.71107058e-02 +7.01463691e-05  2.70e-02   2.12e-02     1.14e-02   107.410s
 178000 +2.67037624e-02 +7.02282434e-05  2.66e-02   2.10e-02     1.13e-02   108.017s
 179000 +2.62983802e-02 +7.03063911e-05  2.62e-02   2.08e-02     1.13e-02   108.625s
 180000 +2.58945222e-02 +7.03805004e-05  2.58e-02   2.06e-02     1.13e-02   109.233s
 181000 +2.54919178e-02 +7.04509317e-05  2.54e-02   2.04e-02     1.13e-02   109.850s
 182000 +2.50906230e-02 +7.05186602e-05  2.50e-02   2.02e-02     1.13e-02   110.452s
 183000 +2.46905335e-02 +7.05832321e-05  2.46e-02   2.00e-02     1.12e-02   111.076s
 184000 +2.42915656e-02 +7.06449917e-05  2.42e-02   1.98e-02     1.12e-02   111.678s
 185000 +2.38935983e-02 +7.07027528e-05  2.38e-02   1.96e-02     1.12e-02   112.281s
 186000 +2.34967601e-02 +7.07570577e-05  2.34e-02   1.94e-02     1.11e-02   112.897s
 187000 +2.31010840e-02 +7.08079842e-05  2.30e-02   1.92e-02     1.11e-02   113.505s
 188000 +2.27067328e-02 +7.08552017e-05  2.26e-02   1.90e-02     1.10e-02   114.115s
 189000 +2.23135693e-02 +7.08984652e-05  2.22e-02   1.89e-02     1.10e-02   114.718s
 190000 +2.19217664e-02 +7.09374280e-05  2.19e-02   1.87e-02     1.10e-02   115.327s
 191000 +2.15312903e-02 +7.09727012e-05  2.15e-02   1.85e-02     1.09e-02   115.925s
 192000 +2.11423928e-02 +7.10049825e-05  2.11e-02   1.83e-02     1.09e-02   116.522s
 193000 +2.07551416e-02 +7.10351385e-05  2.07e-02   1.81e-02     1.08e-02   117.132s
 194000 +2.03695695e-02 +7.10622560e-05  2.03e-02   1.80e-02     1.08e-02   117.734s
 195000 +1.99858192e-02 +7.10860064e-05  1.99e-02   1.78e-02     1.07e-02   118.323s
 196000 +1.96038416e-02 +7.11066354e-05  1.95e-02   1.76e-02     1.06e-02   118.936s
 197000 +1.92238366e-02 +7.11243041e-05  1.92e-02   1.75e-02     1.06e-02   119.536s
 198000 +1.88457778e-02 +7.11404041e-05  1.88e-02   1.73e-02     1.05e-02   120.145s
 199000 +1.84697557e-02 +7.11533842e-05  1.84e-02   1.71e-02     1.05e-02   120.743s
 200000 +1.80956644e-02 +7.11633938e-05  1.80e-02   1.70e-02     1.04e-02   121.356s
 201000 +1.77236741e-02 +7.11704047e-05  1.77e-02   1.68e-02     1.03e-02   121.954s
 202000 +1.73537715e-02 +7.11741211e-05  1.73e-02   1.67e-02     1.03e-02   122.535s
 203000 +1.69859586e-02 +7.11741241e-05  1.69e-02   1.66e-02     1.02e-02   123.167s
 204000 +1.66202170e-02 +7.11709758e-05  1.65e-02   1.64e-02     1.01e-02   123.772s
 205000 +1.62569480e-02 +7.11640332e-05  1.62e-02   1.63e-02     1.01e-02   124.397s
 206000 +1.58958502e-02 +7.11532692e-05  1.58e-02   1.61e-02     1.00e-02   125.010s
 207000 +1.55372348e-02 +7.11394027e-05  1.55e-02   1.60e-02     9.93e-03   125.611s
 208000 +1.51812094e-02 +7.11227653e-05  1.51e-02   1.59e-02     9.86e-03   126.217s
 209000 +1.48278246e-02 +7.11031384e-05  1.48e-02   1.58e-02     9.79e-03   126.825s
 210000 +1.44773591e-02 +7.10808163e-05  1.44e-02   1.56e-02     9.71e-03   127.428s
 211000 +1.41298207e-02 +7.10560008e-05  1.41e-02   1.55e-02     9.64e-03   128.017s
 212000 +1.37458944e-02 +7.10592936e-05  1.37e-02   1.55e-02     9.58e-03   128.633s
 213000 +1.33039384e-02 +7.11063388e-05  1.32e-02   1.55e-02     9.56e-03   129.242s
 214000 +1.28630714e-02 +7.11504251e-05  1.28e-02   1.55e-02     9.53e-03   129.857s
 215000 +1.24235446e-02 +7.11905376e-05  1.24e-02   1.55e-02     9.50e-03   130.459s
 216000 +1.19856032e-02 +7.12268617e-05  1.19e-02   1.55e-02     9.47e-03   131.062s
 217000 +1.15494756e-02 +7.12602863e-05  1.15e-02   1.55e-02     9.43e-03   131.678s
 218000 +1.11153732e-02 +7.12903079e-05  1.10e-02   1.55e-02     9.40e-03   132.269s
 219000 +1.06834932e-02 +7.13165334e-05  1.06e-02   1.55e-02     9.36e-03   132.856s
 220000 +1.02540693e-02 +7.13386967e-05  1.02e-02   1.55e-02     9.31e-03   133.445s
 221000 +9.82728976e-03 +7.13573831e-05  9.76e-03   1.56e-02     9.27e-03   134.060s
 222000 +9.40333700e-03 +7.13730512e-05  9.33e-03   1.56e-02     9.22e-03   134.646s
 223000 +8.98238290e-03 +7.13850522e-05  8.91e-03   1.57e-02     9.17e-03   135.258s
 224000 +8.56467121e-03 +7.13933386e-05  8.49e-03   1.57e-02     9.12e-03   135.873s
 225000 +8.15036924e-03 +7.13984712e-05  8.08e-03   1.57e-02     9.07e-03   136.472s
 226000 +7.73962915e-03 +7.14001680e-05  7.67e-03   1.58e-02     9.01e-03   137.102s
 227000 +7.33261118e-03 +7.13984650e-05  7.26e-03   1.59e-02     8.96e-03   137.701s
 228000 +6.92939644e-03 +7.13937660e-05  6.86e-03   1.59e-02     8.90e-03   138.316s
 229000 +6.53021727e-03 +7.13856036e-05  6.46e-03   1.60e-02     8.84e-03   138.926s
 230000 +6.13523661e-03 +7.13744183e-05  6.06e-03   1.60e-02     8.77e-03   139.507s
 231000 +5.74461690e-03 +7.13601408e-05  5.67e-03   1.61e-02     8.71e-03   140.112s
 232000 +5.35837940e-03 +7.13429822e-05  5.29e-03   1.62e-02     8.64e-03   140.714s
 233000 +4.97674378e-03 +7.13229071e-05  4.91e-03   1.62e-02     8.57e-03   141.309s
 234000 +4.59980138e-03 +7.13002429e-05  4.53e-03   1.63e-02     8.50e-03   141.915s
 235000 +4.22764963e-03 +7.12751409e-05  4.16e-03   1.64e-02     8.43e-03   142.488s
 236000 +3.86043653e-03 +7.12473528e-05  3.79e-03   1.65e-02     8.36e-03   143.080s
 237000 +3.49821151e-03 +7.12168615e-05  3.43e-03   1.65e-02     8.28e-03   143.680s
 238000 +3.14114142e-03 +7.11831703e-05  3.07e-03   1.66e-02     8.21e-03   144.282s
 239000 +2.78925938e-03 +7.11464342e-05  2.72e-03   1.67e-02     8.13e-03   144.883s
 240000 +2.44270158e-03 +7.11068182e-05  2.37e-03   1.68e-02     8.05e-03   145.481s
 241000 +2.10151786e-03 +7.10646214e-05  2.03e-03   1.68e-02     7.97e-03   146.072s
 242000 +1.76560919e-03 +7.10199645e-05  1.69e-03   1.69e-02     7.89e-03   146.671s
 243000 +1.43530475e-03 +7.09730145e-05  1.36e-03   1.70e-02     7.81e-03   147.272s
 244000 +1.11059643e-03 +7.09240289e-05  1.04e-03   1.71e-02     7.73e-03   147.880s
 245000 +7.91426153e-04 +7.08726606e-05  7.21e-04   1.71e-02     7.64e-03   148.493s
 246000 +4.77856673e-04 +7.08193394e-05  4.07e-04   1.72e-02     7.56e-03   149.088s
 247000 +1.69942384e-04 +7.07649542e-05  9.92e-05   1.73e-02     7.47e-03   149.690s
 248000 -1.32213226e-04 +7.07096209e-05  2.03e-04   1.73e-02     7.39e-03   150.311s
 249000 -4.28684223e-04 +7.06524126e-05  4.99e-04   1.74e-02     7.30e-03   150.883s
 250000 -7.19394240e-04 +7.05931030e-05  7.90e-04   1.75e-02     7.21e-03   151.487s
 251000 -1.00436841e-03 +7.05318059e-05  1.07e-03   1.75e-02     7.12e-03   152.098s
 252000 -1.28355453e-03 +7.04686550e-05  1.35e-03   1.76e-02     7.03e-03   152.700s
 253000 -1.55689460e-03 +7.04040505e-05  1.63e-03   1.77e-02     6.94e-03   153.309s
 254000 -1.82446292e-03 +7.03380120e-05  1.89e-03   1.77e-02     6.85e-03   153.920s
 255000 -2.08617087e-03 +7.02711088e-05  2.16e-03   1.78e-02     6.76e-03   154.524s
 256000 -2.34203424e-03 +7.02023589e-05  2.41e-03   1.78e-02     6.67e-03   155.116s
 257000 -2.59203830e-03 +7.01316440e-05  2.66e-03   1.79e-02     6.58e-03   155.741s
 258000 -2.83613214e-03 +7.00596452e-05  2.91e-03   1.79e-02     6.49e-03   156.338s
 259000 -3.07434450e-03 +6.99858613e-05  3.14e-03   1.80e-02     6.40e-03   156.947s
 260000 -3.30670010e-03 +6.99106900e-05  3.38e-03   1.80e-02     6.30e-03   157.542s
 261000 -3.53312375e-03 +6.98341909e-05  3.60e-03   1.81e-02     6.21e-03   158.142s
 262000 -3.75367910e-03 +6.97562651e-05  3.82e-03   1.81e-02     6.12e-03   158.730s
 263000 -3.96820881e-03 +6.96769766e-05  4.04e-03   1.81e-02     6.02e-03   159.332s
 264000 -4.17679058e-03 +6.95962733e-05  4.25e-03   1.82e-02     5.93e-03   159.943s
 265000 -4.37942422e-03 +6.95152190e-05  4.45e-03   1.82e-02     5.83e-03   160.546s
 266000 -4.57618913e-03 +6.94344453e-05  4.65e-03   1.82e-02     5.74e-03   161.154s
 267000 -4.76696940e-03 +6.93534162e-05  4.84e-03   1.82e-02     5.65e-03   161.759s
 268000 -4.95172549e-03 +6.92717816e-05  5.02e-03   1.83e-02     5.55e-03   162.353s
 269000 -5.13049753e-03 +6.91890239e-05  5.20e-03   1.83e-02     5.46e-03   162.972s
 270000 -5.30326934e-03 +6.91065727e-05  5.37e-03   1.83e-02     5.36e-03   163.586s
 271000 -5.47015335e-03 +6.90249825e-05  5.54e-03   1.83e-02     5.27e-03   164.248s
 272000 -5.63108857e-03 +6.89437025e-05  5.70e-03   1.83e-02     5.17e-03   164.910s
 273000 -5.78586705e-03 +6.88632775e-05  5.85e-03   1.83e-02     5.08e-03   165.505s
 274000 -5.93471048e-03 +6.87823282e-05  6.00e-03   1.83e-02     4.99e-03   166.106s
 275000 -6.07752238e-03 +6.87008981e-05  6.15e-03   1.83e-02     4.89e-03   166.705s
 276000 -6.21448551e-03 +6.86187984e-05  6.28e-03   1.83e-02     4.80e-03   167.305s
 277000 -6.34541112e-03 +6.85374357e-05  6.41e-03   1.82e-02     4.71e-03   167.912s
 278000 -6.47028042e-03 +6.84569008e-05  6.54e-03   1.82e-02     4.61e-03   168.532s
 279000 -6.58920865e-03 +6.83759745e-05  6.66e-03   1.82e-02     4.52e-03   169.124s
 280000 -6.70215728e-03 +6.82946660e-05  6.77e-03   1.82e-02     4.43e-03   169.724s
 281000 -6.80909335e-03 +6.82130951e-05  6.88e-03   1.81e-02     4.34e-03   170.304s
 282000 -6.91016097e-03 +6.81308749e-05  6.98e-03   1.81e-02     4.25e-03   170.908s
 283000 -7.00510690e-03 +6.80481383e-05  7.07e-03   1.81e-02     4.15e-03   171.512s
 284000 -7.09428860e-03 +6.79651520e-05  7.16e-03   1.80e-02     4.06e-03   172.136s
 285000 -7.17746571e-03 +6.78828456e-05  7.25e-03   1.80e-02     3.97e-03   172.725s
 286000 -7.25467664e-03 +6.78001734e-05  7.32e-03   1.79e-02     3.88e-03   173.332s
 287000 -7.32603637e-03 +6.77177267e-05  7.39e-03   1.79e-02     3.80e-03   173.946s
 288000 -7.39149080e-03 +6.76350495e-05  7.46e-03   1.78e-02     3.71e-03   174.549s
 289000 -7.45100766e-03 +6.75525940e-05  7.52e-03   1.78e-02     3.62e-03   175.162s
 290000 -7.50473378e-03 +6.74698177e-05  7.57e-03   1.77e-02     3.53e-03   175.739s
 291000 -7.55259049e-03 +6.73869041e-05  7.62e-03   1.76e-02     3.45e-03   176.355s
 292000 -7.59471529e-03 +6.73047417e-05  7.66e-03   1.76e-02     3.36e-03   176.939s
 293000 -7.63117696e-03 +6.72234943e-05  7.70e-03   1.75e-02     3.27e-03   177.546s
 294000 -7.66185841e-03 +6.71431167e-05  7.73e-03   1.74e-02     3.19e-03   178.147s
 295000 -7.68690367e-03 +6.70631629e-05  7.75e-03   1.74e-02     3.11e-03   178.747s
 296000 -7.70627355e-03 +6.69832694e-05  7.77e-03   1.73e-02     3.02e-03   179.345s
 297000 -7.72014204e-03 +6.69033005e-05  7.79e-03   1.72e-02     2.94e-03   179.950s
 298000 -7.72869775e-03 +6.68235892e-05  7.80e-03   1.71e-02     2.86e-03   180.541s
 299000 -7.73168352e-03 +6.67445135e-05  7.80e-03   1.70e-02     2.78e-03   181.145s
 300000 -7.72941173e-03 +6.66657611e-05  7.80e-03   1.69e-02     2.70e-03   181.741s
 301000 -7.72184340e-03 +6.65873639e-05  7.79e-03   1.68e-02     2.63e-03   182.341s
 302000 -7.70907845e-03 +6.65094503e-05  7.78e-03   1.67e-02     2.55e-03   182.948s
 303000 -7.69140003e-03 +6.64328064e-05  7.76e-03   1.66e-02     2.47e-03   183.550s
 304000 -7.66855318e-03 +6.63568974e-05  7.73e-03   1.65e-02     2.40e-03   184.147s
 305000 -7.64079016e-03 +6.62811077e-05  7.71e-03   1.64e-02     2.33e-03   184.759s
 306000 -7.60819155e-03 +6.62061565e-05  7.67e-03   1.63e-02     2.25e-03   185.363s
 307000 -7.57081835e-03 +6.61319884e-05  7.64e-03   1.62e-02     2.18e-03   185.963s
 308000 -7.52889551e-03 +6.60594132e-05  7.59e-03   1.61e-02     2.11e-03   186.546s
 309000 -7.48254323e-03 +6.59878182e-05  7.55e-03   1.60e-02     2.04e-03   187.131s
 310000 -7.43165210e-03 +6.59163723e-05  7.50e-03   1.59e-02     1.98e-03   187.714s
 311000 -7.37651571e-03 +6.58459417e-05  7.44e-03   1.58e-02     1.91e-03   188.314s
 312000 -7.31718151e-03 +6.57759472e-05  7.38e-03   1.57e-02     1.84e-03   188.902s
 313000 -7.25384079e-03 +6.57071844e-05  7.32e-03   1.56e-02     1.78e-03   189.498s
 314000 -7.18644094e-03 +6.56400729e-05  7.25e-03   1.55e-02     1.72e-03   190.109s
 315000 -7.11527467e-03 +6.55737860e-05  7.18e-03   1.53e-02     1.66e-03   190.720s
 316000 -7.04042347e-03 +6.55080044e-05  7.11e-03   1.52e-02     1.60e-03   191.319s
 317000 -6.96221343e-03 +6.54434090e-05  7.03e-03   1.51e-02     1.54e-03   191.894s
 318000 -6.88045389e-03 +6.53797241e-05  6.95e-03   1.50e-02     1.49e-03   192.501s
 319000 -6.79535732e-03 +6.53171311e-05  6.86e-03   1.49e-02     1.43e-03   193.108s
 320000 -6.70710215e-03 +6.52552041e-05  6.77e-03   1.47e-02     1.38e-03   193.723s
 321000 -6.61598358e-03 +6.51941126e-05  6.68e-03   1.46e-02     1.33e-03   194.343s
 322000 -6.52203721e-03 +6.51339396e-05  6.59e-03   1.45e-02     1.28e-03   194.916s
 323000 -6.42527424e-03 +6.50743226e-05  6.49e-03   1.44e-02     1.23e-03   195.528s
 324000 -6.32590305e-03 +6.50151381e-05  6.39e-03   1.43e-02     1.18e-03   196.123s
 325000 -6.22400685e-03 +6.49563198e-05  6.29e-03   1.41e-02     1.14e-03   196.716s
 326000 -6.11985408e-03 +6.48986896e-05  6.18e-03   1.40e-02     1.09e-03   197.305s
 327000 -6.01344942e-03 +6.48418588e-05  6.08e-03   1.39e-02     1.05e-03   197.904s
 328000 -5.90491528e-03 +6.47859482e-05  5.97e-03   1.38e-02     1.01e-03   198.509s
 329000 -5.79439712e-03 +6.47311972e-05  5.86e-03   1.37e-02     9.71e-04   199.078s
 330000 -5.68206294e-03 +6.46775993e-05  5.75e-03   1.35e-02     9.34e-04   199.664s
 331000 -5.59522590e-03 +6.46288974e-05  5.66e-03   1.34e-02     8.96e-04   200.272s
 332000 -5.61510377e-03 +6.45984634e-05  5.68e-03   1.34e-02     8.47e-04   200.863s
 333000 -5.63134723e-03 +6.45685815e-05  5.70e-03   1.34e-02     8.01e-04   201.469s
 334000 -5.64398225e-03 +6.45388215e-05  5.71e-03   1.34e-02     7.57e-04   202.063s
 335000 -5.65299109e-03 +6.45089608e-05  5.72e-03   1.34e-02     7.17e-04   202.690s
 336000 -5.65846413e-03 +6.44790974e-05  5.72e-03   1.34e-02     6.80e-04   203.296s
 337000 -5.66038716e-03 +6.44488870e-05  5.72e-03   1.34e-02     6.47e-04   204.909s
 338000 -5.65878467e-03 +6.44189132e-05  5.72e-03   1.34e-02     6.19e-04   205.518s
 339000 -5.65372673e-03 +6.43885916e-05  5.72e-03   1.33e-02     5.96e-04   206.119s
 340000 -5.64520895e-03 +6.43581794e-05  5.71e-03   1.33e-02     5.79e-04   206.724s
 341000 -5.63329108e-03 +6.43277736e-05  5.70e-03   1.33e-02     5.67e-04   207.344s
 342000 -5.61800185e-03 +6.42972928e-05  5.68e-03   1.33e-02     5.62e-04   207.952s
 343000 -5.59938021e-03 +6.42666246e-05  5.66e-03   1.33e-02     5.63e-04   208.572s
 344000 -5.57750007e-03 +6.42362886e-05  5.64e-03   1.32e-02     5.69e-04   209.168s
 345000 -5.55237617e-03 +6.42064017e-05  5.62e-03   1.32e-02     5.81e-04   209.753s
 346000 -5.52406769e-03 +6.41763403e-05  5.59e-03   1.32e-02     5.98e-04   210.356s
 347000 -5.49261444e-03 +6.41462754e-05  5.56e-03   1.31e-02     6.20e-04   210.972s
 348000 -5.45808637e-03 +6.41163570e-05  5.52e-03   1.31e-02     6.45e-04   211.594s
 349000 -5.42047753e-03 +6.40864871e-05  5.48e-03   1.31e-02     6.73e-04   212.195s
 350000 -5.37985250e-03 +6.40566415e-05  5.44e-03   1.30e-02     7.04e-04   212.801s
 351000 -5.33628044e-03 +6.40267773e-05  5.40e-03   1.30e-02     7.37e-04   213.417s
 352000 -5.28980961e-03 +6.39971671e-05  5.35e-03   1.30e-02     7.71e-04   214.032s
 353000 -5.24050853e-03 +6.39677880e-05  5.30e-03   1.29e-02     8.07e-04   214.634s
 354000 -5.18840459e-03 +6.39383279e-05  5.25e-03   1.29e-02     8.44e-04   215.236s
 355000 -5.13353194e-03 +6.39096100e-05  5.20e-03   1.29e-02     8.82e-04   215.838s
 356000 -5.07604051e-03 +6.38817884e-05  5.14e-03   1.28e-02     9.19e-04   216.439s
 357000 -5.01592052e-03 +6.38539055e-05  5.08e-03   1.28e-02     9.58e-04   217.031s
 358000 -4.95318974e-03 +6.38263998e-05  5.02e-03   1.27e-02     9.96e-04   217.635s
 359000 -4.88791309e-03 +6.37995948e-05  4.95e-03   1.27e-02     1.03e-03   218.249s
 360000 -4.82020321e-03 +6.37732400e-05  4.88e-03   1.27e-02     1.07e-03   218.857s
 361000 -4.75012412e-03 +6.37472843e-05  4.81e-03   1.26e-02     1.11e-03   219.446s
 362000 -4.67765077e-03 +6.37221565e-05  4.74e-03   1.26e-02     1.15e-03   220.048s
 363000 -4.60295993e-03 +6.36972958e-05  4.67e-03   1.25e-02     1.18e-03   220.653s
 364000 -4.52600371e-03 +6.36726372e-05  4.59e-03   1.25e-02     1.22e-03   221.263s
 365000 -4.44697130e-03 +6.36482670e-05  4.51e-03   1.24e-02     1.26e-03   221.856s
 366000 -4.36578643e-03 +6.36238599e-05  4.43e-03   1.24e-02     1.29e-03   222.460s
 367000 -4.28264485e-03 +6.35997420e-05  4.35e-03   1.23e-02     1.33e-03   223.071s
 368000 -4.19752405e-03 +6.35759221e-05  4.26e-03   1.23e-02     1.36e-03   223.684s
