Running HiGHS 1.15.1 (git hash: 04024d7): Copyright (c) 2026 under MIT licence terms
Includes third-party software components, see THIRD_PARTY_NOTICES.md for full details
LP has 804 rows; 24496 cols; 11211740 nonzeros
Coefficient ranges:
  Matrix  [2e+00, 4e+06]
  Cost    [1e+00, 1e+00]
  Bound   [0e+00, 0e+00]
  RHS     [1e+00, 1e+00]
Not presolved: solving the LP
IPX model has 804 rows, 24496 columns and 11211740 nonzeros
Input
    Number of variables:                                24496
    Number of free variables:                           0
    Number of constraints:                              804
    Number of equality constraints:                     804
    Number of matrix entries:                           11211740
    Matrix range:                                       [2e+00, 4e+06]
    RHS range:                                          [1e+00, 1e+00]
    Objective range:                                    [1e+00, 1e+00]
    Bounds range:                                       [0e+00, 0e+00]
Preprocessing
    Dualized model:                                     no
    Number of dense columns:                            0
    Range of scaling factors:                           [9.77e-04, 3.20e+01]
    Scaled cost norm:                                   0.000976562
    Scaled bounds norm:                                 0.000976562
IPX version 1.0
Interior point solve
 Iter       primal obj         dual obj       pinf       dinf       gap      time
   0    4.80798731e-22   0.00000000e+00   1.50e+00   1.50e+00  4.81e-22      13.7
   1    3.58378811e+01   0.00000000e+00   2.24e-04   1.50e-06  1.89e+00      13.9
 Constructing starting basis...
 Iter       primal obj         dual obj       pinf       dinf       gap      time
   2    2.79389868e-02   0.00000000e+00   1.74e-07   1.50e-12  2.76e-02      23.4
   3    7.11520935e-03   2.22616101e-08   4.32e-08   2.36e-18  7.09e-03      24.9
   4    1.77755664e-03   4.09573220e-07   1.03e-08   1.55e-17  1.78e-03      27.3
   5    4.46235606e-04   2.83814347e-06   2.47e-09   1.28e-16  4.43e-04      31.9
   6    1.01864552e-04   8.70803515e-06   4.53e-10   3.88e-16  9.32e-05      39.5
   7    5.82824358e-05   1.29697499e-05   1.73e-10   5.06e-16  4.53e-05      51.4
   8    4.40072366e-05   1.60142505e-05   1.00e-10   6.10e-16  2.80e-05      60.9
   9    3.14760757e-05   1.72201664e-05   4.58e-11   6.24e-16  1.43e-05      67.9
  10    2.56145753e-05   1.80409978e-05   2.08e-11   7.26e-16  7.57e-06      73.3
  11    2.23993654e-05   1.86820718e-05   7.29e-12   7.72e-16  3.72e-06      77.7
  12    2.07172133e-05   1.88988600e-05   2.72e-12   7.62e-16  1.82e-06      81.1
  13    2.00638006e-05   1.90689675e-05   1.13e-12   7.86e-16  9.95e-07      83.9
  14    1.96510526e-05   1.91310985e-05   4.57e-13   7.25e-16  5.20e-07      86.3
  15    1.94166247e-05   1.91598926e-05   1.76e-13   8.17e-16  2.57e-07      88.3
  16    1.93025333e-05   1.91826319e-05   5.64e-14   6.87e-16  1.20e-07      90.1
  17    1.92546185e-05   1.91911192e-05   2.37e-14   8.82e-16  6.35e-08      91.8
  18    1.92226196e-05   1.91954998e-05   6.75e-15   9.37e-16  2.71e-08      93.4
  19*   1.92059604e-05   1.91963679e-05   2.05e-15   6.95e-16  9.59e-09      94.8
  20*   1.92011996e-05   1.91966671e-05   9.39e-16   7.52e-16  4.53e-09      96.1
  21*   1.91981271e-05   1.91969267e-05   8.59e-16   8.98e-16  1.20e-09      97.4
  22*   1.91973056e-05   1.91969445e-05   8.40e-16   7.83e-16  3.61e-10      98.3
  23*   1.91970137e-05   1.91969521e-05   2.78e-16   1.07e-15  6.16e-11      99.5
  24*   1.91969548e-05   1.91969540e-05   7.10e-16   1.03e-15  8.08e-13     100.8
Running crossover as requested
    Primal residual before push phase:                  1.78e-10
    Dual residual before push phase:                    3.26e-09
    Number of dual pushes required:                     1
    Number of primal pushes required:                   376
Summary
    Runtime:                                            101.03s
    Status interior point solve:                        imprecise
    Status crossover:                                   optimal
    objective value:                                    1.91969548e-05
    interior solution primal residual (abs/rel):        3.35e-10 / 1.68e-10
    interior solution dual residual (abs/rel):          5.72e-08 / 2.86e-08
    interior solution objective gap (abs/rel):          8.55e-13 / 8.55e-13
    basic solution primal infeasibility:                0.00e+00
    basic solution dual infeasibility:                  4.47e-12
WARNING: Ipx: IPM       imprecise
Ipx: Crossover optimal
WARNING: Unwelcome IPX status of Unknown: basis is valid; solution is valid; run_crossover is "on"
WARNING: IPM solution is imprecise, so clean up with simplex

Model status        : Optimal
IPM       iterations: 24
Objective value     :  1.9196954179e-05
P-D objective error :  3.2863616591e-19
HiGHS run time      :        102.37
LP has 804 rows; 24496 cols; 11211740 nonzeros
Coefficient ranges:
  Matrix  [2e+00, 4e+06]
  Cost    [1e-02, 1e+01]
  Bound   [0e+00, 0e+00]
  RHS     [1e+00, 1e+00]
Not presolved: solving the LP
IPX model has 804 rows, 24496 columns and 11211740 nonzeros
Input
    Number of variables:                                24496
    Number of free variables:                           0
    Number of constraints:                              804
    Number of equality constraints:                     804
    Number of matrix entries:                           11211740
    Matrix range:                                       [2e+00, 4e+06]
    RHS range:                                          [1e+00, 1e+00]
    Objective range:                                    [1e-02, 1e+01]
    Bounds range:                                       [0e+00, 0e+00]
Preprocessing
    Dualized model:                                     no
    Number of dense columns:                            0
    Range of scaling factors:                           [9.77e-04, 3.20e+01]
    Scaled cost norm:                                   0.0112011
    Scaled bounds norm:                                 0.000976562
IPX version 1.0
Interior point solve
 Iter       primal obj         dual obj       pinf       dinf       gap      time
   0   -1.22025684e-20   0.00000000e+00   1.50e+00   1.49e+00  1.22e-20     114.4
   1    3.84616031e+02   0.00000000e+00   1.11e-03   1.49e-06  1.99e+00     114.5
   2    2.24026071e+02   4.36042652e-14   6.15e-04   1.49e-12  1.98e+00     115.5
 Constructing starting basis...
 Iter       primal obj         dual obj       pinf       dinf       gap      time
   3    2.06300906e-02   4.36042652e-14   5.66e-08   2.35e-18  2.04e-02     123.8
   4    2.68616931e-03   4.36042652e-14   4.95e-09   8.58e-19  2.68e-03     124.3
   5    9.64664697e-04   1.63873093e-08   1.60e-09   2.12e-17  9.64e-04     125.7
   6    3.44236748e-04   2.31056318e-06   4.99e-10   2.14e-16  3.42e-04     128.1
   7    1.07346679e-04   4.69977713e-06   1.33e-10   3.46e-16  1.03e-04     132.9
   8    3.35014481e-05   5.51849492e-06   3.14e-11   4.31e-16  2.80e-05     138.0
   9    1.50772927e-05   6.20044861e-06   7.74e-12   6.57e-16  8.88e-06     141.8
  10    1.12564488e-05   6.50822432e-06   3.66e-12   6.88e-16  4.75e-06     145.0
  11    9.13622911e-06   6.69432688e-06   1.63e-12   9.04e-16  2.44e-06     147.5
  12    8.18090573e-06   6.82331747e-06   6.96e-13   1.37e-15  1.36e-06     149.6
  13    7.52695273e-06   6.89819538e-06   2.82e-13   1.36e-15  6.29e-07     151.3
  14    7.22906965e-06   6.94260146e-06   8.36e-14   1.49e-15  2.86e-07     152.8
  15    7.08123897e-06   6.97625967e-06   2.42e-14   1.06e-15  1.05e-07     154.1
  16    7.04589008e-06   6.98513276e-06   1.00e-14   1.33e-15  6.08e-08     155.3
  17    7.01734861e-06   6.98904017e-06   4.70e-15   1.08e-15  2.83e-08     156.4
  18*   6.99866406e-06   6.99102742e-06   1.28e-15   1.19e-15  7.64e-09     157.4
  19*   6.99610826e-06   6.99121162e-06   9.78e-16   1.24e-15  4.90e-09     158.4
  20*   6.99350475e-06   6.99131265e-06   5.25e-16   1.34e-15  2.19e-09     158.9
  21*   6.99142470e-06   6.99140329e-06   2.96e-16   1.12e-15  2.14e-11     159.9
  22*   6.99141073e-06   6.99141064e-06   6.72e-16   1.42e-15  8.58e-14     160.4
Running crossover as requested
    Primal residual before push phase:                  4.16e-13
    Dual residual before push phase:                    1.21e-09
    Number of dual pushes required:                     1
    Number of primal pushes required:                   0
Summary
    Runtime:                                            160.57s
    Status interior point solve:                        optimal
    Status crossover:                                   optimal
    objective value:                                    6.99141073e-06
    interior solution primal residual (abs/rel):        1.49e-11 / 7.47e-12
    interior solution dual residual (abs/rel):          1.47e-12 / 1.18e-13
    interior solution objective gap (abs/rel):          8.57e-14 / 8.57e-14
    basic solution primal infeasibility:                0.00e+00
    basic solution dual infeasibility:                  0.00e+00
Ipx: IPM       optimal
Ipx: Crossover optimal

Model status        : Optimal
IPM       iterations: 22
Objective value     :  6.9914106544e-06
P-D objective error :  2.9323870604e-18
HiGHS run time      :        160.75
LP has 804 rows; 24496 cols; 11211740 nonzeros
Coefficient ranges:
  Matrix  [2e+00, 4e+06]
  Cost    [1e-02, 1e+01]
  Bound   [0e+00, 0e+00]
  RHS     [1e+00, 1e+00]
Not presolved: solving the LP
IPX model has 804 rows, 24496 columns and 11211740 nonzeros
Input
    Number of variables:                                24496
    Number of free variables:                           0
    Number of constraints:                              804
    Number of equality constraints:                     804
    Number of matrix entries:                           11211740
    Matrix range:                                       [2e+00, 4e+06]
    RHS range:                                          [1e+00, 1e+00]
    Objective range:                                    [1e-02, 1e+01]
    Bounds range:                                       [0e+00, 0e+00]
Preprocessing
    Dualized model:                                     no
    Number of dense columns:                            0
    Range of scaling factors:                           [9.77e-04, 3.20e+01]
    Scaled cost norm:                                   0.0114738
    Scaled bounds norm:                                 0.000976562
IPX version 1.0
Interior point solve
 Iter       primal obj         dual obj       pinf       dinf       gap      time
   0   -6.89868631e-21   0.00000000e+00   1.50e+00   1.49e+00  6.90e-21     172.9
   1    3.94548733e+02   0.00000000e+00   1.13e-03   1.49e-06  1.99e+00     173.0
   2    2.30336574e+02   2.73238566e-14   6.30e-04   1.49e-12  1.98e+00     173.8
 Constructing starting basis...
 Iter       primal obj         dual obj       pinf       dinf       gap      time
   3    2.12491721e-02   2.73238566e-14   5.81e-08   2.35e-18  2.10e-02     181.8
   4    3.01024665e-03   2.73238566e-14   6.77e-09   8.57e-19  3.01e-03     182.3
   5    5.49550795e-04   4.72700220e-08   6.06e-10   1.12e-17  5.49e-04     183.5
   6    1.61506149e-04   2.98167021e-06   2.48e-11   2.75e-16  1.59e-04     186.6
   7    4.37532230e-05   5.16754679e-06   5.45e-12   3.93e-16  3.86e-05     191.7
