ADMM_START rows=743 columns=12248 nnz=5605870 rounds=5 max_iterations=2000 rho=100000000.0
ADMM_ITER round=0/4 iteration=1/2000 objective=9.1460324642530881e-07 r=4.13111e-07/1.10671e-08 s=7.35689/4.24178e-07 projection_inf=7.17186e-19 rho=1e+08 support=287/12248
ADMM_ITER round=0/4 iteration=25/2000 objective=1.9260030787566763e-05 r=2.94694e-08/1.10671e-08 s=1.60956/5.9783e-07 projection_inf=1.2494e-18 rho=5e+07 support=1198/12248
ADMM_ITER round=0/4 iteration=50/2000 objective=1.9144804091484496e-05 r=2.29477e-08/1.10671e-08 s=0.545289/5.90938e-07 projection_inf=2.50366e-18 rho=2.5e+07 support=993/12248
ADMM_ITER round=0/4 iteration=75/2000 objective=1.9108560026605619e-05 r=2.14164e-08/1.10671e-08 s=0.248649/5.91226e-07 projection_inf=5.32265e-18 rho=1.25e+07 support=934/12248
ADMM_ITER round=0/4 iteration=100/2000 objective=1.9167789808047761e-05 r=2.01191e-08/1.10671e-08 s=0.106696/5.91644e-07 projection_inf=1.10632e-17 rho=6.25e+06 support=870/12248
ADMM_ITER round=0/4 iteration=125/2000 objective=1.9146218357186214e-05 r=1.90991e-08/1.10671e-08 s=0.0557218/5.92316e-07 projection_inf=2.13368e-17 rho=3.125e+06 support=854/12248
ADMM_ITER round=0/4 iteration=150/2000 objective=1.9093369172031586e-05 r=2.00706e-08/1.10671e-08 s=0.0310841/5.92501e-07 projection_inf=4.66912e-17 rho=1.5625e+06 support=876/12248
ADMM_ITER round=0/4 iteration=175/2000 objective=1.9177184420515557e-05 r=2.27243e-08/1.10671e-08 s=0.0163204/5.92481e-07 projection_inf=7.90171e-17 rho=781250 support=839/12248
ADMM_ITER round=0/4 iteration=200/2000 objective=1.9104890534479206e-05 r=2.34768e-08/1.10671e-08 s=0.00843736/5.92629e-07 projection_inf=1.74513e-16 rho=390625 support=826/12248
ADMM_ITER round=0/4 iteration=225/2000 objective=1.9108360658546485e-05 r=2.21418e-08/1.10671e-08 s=0.00458586/5.92642e-07 projection_inf=3.05463e-16 rho=195312 support=839/12248
ADMM_ITER round=0/4 iteration=250/2000 objective=1.9142831072963466e-05 r=2.50538e-08/1.10671e-08 s=0.00224947/5.92644e-07 projection_inf=6.88804e-16 rho=97656.2 support=768/12248
ADMM_ITER round=0/4 iteration=275/2000 objective=1.9062912614900359e-05 r=2.35987e-08/1.10671e-08 s=0.00123826/5.92657e-07 projection_inf=1.29714e-15 rho=48828.1 support=794/12248
ADMM_ITER round=0/4 iteration=300/2000 objective=1.9088644177611478e-05 r=2.60895e-08/1.10671e-08 s=0.000665263/5.92663e-07 projection_inf=2.5727e-15 rho=24414.1 support=782/12248
ADMM_ITER round=0/4 iteration=325/2000 objective=1.9088704787787326e-05 r=2.86328e-08/1.10671e-08 s=0.000330306/5.92665e-07 projection_inf=5.0103e-15 rho=12207 support=790/12248
ADMM_ITER round=0/4 iteration=350/2000 objective=1.9064094575323246e-05 r=2.81819e-08/1.10671e-08 s=0.000184627/5.92667e-07 projection_inf=1.21115e-14 rho=6103.52 support=793/12248
ADMM_ITER round=0/4 iteration=375/2000 objective=1.904184853092518e-05 r=3.27781e-08/1.10671e-08 s=9.43049e-05/5.92668e-07 projection_inf=2.02147e-14 rho=3051.76 support=785/12248
ADMM_ITER round=0/4 iteration=400/2000 objective=1.9067049313453059e-05 r=3.01324e-08/1.10671e-08 s=5.03873e-05/5.92668e-07 projection_inf=4.07707e-14 rho=1525.88 support=717/12248
ADMM_ITER round=0/4 iteration=425/2000 objective=1.9047368055633831e-05 r=3.3581e-08/1.10671e-08 s=2.56514e-05/5.92668e-07 projection_inf=8.47374e-14 rho=762.939 support=741/12248
ADMM_ITER round=0/4 iteration=450/2000 objective=1.9037734188051027e-05 r=3.64706e-08/1.10671e-08 s=1.17066e-05/5.92668e-07 projection_inf=1.73286e-13 rho=381.47 support=744/12248
ADMM_ITER round=0/4 iteration=475/2000 objective=1.9150452191149005e-05 r=3.33835e-08/1.10671e-08 s=6.35193e-06/5.92668e-07 projection_inf=3.44411e-13 rho=190.735 support=743/12248
ADMM_ITER round=0/4 iteration=500/2000 objective=1.905235590447113e-05 r=3.87988e-08/1.10671e-08 s=3.04354e-06/5.92668e-07 projection_inf=7.47123e-13 rho=95.3674 support=723/12248
ADMM_ITER round=0/4 iteration=525/2000 objective=1.9049509729772429e-05 r=3.58965e-08/1.10671e-08 s=1.78234e-06/5.92668e-07 projection_inf=1.48479e-12 rho=47.6837 support=699/12248
ADMM_ITER round=0/4 iteration=550/2000 objective=1.9043353211463387e-05 r=4.34608e-08/1.10671e-08 s=8.57948e-07/5.92668e-07 projection_inf=2.66846e-12 rho=23.8419 support=711/12248
ADMM_ITER round=0/4 iteration=575/2000 objective=1.9097083269664639e-05 r=4.11195e-08/1.10671e-08 s=4.54933e-07/5.92668e-07 projection_inf=5.41585e-12 rho=11.9209 support=712/12248
ADMM_ITER round=0/4 iteration=600/2000 objective=1.9203890526092726e-05 r=4.44039e-08/1.10671e-08 s=2.38985e-07/5.92668e-07 projection_inf=1.0761e-11 rho=5.96046 support=697/12248
ADMM_ITER round=0/4 iteration=625/2000 objective=1.9229109985030579e-05 r=3.15008e-08/1.10671e-08 s=1.81667e-07/5.92668e-07 projection_inf=1.12557e-11 rho=5.96046 support=731/12248
ADMM_ITER round=0/4 iteration=650/2000 objective=1.9260876111287795e-05 r=2.66878e-08/1.10671e-08 s=1.37208e-07/5.92668e-07 projection_inf=1.07422e-11 rho=5.96046 support=732/12248
ADMM_ITER round=0/4 iteration=675/2000 objective=1.9260048398278551e-05 r=2.56481e-08/1.10671e-08 s=9.21638e-08/5.92668e-07 projection_inf=1.04347e-11 rho=5.96046 support=759/12248
ADMM_ITER round=0/4 iteration=700/2000 objective=1.9243679847180672e-05 r=1.95476e-08/1.10671e-08 s=1.08548e-07/5.92668e-07 projection_inf=1.10444e-11 rho=5.96046 support=772/12248
ADMM_ITER round=0/4 iteration=725/2000 objective=1.9272723490532107e-05 r=2.2392e-08/1.10671e-08 s=5.71867e-08/5.92668e-07 projection_inf=1.05232e-11 rho=5.96046 support=768/12248
ADMM_ITER round=0/4 iteration=750/2000 objective=1.9258936189758824e-05 r=1.77291e-08/1.10671e-08 s=8.46356e-08/5.92668e-07 projection_inf=1.26466e-11 rho=5.96046 support=778/12248
ADMM_ITER round=0/4 iteration=775/2000 objective=1.9275917907596307e-05 r=1.91655e-08/1.10671e-08 s=5.9515e-08/5.92668e-07 projection_inf=1.07509e-11 rho=5.96046 support=776/12248
ADMM_ITER round=0/4 iteration=800/2000 objective=1.9258458884119367e-05 r=1.8375e-08/1.10671e-08 s=5.81939e-08/5.92668e-07 projection_inf=1.18492e-11 rho=5.96046 support=778/12248
ADMM_ITER round=0/4 iteration=825/2000 objective=1.9262364269495569e-05 r=1.72086e-08/1.10671e-08 s=6.23393e-08/5.92668e-07 projection_inf=1.13549e-11 rho=5.96046 support=779/12248
ADMM_ITER round=0/4 iteration=850/2000 objective=1.9278203979483655e-05 r=1.84739e-08/1.10671e-08 s=3.85695e-08/5.92668e-07 projection_inf=1.05568e-11 rho=5.96046 support=778/12248
ADMM_ITER round=0/4 iteration=875/2000 objective=1.927569645307492e-05 r=1.61953e-08/1.10671e-08 s=5.94783e-08/5.92668e-07 projection_inf=1.15636e-11 rho=5.96046 support=760/12248
ADMM_ITER round=0/4 iteration=900/2000 objective=1.9295153625975558e-05 r=1.73684e-08/1.10671e-08 s=3.75703e-08/5.92668e-07 projection_inf=1.12469e-11 rho=5.96046 support=769/12248
ADMM_ITER round=0/4 iteration=925/2000 objective=1.9286623350128762e-05 r=1.65792e-08/1.10671e-08 s=4.25511e-08/5.92668e-07 projection_inf=1.06955e-11 rho=5.96046 support=787/12248
ADMM_ITER round=0/4 iteration=950/2000 objective=1.9284257512963698e-05 r=1.59024e-08/1.10671e-08 s=4.67429e-08/5.92668e-07 projection_inf=1.08369e-11 rho=5.96046 support=790/12248
ADMM_ITER round=0/4 iteration=975/2000 objective=1.9276861638106713e-05 r=1.6939e-08/1.10671e-08 s=2.53335e-08/5.92668e-07 projection_inf=1.04514e-11 rho=5.96046 support=788/12248
ADMM_ITER round=0/4 iteration=1000/2000 objective=1.9289129820188045e-05 r=1.54104e-08/1.10671e-08 s=4.59538e-08/5.92668e-07 projection_inf=1.0981e-11 rho=5.96046 support=769/12248
ADMM_ITER round=0/4 iteration=1025/2000 objective=1.9297215255592581e-05 r=1.64655e-08/1.10671e-08 s=2.56383e-08/5.92668e-07 projection_inf=1.087e-11 rho=5.96046 support=774/12248
ADMM_ITER round=0/4 iteration=1050/2000 objective=1.9288531587363655e-05 r=1.55267e-08/1.10671e-08 s=3.77118e-08/5.92668e-07 projection_inf=1.14616e-11 rho=5.96046 support=791/12248
ADMM_ITER round=0/4 iteration=1075/2000 objective=1.9279113296050143e-05 r=1.54643e-08/1.10671e-08 s=3.35686e-08/5.92668e-07 projection_inf=1.11722e-11 rho=5.96046 support=792/12248
ADMM_ITER round=0/4 iteration=1100/2000 objective=1.9278729070565381e-05 r=1.55684e-08/1.10671e-08 s=2.68492e-08/5.92668e-07 projection_inf=1.09841e-11 rho=5.96046 support=789/12248
ADMM_ITER round=0/4 iteration=1125/2000 objective=1.9292793071251646e-05 r=1.49183e-08/1.10671e-08 s=3.45411e-08/5.92668e-07 projection_inf=1.06912e-11 rho=5.96046 support=775/12248
ADMM_ITER round=0/4 iteration=1150/2000 objective=1.9289257965210416e-05 r=1.5279e-08/1.10671e-08 s=2.42241e-08/5.92668e-07 projection_inf=1.07832e-11 rho=5.96046 support=778/12248
ADMM_ITER round=0/4 iteration=1175/2000 objective=1.9279493927687463e-05 r=1.49107e-08/1.10671e-08 s=2.77462e-08/5.92668e-07 projection_inf=1.12243e-11 rho=5.96046 support=795/12248
ADMM_ITER round=0/4 iteration=1200/2000 objective=1.9282764667089003e-05 r=1.47478e-08/1.10671e-08 s=2.72472e-08/5.92668e-07 projection_inf=1.18125e-11 rho=5.96046 support=797/12248
ADMM_ITER round=0/4 iteration=1225/2000 objective=1.9284888587517424e-05 r=1.47652e-08/1.10671e-08 s=2.33206e-08/5.92668e-07 projection_inf=1.19765e-11 rho=5.96046 support=799/12248
ADMM_ITER round=0/4 iteration=1250/2000 objective=1.9288200048733772e-05 r=1.45373e-08/1.10671e-08 s=2.52848e-08/5.92668e-07 projection_inf=1.12661e-11 rho=5.96046 support=798/12248
ADMM_ITER round=0/4 iteration=1275/2000 objective=1.9287231101505764e-05 r=1.44221e-08/1.10671e-08 s=2.45381e-08/5.92668e-07 projection_inf=1.18183e-11 rho=5.96046 support=800/12248
ADMM_ITER round=0/4 iteration=1300/2000 objective=1.927895255468548e-05 r=1.45634e-08/1.10671e-08 s=1.7863e-08/5.92668e-07 projection_inf=1.09097e-11 rho=5.96046 support=800/12248
ADMM_ITER round=0/4 iteration=1325/2000 objective=1.9287709479870463e-05 r=1.41612e-08/1.10671e-08 s=2.5024e-08/5.92668e-07 projection_inf=1.06216e-11 rho=5.96046 support=801/12248
ADMM_ITER round=0/4 iteration=1350/2000 objective=1.9290451116343865e-05 r=1.44852e-08/1.10671e-08 s=1.45139e-08/5.92668e-07 projection_inf=1.08822e-11 rho=5.96046 support=800/12248
ADMM_ITER round=0/4 iteration=1375/2000 objective=1.9285359166454352e-05 r=1.4224e-08/1.10671e-08 s=2.01434e-08/5.92668e-07 projection_inf=1.04589e-11 rho=5.96046 support=800/12248
ADMM_ITER round=0/4 iteration=1400/2000 objective=1.928464546888109e-05 r=1.41756e-08/1.10671e-08 s=1.97803e-08/5.92668e-07 projection_inf=1.02536e-11 rho=5.96046 support=801/12248
ADMM_ITER round=0/4 iteration=1425/2000 objective=1.9283944588693869e-05 r=1.43695e-08/1.10671e-08 s=1.18e-08/5.92668e-07 projection_inf=1.14365e-11 rho=5.96046 support=801/12248
ADMM_ITER round=0/4 iteration=1450/2000 objective=1.9289312319425989e-05 r=1.40687e-08/1.10671e-08 s=1.98287e-08/5.92668e-07 projection_inf=1.082e-11 rho=5.96046 support=783/12248
ADMM_ITER round=0/4 iteration=1475/2000 objective=1.9290052782922062e-05 r=1.42337e-08/1.10671e-08 s=1.33637e-08/5.92668e-07 projection_inf=1.22498e-11 rho=5.96046 support=782/12248
ADMM_ITER round=0/4 iteration=1500/2000 objective=1.9286112827504587e-05 r=1.41772e-08/1.10671e-08 s=1.38604e-08/5.92668e-07 projection_inf=1.04852e-11 rho=5.96046 support=801/12248
ADMM_ITER round=0/4 iteration=1525/2000 objective=1.9284216337511761e-05 r=1.40677e-08/1.10671e-08 s=1.59323e-08/5.92668e-07 projection_inf=1.07295e-11 rho=5.96046 support=802/12248
ADMM_ITER round=0/4 iteration=1550/2000 objective=1.9286621397468506e-05 r=1.41645e-08/1.10671e-08 s=1.10168e-08/5.92668e-07 projection_inf=1.07692e-11 rho=5.96046 support=802/12248
ADMM_ITER round=0/4 iteration=1575/2000 objective=1.9290758289464138e-05 r=1.40804e-08/1.10671e-08 s=1.32652e-08/5.92668e-07 projection_inf=1.17313e-11 rho=5.96046 support=802/12248
ADMM_ITER round=0/4 iteration=1600/2000 objective=1.9290802116350703e-05 r=1.40211e-08/1.10671e-08 s=1.40373e-08/5.92668e-07 projection_inf=1.06926e-11 rho=5.96046 support=785/12248
ADMM_ITER round=0/4 iteration=1625/2000 objective=1.9285688621223374e-05 r=1.4103e-08/1.10671e-08 s=9.09713e-09/5.92668e-07 projection_inf=1.04363e-11 rho=5.96046 support=802/12248
ADMM_ITER round=0/4 iteration=1650/2000 objective=1.928425484629126e-05 r=1.39842e-08/1.10671e-08 s=1.33079e-08/5.92668e-07 projection_inf=1.0991e-11 rho=5.96046 support=803/12248
ADMM_ITER round=0/4 iteration=1675/2000 objective=1.9288323248600747e-05 r=1.40262e-08/1.10671e-08 s=1.07508e-08/5.92668e-07 projection_inf=1.0993e-11 rho=5.96046 support=803/12248
ADMM_ITER round=0/4 iteration=1700/2000 objective=1.9289704947855757e-05 r=1.39662e-08/1.10671e-08 s=1.08753e-08/5.92668e-07 projection_inf=1.03854e-11 rho=5.96046 support=803/12248
ADMM_ITER round=0/4 iteration=1725/2000 objective=1.9286784561811654e-05 r=1.38547e-08/1.10671e-08 s=1.3762e-08/5.92668e-07 projection_inf=1.08318e-11 rho=5.96046 support=804/12248
ADMM_ITER round=0/4 iteration=1750/2000 objective=1.9286187237343988e-05 r=1.37149e-08/1.10671e-08 s=1.2259e-08/5.92669e-07 projection_inf=1.13475e-11 rho=5.96046 support=805/12248
ADMM_ITER round=0/4 iteration=1775/2000 objective=1.9288262567362935e-05 r=1.36303e-08/1.10671e-08 s=1.32618e-08/5.92669e-07 projection_inf=1.11117e-11 rho=5.96046 support=805/12248
ADMM_ITER round=0/4 iteration=1800/2000 objective=1.9288514499615772e-05 r=1.36246e-08/1.10671e-08 s=1.20028e-08/5.92669e-07 projection_inf=1.26713e-11 rho=5.96046 support=804/12248
ADMM_ITER round=0/4 iteration=1825/2000 objective=1.928956127339454e-05 r=1.36511e-08/1.10671e-08 s=9.49966e-09/5.92669e-07 projection_inf=1.03928e-11 rho=5.96046 support=804/12248
ADMM_ITER round=0/4 iteration=1850/2000 objective=1.9289619977713723e-05 r=1.34759e-08/1.10671e-08 s=1.46666e-08/5.92669e-07 projection_inf=1.05767e-11 rho=5.96046 support=805/12248
ADMM_ITER round=0/4 iteration=1875/2000 objective=1.9289481238082828e-05 r=1.35454e-08/1.10671e-08 s=1.01258e-08/5.92669e-07 projection_inf=1.16191e-11 rho=5.96046 support=804/12248
ADMM_ITER round=0/4 iteration=1900/2000 objective=1.9290073427963295e-05 r=1.35053e-08/1.10671e-08 s=1.03703e-08/5.92669e-07 projection_inf=1.3252e-11 rho=5.96046 support=805/12248
ADMM_ITER round=0/4 iteration=1925/2000 objective=1.9290625419970953e-05 r=1.34452e-08/1.10671e-08 s=1.17795e-08/5.92669e-07 projection_inf=1.18332e-11 rho=5.96046 support=805/12248
ADMM_ITER round=0/4 iteration=1950/2000 objective=1.9289684736467638e-05 r=1.35129e-08/1.10671e-08 s=7.25979e-09/5.92669e-07 projection_inf=1.15899e-11 rho=5.96046 support=805/12248
ADMM_ITER round=0/4 iteration=1975/2000 objective=1.9288927845917403e-05 r=1.34347e-08/1.10671e-08 s=1.04726e-08/5.92669e-07 projection_inf=1.00075e-11 rho=5.96046 support=805/12248
ADMM_ITER round=0/4 iteration=2000/2000 objective=1.9290725254694774e-05 r=1.34606e-08/1.10671e-08 s=8.34594e-09/5.92669e-07 projection_inf=1.05177e-11 rho=5.96046 support=805/12248
ADMM_ITER round=1/4 iteration=1/2000 objective=0 r=1.29603e-06/1.10671e-08 s=7.73366e-06/1.10671e-08 projection_inf=3.81314e-20 rho=5.96046 support=0/12248
ADMM_ITER round=1/4 iteration=25/2000 objective=0 r=4.40869e-07/1.10671e-08 s=0/1.10677e-08 projection_inf=1.66336e-17 rho=5.96046 support=0/12248
ADMM_ITER round=1/4 iteration=50/2000 objective=0 r=4.40869e-07/1.10671e-08 s=0/1.1069e-08 projection_inf=2.93203e-17 rho=11.9209 support=0/12248
ADMM_ITER round=1/4 iteration=75/2000 objective=0 r=4.40869e-07/1.10671e-08 s=0/1.10717e-08 projection_inf=2.98492e-17 rho=23.8419 support=0/12248
ADMM_ITER round=1/4 iteration=100/2000 objective=0 r=4.40869e-07/1.10671e-08 s=0/1.10769e-08 projection_inf=3.35491e-17 rho=47.6837 support=0/12248
ADMM_ITER round=1/4 iteration=125/2000 objective=0 r=4.40869e-07/1.10671e-08 s=0/1.10874e-08 projection_inf=4.15074e-17 rho=95.3674 support=0/12248
ADMM_ITER round=1/4 iteration=150/2000 objective=0 r=4.40869e-07/1.10671e-08 s=0/1.11085e-08 projection_inf=3.66908e-17 rho=190.735 support=0/12248
ADMM_ITER round=1/4 iteration=175/2000 objective=0 r=4.40869e-07/1.10671e-08 s=0/1.11505e-08 projection_inf=3.58634e-17 rho=381.47 support=0/12248
ADMM_ITER round=1/4 iteration=200/2000 objective=0 r=4.40869e-07/1.10671e-08 s=0/1.12346e-08 projection_inf=4.01681e-17 rho=762.939 support=0/12248
ADMM_ITER round=1/4 iteration=225/2000 objective=0 r=4.40869e-07/1.10671e-08 s=0/1.14028e-08 projection_inf=4.01403e-17 rho=1525.88 support=0/12248
ADMM_ITER round=1/4 iteration=250/2000 objective=0 r=4.40869e-07/1.10671e-08 s=0/1.17391e-08 projection_inf=3.40932e-17 rho=3051.76 support=0/12248
ADMM_ITER round=1/4 iteration=275/2000 objective=0 r=4.40869e-07/1.10671e-08 s=0/1.24118e-08 projection_inf=3.35984e-17 rho=6103.52 support=0/12248
ADMM_ITER round=1/4 iteration=300/2000 objective=0 r=4.40869e-07/1.10671e-08 s=0/1.37573e-08 projection_inf=3.50876e-17 rho=12207 support=0/12248
ADMM_ITER round=1/4 iteration=325/2000 objective=0 r=4.40869e-07/1.10671e-08 s=0/1.64481e-08 projection_inf=3.71707e-17 rho=24414.1 support=0/12248
ADMM_ITER round=1/4 iteration=350/2000 objective=3.4958587107942563e-08 r=4.12349e-07/1.10671e-08 s=0.00527147/2.15342e-08 projection_inf=3.29486e-17 rho=48828.1 support=4/12248
ADMM_ITER round=1/4 iteration=375/2000 objective=7.1534022324670122e-08 r=4.04725e-07/1.10671e-08 s=0.00244343/2.38251e-08 projection_inf=8.70152e-17 rho=24414.1 support=5/12248
ADMM_ITER round=1/4 iteration=400/2000 objective=1.2226816440582731e-07 r=3.94656e-07/1.10671e-08 s=0.00128843/2.5004e-08 projection_inf=2.03644e-16 rho=12207 support=6/12248
ADMM_ITER round=1/4 iteration=425/2000 objective=1.0145828576840507e-07 r=3.91229e-07/1.10671e-08 s=0.000810471/2.55363e-08 projection_inf=3.77608e-16 rho=6103.52 support=6/12248
ADMM_ITER round=1/4 iteration=450/2000 objective=1.0600309940164346e-07 r=3.90342e-07/1.10671e-08 s=0.000377742/2.58275e-08 projection_inf=8.62775e-16 rho=3051.76 support=6/12248
ADMM_ITER round=1/4 iteration=475/2000 objective=8.3499007232445122e-08 r=3.93379e-07/1.10671e-08 s=0.000262161/2.59594e-08 projection_inf=1.46646e-15 rho=1525.88 support=6/12248
ADMM_ITER round=1/4 iteration=500/2000 objective=8.6424762794898193e-08 r=3.99865e-07/1.10671e-08 s=7.05235e-05/2.60331e-08 projection_inf=3.45935e-15 rho=762.939 support=6/12248
ADMM_ITER round=1/4 iteration=525/2000 objective=9.415661303862539e-08 r=3.90063e-07/1.10671e-08 s=5.52227e-05/2.60665e-08 projection_inf=6.28544e-15 rho=381.47 support=6/12248
ADMM_ITER round=1/4 iteration=550/2000 objective=8.776520035631954e-08 r=3.96317e-07/1.10671e-08 s=1.95046e-05/2.60848e-08 projection_inf=1.21426e-14 rho=190.735 support=6/12248
ADMM_ITER round=1/4 iteration=575/2000 objective=8.8587891833579113e-08 r=3.90095e-07/1.10671e-08 s=1.46904e-05/2.60931e-08 projection_inf=2.61488e-14 rho=95.3674 support=6/12248
ADMM_ITER round=1/4 iteration=600/2000 objective=8.6102277152586035e-08 r=3.96847e-07/1.10671e-08 s=4.80919e-06/2.60977e-08 projection_inf=5.07314e-14 rho=47.6837 support=6/12248
ADMM_ITER round=1/4 iteration=625/2000 objective=8.9414155406445625e-08 r=3.90017e-07/1.10671e-08 s=3.71295e-06/2.60998e-08 projection_inf=9.7517e-14 rho=23.8419 support=6/12248
ADMM_ITER round=1/4 iteration=650/2000 objective=1.0779176250853866e-07 r=3.91631e-07/1.10671e-08 s=2.56778e-06/2.61021e-08 projection_inf=9.4783e-14 rho=23.8419 support=6/12248
ADMM_ITER round=1/4 iteration=675/2000 objective=8.040529796893326e-08 r=3.93304e-07/1.10671e-08 s=1.62109e-06/2.61042e-08 projection_inf=9.47323e-14 rho=23.8419 support=6/12248
ADMM_ITER round=1/4 iteration=700/2000 objective=1.1255893315579882e-07 r=3.93364e-07/1.10671e-08 s=8.46732e-07/2.61064e-08 projection_inf=1.02845e-13 rho=23.8419 support=6/12248
ADMM_ITER round=1/4 iteration=725/2000 objective=8.3006910074681308e-08 r=3.92244e-07/1.10671e-08 s=2.67546e-07/2.61086e-08 projection_inf=9.44225e-14 rho=23.8419 support=6/12248
ADMM_ITER round=1/4 iteration=750/2000 objective=1.0840677020549334e-07 r=3.90783e-07/1.10671e-08 s=1.26743e-07/2.61108e-08 projection_inf=1.03639e-13 rho=23.8419 support=6/12248
ADMM_ITER round=1/4 iteration=775/2000 objective=8.9272444986895149e-08 r=3.89556e-07/1.10671e-08 s=3.51716e-07/2.6113e-08 projection_inf=1.04324e-13 rho=23.8419 support=6/12248
ADMM_ITER round=1/4 iteration=800/2000 objective=1.0249937156657951e-07 r=3.8877e-07/1.10671e-08 s=4.48888e-07/2.61152e-08 projection_inf=1.0528e-13 rho=23.8419 support=6/12248
ADMM_ITER round=1/4 iteration=825/2000 objective=9.4688397098665367e-08 r=3.8838e-07/1.10671e-08 s=4.54405e-07/2.61174e-08 projection_inf=9.52933e-14 rho=23.8419 support=6/12248
ADMM_ITER round=1/4 iteration=850/2000 objective=9.8255204323148126e-08 r=3.88246e-07/1.10671e-08 s=4.0244e-07/2.61195e-08 projection_inf=1.03842e-13 rho=23.8419 support=6/12248
ADMM_ITER round=1/4 iteration=875/2000 objective=9.7776984462411615e-08 r=3.88234e-07/1.10671e-08 s=3.21199e-07/2.61217e-08 projection_inf=9.50001e-14 rho=23.8419 support=6/12248
ADMM_ITER round=1/4 iteration=900/2000 objective=9.629221748929817e-08 r=3.88256e-07/1.10671e-08 s=2.31723e-07/2.61239e-08 projection_inf=1.03288e-13 rho=23.8419 support=6/12248
ADMM_ITER round=1/4 iteration=925/2000 objective=9.8814165475303767e-08 r=3.88272e-07/1.10671e-08 s=1.48053e-07/2.61261e-08 projection_inf=1.02459e-13 rho=23.8419 support=6/12248
ADMM_ITER round=1/4 iteration=950/2000 objective=9.5957233010500709e-08 r=3.88273e-07/1.10671e-08 s=7.81784e-08/2.61283e-08 projection_inf=1.11216e-13 rho=23.8419 support=6/12248
ADMM_ITER round=1/4 iteration=975/2000 objective=9.8673025233131562e-08 r=3.88264e-07/1.10671e-08 s=2.53655e-08/2.61305e-08 projection_inf=1.02212e-13 rho=23.8419 support=6/12248
ADMM_ITER round=1/4 iteration=1000/2000 objective=9.6400908150950881e-08 r=3.88237e-07/1.10671e-08 s=3.99753e-08/2.61349e-08 projection_inf=5.2192e-14 rho=47.6837 support=6/12248
ADMM_ITER round=1/4 iteration=1025/2000 objective=9.8080244727125098e-08 r=3.88226e-07/1.10671e-08 s=7.55775e-08/2.61392e-08 projection_inf=5.57317e-14 rho=47.6837 support=6/12248
ADMM_ITER round=1/4 iteration=1050/2000 objective=9.6968801875511167e-08 r=3.8822e-07/1.10671e-08 s=8.84191e-08/2.61436e-08 projection_inf=4.95227e-14 rho=47.6837 support=6/12248
ADMM_ITER round=1/4 iteration=1075/2000 objective=9.7591375939105482e-08 r=3.88217e-07/1.10671e-08 s=8.55963e-08/2.6148e-08 projection_inf=4.93978e-14 rho=47.6837 support=6/12248
ADMM_ITER round=1/4 iteration=1100/2000 objective=9.7346840661152315e-08 r=3.88217e-07/1.10671e-08 s=7.34144e-08/2.61524e-08 projection_inf=5.147e-14 rho=47.6837 support=6/12248
ADMM_ITER round=1/4 iteration=1125/2000 objective=9.7327146213100488e-08 r=3.88217e-07/1.10671e-08 s=5.69198e-08/2.61567e-08 projection_inf=5.15394e-14 rho=47.6837 support=6/12248
ADMM_ITER round=1/4 iteration=1150/2000 objective=9.7508037586930838e-08 r=3.88217e-07/1.10671e-08 s=3.97645e-08/2.61611e-08 projection_inf=5.03863e-14 rho=47.6837 support=6/12248
ADMM_ITER round=1/4 iteration=1175/2000 objective=9.7249327165407014e-08 r=3.88217e-07/1.10671e-08 s=2.42907e-08/2.61655e-08 projection_inf=5.0096e-14 rho=47.6837 support=6/12248
ADMM_ITER round=1/4 iteration=1200/2000 objective=9.7505865631957623e-08 r=3.8821e-07/1.10671e-08 s=5.40197e-09/2.61743e-08 projection_inf=2.41467e-14 rho=95.3674 support=6/12248
ADMM_ITER round=1/4 iteration=1225/2000 objective=9.7293294635330989e-08 r=3.88206e-07/1.10671e-08 s=1.80611e-08/2.61918e-08 projection_inf=1.20534e-14 rho=190.735 support=6/12248
ADMM_ITER round=1/4 iteration=1250/2000 objective=9.7449063402836897e-08 r=3.88204e-07/1.10671e-08 s=4.71612e-08/2.62268e-08 projection_inf=6.44671e-15 rho=381.47 support=6/12248
ADMM_ITER round=1/4 iteration=1275/2000 objective=9.7341840267825413e-08 r=3.88204e-07/1.10671e-08 s=5.94391e-08/2.62618e-08 projection_inf=5.84645e-15 rho=381.47 support=6/12248
ADMM_ITER round=1/4 iteration=1300/2000 objective=9.7404729890637238e-08 r=3.88204e-07/1.10671e-08 s=5.9799e-08/2.62969e-08 projection_inf=6.53036e-15 rho=381.47 support=6/12248
ADMM_ITER round=1/4 iteration=1325/2000 objective=9.7376474882972499e-08 r=3.88204e-07/1.10671e-08 s=5.27337e-08/2.6332e-08 projection_inf=6.40307e-15 rho=381.47 support=6/12248
ADMM_ITER round=1/4 iteration=1350/2000 objective=9.7379638143495322e-08 r=3.88204e-07/1.10671e-08 s=4.19287e-08/2.6367e-08 projection_inf=6.17411e-15 rho=381.47 support=6/12248
ADMM_ITER round=1/4 iteration=1375/2000 objective=9.7392337940344725e-08 r=3.88204e-07/1.10671e-08 s=3.01257e-08/2.64021e-08 projection_inf=6.17696e-15 rho=381.47 support=6/12248
ADMM_ITER round=1/4 iteration=1400/2000 objective=1.1585708262481051e-07 r=3.80181e-07/1.10671e-08 s=5.05295e-05/2.6472e-08 projection_inf=2.89726e-15 rho=762.939 support=7/12248
ADMM_ITER round=1/4 iteration=1425/2000 objective=1.000857235217172e-07 r=3.8496e-07/1.10671e-08 s=8.47254e-06/2.65053e-08 projection_inf=6.33622e-15 rho=381.47 support=7/12248
ADMM_ITER round=1/4 iteration=1450/2000 objective=1.0835534155271257e-07 r=3.81245e-07/1.10671e-08 s=4.81995e-06/2.65218e-08 projection_inf=1.30852e-14 rho=190.735 support=7/12248
ADMM_ITER round=1/4 iteration=1475/2000 objective=1.2775930846595521e-07 r=3.79699e-07/1.10671e-08 s=3.37716e-06/2.65303e-08 projection_inf=2.73153e-14 rho=95.3674 support=7/12248
ADMM_ITER round=1/4 iteration=1500/2000 objective=1.2650629370352078e-07 r=3.80027e-07/1.10671e-08 s=1.14157e-06/2.65387e-08 projection_inf=2.77239e-14 rho=95.3674 support=7/12248
ADMM_ITER round=1/4 iteration=1525/2000 objective=1.2703659350058923e-07 r=3.79636e-07/1.10671e-08 s=1.0185e-06/2.65471e-08 projection_inf=2.84319e-14 rho=95.3674 support=7/12248
ADMM_ITER round=1/4 iteration=1550/2000 objective=1.1954570283178774e-07 r=3.7956e-07/1.10671e-08 s=5.80099e-07/2.65555e-08 projection_inf=2.89073e-14 rho=95.3674 support=7/12248
ADMM_ITER round=1/4 iteration=1575/2000 objective=1.2301353664868155e-07 r=3.79528e-07/1.10671e-08 s=5.85377e-08/2.65638e-08 projection_inf=2.38693e-14 rho=95.3674 support=7/12248
ADMM_ITER round=1/4 iteration=1600/2000 objective=1.2104156998401711e-07 r=3.79478e-07/1.10671e-08 s=2.70837e-07/2.65722e-08 projection_inf=2.50625e-14 rho=95.3674 support=7/12248
ADMM_ITER round=1/4 iteration=1625/2000 objective=1.2369631258455627e-07 r=3.79454e-07/1.10671e-08 s=3.00675e-07/2.65806e-08 projection_inf=2.48327e-14 rho=95.3674 support=7/12248
ADMM_ITER round=1/4 iteration=1650/2000 objective=1.2248922075355104e-07 r=3.79442e-07/1.10671e-08 s=2.94806e-07/2.6589e-08 projection_inf=2.39349e-14 rho=95.3674 support=7/12248
ADMM_ITER round=1/4 iteration=1675/2000 objective=1.2293238633593181e-07 r=3.79437e-07/1.10671e-08 s=2.69325e-07/2.65974e-08 projection_inf=2.62264e-14 rho=95.3674 support=7/12248
ADMM_ITER round=1/4 iteration=1700/2000 objective=1.2266465429114347e-07 r=3.79437e-07/1.10671e-08 s=2.19156e-07/2.66058e-08 projection_inf=2.69607e-14 rho=95.3674 support=7/12248
ADMM_ITER round=1/4 iteration=1725/2000 objective=1.2251430579827053e-07 r=3.79437e-07/1.10671e-08 s=1.6235e-07/2.66142e-08 projection_inf=2.91386e-14 rho=95.3674 support=7/12248
ADMM_ITER round=1/4 iteration=1750/2000 objective=1.2287509435033314e-07 r=3.79437e-07/1.10671e-08 s=1.08624e-07/2.66226e-08 projection_inf=2.48403e-14 rho=95.3674 support=7/12248
ADMM_ITER round=1/4 iteration=1775/2000 objective=1.2250370021636447e-07 r=3.79438e-07/1.10671e-08 s=6.22095e-08/2.6631e-08 projection_inf=2.73739e-14 rho=95.3674 support=7/12248
ADMM_ITER round=1/4 iteration=1800/2000 objective=1.2289160664002113e-07 r=3.79437e-07/1.10671e-08 s=2.60601e-08/2.66394e-08 projection_inf=2.55023e-14 rho=95.3674 support=7/12248
ADMM_ITER round=1/4 iteration=1825/2000 objective=1.2254905634646208e-07 r=3.79433e-07/1.10671e-08 s=1.86871e-08/2.66562e-08 projection_inf=1.31475e-14 rho=190.735 support=7/12248
ADMM_ITER round=1/4 iteration=1850/2000 objective=1.2280111837131563e-07 r=3.79431e-07/1.10671e-08 s=7.39413e-08/2.66898e-08 projection_inf=6.27562e-15 rho=381.47 support=7/12248
ADMM_ITER round=1/4 iteration=1875/2000 objective=1.226211272969269e-07 r=3.79431e-07/1.10671e-08 s=9.95937e-08/2.67234e-08 projection_inf=5.93184e-15 rho=381.47 support=7/12248
ADMM_ITER round=1/4 iteration=1900/2000 objective=1.2273248812761431e-07 r=3.79431e-07/1.10671e-08 s=1.03777e-07/2.67571e-08 projection_inf=6.44688e-15 rho=381.47 support=7/12248
ADMM_ITER round=1/4 iteration=1925/2000 objective=1.2267788133978623e-07 r=3.79431e-07/1.10671e-08 s=9.41204e-08/2.67907e-08 projection_inf=6.05138e-15 rho=381.47 support=7/12248
ADMM_ITER round=1/4 iteration=1950/2000 objective=1.226920249395474e-07 r=3.79431e-07/1.10671e-08 s=7.70138e-08/2.68244e-08 projection_inf=6.87831e-15 rho=381.47 support=7/12248
ADMM_ITER round=1/4 iteration=1975/2000 objective=1.2270490457853161e-07 r=3.79431e-07/1.10671e-08 s=5.73043e-08/2.6858e-08 projection_inf=6.81747e-15 rho=381.47 support=7/12248
ADMM_ITER round=1/4 iteration=2000/2000 objective=1.226764585054911e-07 r=3.79431e-07/1.10671e-08 s=3.8304e-08/2.68917e-08 projection_inf=6.43897e-15 rho=381.47 support=7/12248
ADMM_ITER round=2/4 iteration=1/2000 objective=0 r=1.28941e-06/1.10671e-08 s=0.000470088/1.1072e-08 projection_inf=4.55275e-19 rho=381.47 support=0/12248
ADMM_ITER round=2/4 iteration=25/2000 objective=0 r=4.40869e-07/1.10671e-08 s=0/1.10889e-08 projection_inf=1.87692e-17 rho=190.735 support=0/12248
ADMM_ITER round=2/4 iteration=50/2000 objective=0 r=4.40869e-07/1.10671e-08 s=0/1.1131e-08 projection_inf=2.90037e-17 rho=381.47 support=0/12248
ADMM_ITER round=2/4 iteration=75/2000 objective=0 r=4.40869e-07/1.10671e-08 s=0/1.12151e-08 projection_inf=3.21748e-17 rho=762.939 support=0/12248
ADMM_ITER round=2/4 iteration=100/2000 objective=0 r=4.40869e-07/1.10671e-08 s=0/1.13832e-08 projection_inf=3.21989e-17 rho=1525.88 support=0/12248
ADMM_ITER round=2/4 iteration=125/2000 objective=0 r=4.40869e-07/1.10671e-08 s=0/1.17196e-08 projection_inf=3.22769e-17 rho=3051.76 support=0/12248
ADMM_ITER round=2/4 iteration=150/2000 objective=0 r=4.40869e-07/1.10671e-08 s=0/1.23923e-08 projection_inf=3.94396e-17 rho=6103.52 support=0/12248
ADMM_ITER round=2/4 iteration=175/2000 objective=0 r=4.40869e-07/1.10671e-08 s=0/1.37377e-08 projection_inf=3.59815e-17 rho=12207 support=0/12248
ADMM_ITER round=2/4 iteration=200/2000 objective=0 r=4.40869e-07/1.10671e-08 s=0/1.64286e-08 projection_inf=3.7473e-17 rho=24414.1 support=0/12248
ADMM_ITER round=2/4 iteration=225/2000 objective=0 r=4.40869e-07/1.10671e-08 s=0/2.18103e-08 projection_inf=3.60997e-17 rho=48828.1 support=0/12248
ADMM_ITER round=2/4 iteration=250/2000 objective=0 r=4.40869e-07/1.10671e-08 s=0/3.25737e-08 projection_inf=3.71355e-17 rho=97656.2 support=0/12248
ADMM_ITER round=2/4 iteration=275/2000 objective=0 r=4.40869e-07/1.10671e-08 s=0/5.41005e-08 projection_inf=3.56375e-17 rho=195312 support=0/12248
ADMM_ITER round=2/4 iteration=300/2000 objective=2.2902080487818693e-08 r=4.38746e-07/1.10671e-08 s=0.0145901/9.71403e-08 projection_inf=3.19325e-17 rho=390625 support=1/12248
ADMM_ITER round=2/4 iteration=325/2000 objective=9.3317865110072529e-08 r=4.32077e-07/1.10671e-08 s=0.00575373/1.17277e-07 projection_inf=8.1799e-17 rho=195312 support=1/12248
ADMM_ITER round=2/4 iteration=350/2000 objective=2.4917303426730575e-07 r=4.27122e-07/1.10671e-08 s=0.00487547/1.27531e-07 projection_inf=2.0211e-16 rho=97656.2 support=1/12248
ADMM_ITER round=2/4 iteration=375/2000 objective=3.3502427802745064e-07 r=4.30286e-07/1.10671e-08 s=0.0011186/1.32695e-07 projection_inf=3.99568e-16 rho=48828.1 support=1/12248
ADMM_ITER round=2/4 iteration=400/2000 objective=3.0444534502801895e-07 r=4.28682e-07/1.10671e-08 s=0.000334581/1.35275e-07 projection_inf=7.698e-16 rho=24414.1 support=1/12248
ADMM_ITER round=2/4 iteration=425/2000 objective=2.2130630222253519e-07 r=4.26996e-07/1.10671e-08 s=0.000328439/1.3656e-07 projection_inf=1.61938e-15 rho=12207 support=1/12248
ADMM_ITER round=2/4 iteration=450/2000 objective=1.7086504058973639e-07 r=4.27894e-07/1.10671e-08 s=8.4172e-05/1.37201e-07 projection_inf=3.38093e-15 rho=6103.52 support=1/12248
ADMM_ITER round=2/4 iteration=475/2000 objective=1.8322292063895136e-07 r=4.27542e-07/1.10671e-08 s=1.87865e-05/1.37522e-07 projection_inf=6.73337e-15 rho=3051.76 support=1/12248
ADMM_ITER round=2/4 iteration=500/2000 objective=2.2729668480739159e-07 r=4.2699e-07/1.10671e-08 s=2.19946e-05/1.37682e-07 projection_inf=1.47476e-14 rho=1525.88 support=1/12248
ADMM_ITER round=2/4 iteration=525/2000 objective=2.566012056475554e-07 r=4.27241e-07/1.10671e-08 s=6.2391e-06/1.37763e-07 projection_inf=2.68822e-14 rho=762.939 support=1/12248
ADMM_ITER round=2/4 iteration=550/2000 objective=2.5223715783482085e-07 r=4.27184e-07/1.10671e-08 s=1.00121e-06/1.37803e-07 projection_inf=5.30297e-14 rho=381.47 support=1/12248
ADMM_ITER round=2/4 iteration=575/2000 objective=2.3169869589378342e-07 r=4.27011e-07/1.10671e-08 s=2.64328e-06/1.37843e-07 projection_inf=5.96642e-14 rho=381.47 support=1/12248
ADMM_ITER round=2/4 iteration=600/2000 objective=2.2149297469844616e-07 r=4.27016e-07/1.10671e-08 s=1.16728e-06/1.37883e-07 projection_inf=5.60324e-14 rho=381.47 support=1/12248
ADMM_ITER round=2/4 iteration=625/2000 objective=2.2253120372585445e-07 r=4.27012e-07/1.10671e-08 s=2.16593e-07/1.37923e-07 projection_inf=5.70614e-14 rho=381.47 support=1/12248
ADMM_ITER round=2/4 iteration=650/2000 objective=2.2651473112714935e-07 r=4.27006e-07/1.10671e-08 s=5.1115e-07/1.37964e-07 projection_inf=5.33281e-14 rho=381.47 support=1/12248
ADMM_ITER round=2/4 iteration=675/2000 objective=2.2843038960341084e-07 r=4.27006e-07/1.10671e-08 s=2.18081e-07/1.38004e-07 projection_inf=5.00163e-14 rho=381.47 support=1/12248
ADMM_ITER round=2/4 iteration=700/2000 objective=2.2819281839460953e-07 r=4.27006e-07/1.10671e-08 s=4.62225e-08/1.38044e-07 projection_inf=5.58163e-14 rho=381.47 support=1/12248
ADMM_ITER round=2/4 iteration=725/2000 objective=2.274208659520559e-07 r=4.27006e-07/1.10671e-08 s=9.8765e-08/1.38084e-07 projection_inf=5.33374e-14 rho=381.47 support=1/12248
ADMM_ITER round=2/4 iteration=750/2000 objective=2.2706173771059785e-07 r=4.27006e-07/1.10671e-08 s=4.06839e-08/1.38124e-07 projection_inf=5.6592e-14 rho=381.47 support=1/12248
ADMM_ITER round=2/4 iteration=775/2000 objective=2.2716555567558184e-07 r=4.26996e-07/1.10671e-08 s=3.01831e-08/1.38205e-07 projection_inf=2.63896e-14 rho=762.939 support=1/12248
ADMM_ITER round=2/4 iteration=800/2000 objective=2.2726770074322767e-07 r=4.2699e-07/1.10671e-08 s=5.18823e-08/1.38365e-07 projection_inf=1.34229e-14 rho=1525.88 support=1/12248
ADMM_ITER round=2/4 iteration=825/2000 objective=2.2731115059189466e-07 r=4.2699e-07/1.10671e-08 s=1.94086e-08/1.38526e-07 projection_inf=1.29898e-14 rho=1525.88 support=1/12248
ADMM_ITER round=2/4 iteration=850/2000 objective=2.2729454431191876e-07 r=4.26988e-07/1.10671e-08 s=1.88652e-08/1.38848e-07 projection_inf=6.50536e-15 rho=3051.76 support=1/12248
ADMM_ITER round=2/4 iteration=875/2000 objective=2.2727980709400623e-07 r=4.26987e-07/1.10671e-08 s=2.98525e-08/1.39491e-07 projection_inf=3.54635e-15 rho=6103.52 support=1/12248
ADMM_ITER round=2/4 iteration=900/2000 objective=2.2727607376253742e-07 r=4.26986e-07/1.10671e-08 s=1.37541e-08/1.40777e-07 projection_inf=1.68035e-15 rho=12207 support=1/12248
ADMM_ITER round=2/4 iteration=925/2000 objective=2.27276824522459e-07 r=4.26986e-07/1.10671e-08 s=7.24836e-09/1.4335e-07 projection_inf=8.27471e-16 rho=24414.1 support=1/12248
ADMM_ITER round=2/4 iteration=950/2000 objective=2.2727770955683611e-07 r=4.26985e-07/1.10671e-08 s=1.43983e-08/1.485e-07 projection_inf=4.68147e-16 rho=48828.1 support=1/12248
ADMM_ITER round=2/4 iteration=975/2000 objective=2.272779337819917e-07 r=4.26985e-07/1.10671e-08 s=6.4697e-09/1.58814e-07 projection_inf=2.70872e-16 rho=97656.2 support=1/12248
ADMM_ITER round=2/4 iteration=1000/2000 objective=2.2727786822170622e-07 r=4.26985e-07/1.10671e-08 s=5.12772e-09/1.79483e-07 projection_inf=1.40255e-16 rho=195312 support=1/12248
ADMM_ITER round=2/4 iteration=1025/2000 objective=6.9701668074874568e-07 r=4.12527e-07/1.10671e-08 s=0.034166/2.2019e-07 projection_inf=9.66379e-17 rho=390625 support=3/12248
ADMM_ITER round=2/4 iteration=1050/2000 objective=1.2100587000708257e-06 r=3.97847e-07/1.10671e-08 s=0.0279936/2.37481e-07 projection_inf=1.77924e-16 rho=195312 support=4/12248
ADMM_ITER round=2/4 iteration=1075/2000 objective=1.3000084216057584e-06 r=4.00489e-07/1.10671e-08 s=0.0113845/2.47183e-07 projection_inf=3.78534e-16 rho=97656.2 support=4/12248
ADMM_ITER round=2/4 iteration=1100/2000 objective=1.2622562687242792e-06 r=3.98232e-07/1.10671e-08 s=0.00771206/2.51543e-07 projection_inf=7.75959e-16 rho=48828.1 support=4/12248
ADMM_ITER round=2/4 iteration=1125/2000 objective=1.282597543578617e-06 r=4.01912e-07/1.10671e-08 s=0.00278987/2.53984e-07 projection_inf=1.6843e-15 rho=24414.1 support=4/12248
ADMM_ITER round=2/4 iteration=1150/2000 objective=1.29197914353636e-06 r=3.98315e-07/1.10671e-08 s=0.0020963/2.55069e-07 projection_inf=3.13772e-15 rho=12207 support=4/12248
ADMM_ITER round=2/4 iteration=1175/2000 objective=1.1442059900749615e-06 r=4.10331e-07/1.10671e-08 s=0.000473602/2.5568e-07 projection_inf=5.8574e-15 rho=6103.52 support=4/12248
ADMM_ITER round=2/4 iteration=1200/2000 objective=1.4367504814305864e-06 r=3.98305e-07/1.10671e-08 s=0.000383619/2.55955e-07 projection_inf=1.17942e-14 rho=3051.76 support=4/12248
ADMM_ITER round=2/4 iteration=1225/2000 objective=1.3397244841004297e-06 r=4.00048e-07/1.10671e-08 s=0.000174496/2.56107e-07 projection_inf=2.67299e-14 rho=1525.88 support=4/12248
ADMM_ITER round=2/4 iteration=1250/2000 objective=1.2154306043682699e-06 r=3.99035e-07/1.10671e-08 s=0.000127362/2.56175e-07 projection_inf=5.23995e-14 rho=762.939 support=4/12248
ADMM_ITER round=2/4 iteration=1275/2000 objective=1.1541194324086829e-06 r=4.07384e-07/1.10671e-08 s=3.399e-05/2.56213e-07 projection_inf=1.05637e-13 rho=381.47 support=4/12248
ADMM_ITER round=2/4 iteration=1300/2000 objective=1.3638417540925648e-06 r=3.97962e-07/1.10671e-08 s=2.75018e-05/2.5623e-07 projection_inf=1.95627e-13 rho=190.735 support=4/12248
ADMM_ITER round=2/4 iteration=1325/2000 objective=1.2150206257203869e-06 r=4.04489e-07/1.10671e-08 s=9.35726e-06/2.5624e-07 projection_inf=4.19793e-13 rho=95.3674 support=4/12248
ADMM_ITER round=2/4 iteration=1350/2000 objective=1.2881398981645197e-06 r=3.98175e-07/1.10671e-08 s=7.18702e-06/2.56244e-07 projection_inf=7.55627e-13 rho=47.6837 support=4/12248
ADMM_ITER round=2/4 iteration=1375/2000 objective=1.2044490690961779e-06 r=4.04463e-07/1.10671e-08 s=2.40415e-06/2.56246e-07 projection_inf=1.74993e-12 rho=23.8419 support=4/12248
ADMM_ITER round=2/4 iteration=1400/2000 objective=1.3937202125772478e-06 r=3.97932e-07/1.10671e-08 s=1.97731e-06/2.56248e-07 projection_inf=1.66178e-12 rho=23.8419 support=4/12248
ADMM_ITER round=2/4 iteration=1425/2000 objective=1.4958247735268906e-06 r=3.97565e-07/1.10671e-08 s=1.47212e-06/2.56251e-07 projection_inf=1.50974e-12 rho=23.8419 support=4/12248
ADMM_ITER round=2/4 iteration=1450/2000 objective=1.2659392819494605e-06 r=3.98059e-07/1.10671e-08 s=9.82027e-07/2.56253e-07 projection_inf=1.65891e-12 rho=23.8419 support=4/12248
ADMM_ITER round=2/4 iteration=1475/2000 objective=1.5652631137604022e-06 r=3.98242e-07/1.10671e-08 s=5.59643e-07/2.56255e-07 projection_inf=1.69992e-12 rho=23.8419 support=4/12248
ADMM_ITER round=2/4 iteration=1500/2000 objective=1.2686665583430484e-06 r=3.98056e-07/1.10671e-08 s=2.30133e-07/2.56257e-07 projection_inf=1.71283e-12 rho=23.8419 support=4/12248
ADMM_ITER round=2/4 iteration=1525/2000 objective=1.5306008490304443e-06 r=3.97704e-07/1.10671e-08 s=1.13557e-08/2.5626e-07 projection_inf=1.64346e-12 rho=23.8419 support=4/12248
ADMM_ITER round=2/4 iteration=1550/2000 objective=1.3223435180927333e-06 r=3.97118e-07/1.10671e-08 s=2.90964e-07/2.56264e-07 projection_inf=8.30442e-13 rho=47.6837 support=4/12248
ADMM_ITER round=2/4 iteration=1575/2000 objective=1.4702190903490635e-06 r=3.96879e-07/1.10671e-08 s=4.33209e-07/2.56269e-07 projection_inf=8.8491e-13 rho=47.6837 support=4/12248
ADMM_ITER round=2/4 iteration=1600/2000 objective=1.3773746363327252e-06 r=3.9675e-07/1.10671e-08 s=4.67566e-07/2.56273e-07 projection_inf=8.36889e-13 rho=47.6837 support=4/12248
ADMM_ITER round=2/4 iteration=1625/2000 objective=1.4243454354063992e-06 r=3.96699e-07/1.10671e-08 s=4.3089e-07/2.56278e-07 projection_inf=8.63687e-13 rho=47.6837 support=4/12248
ADMM_ITER round=2/4 iteration=1650/2000 objective=1.4114297808894979e-06 r=3.96689e-07/1.10671e-08 s=3.54804e-07/2.56282e-07 projection_inf=9.2084e-13 rho=47.6837 support=4/12248
ADMM_ITER round=2/4 iteration=1675/2000 objective=1.4016029173454092e-06 r=3.96694e-07/1.10671e-08 s=2.63758e-07/2.56286e-07 projection_inf=8.46331e-13 rho=47.6837 support=4/12248
ADMM_ITER round=2/4 iteration=1700/2000 objective=1.4242537294870779e-06 r=3.96699e-07/1.10671e-08 s=1.74738e-07/2.56291e-07 projection_inf=9.08132e-13 rho=47.6837 support=4/12248
ADMM_ITER round=2/4 iteration=1725/2000 objective=1.3964611443800994e-06 r=3.967e-07/1.10671e-08 s=9.80024e-08/2.56295e-07 projection_inf=9.24738e-13 rho=47.6837 support=4/12248
ADMM_ITER round=2/4 iteration=1750/2000 objective=1.4239861341783815e-06 r=3.96698e-07/1.10671e-08 s=3.83759e-08/2.563e-07 projection_inf=9.25616e-13 rho=47.6837 support=4/12248
ADMM_ITER round=2/4 iteration=1775/2000 objective=1.3996477974921913e-06 r=3.96569e-07/1.10671e-08 s=3.68356e-08/2.56309e-07 projection_inf=4.22548e-13 rho=95.3674 support=4/12248
ADMM_ITER round=2/4 iteration=1800/2000 objective=1.417307024993698e-06 r=3.96503e-07/1.10671e-08 s=1.28489e-07/2.56327e-07 projection_inf=1.99152e-13 rho=190.735 support=4/12248
ADMM_ITER round=2/4 iteration=1825/2000 objective=1.4047963077756845e-06 r=3.96502e-07/1.10671e-08 s=1.69274e-07/2.56345e-07 projection_inf=2.07631e-13 rho=190.735 support=4/12248
ADMM_ITER round=2/4 iteration=1850/2000 objective=1.412149141264719e-06 r=3.96501e-07/1.10671e-08 s=1.73536e-07/2.56363e-07 projection_inf=1.96888e-13 rho=190.735 support=4/12248
ADMM_ITER round=2/4 iteration=1875/2000 objective=1.4087055151860452e-06 r=3.965e-07/1.10671e-08 s=1.54671e-07/2.56381e-07 projection_inf=1.85946e-13 rho=190.735 support=4/12248
ADMM_ITER round=2/4 iteration=1900/2000 objective=1.4092171896606107e-06 r=3.965e-07/1.10671e-08 s=1.23833e-07/2.56399e-07 projection_inf=1.90926e-13 rho=190.735 support=4/12248
ADMM_ITER round=2/4 iteration=1925/2000 objective=1.4105461318438524e-06 r=3.965e-07/1.10671e-08 s=8.94066e-08/2.56417e-07 projection_inf=2.29575e-13 rho=190.735 support=4/12248
ADMM_ITER round=2/4 iteration=1950/2000 objective=1.4082277852182366e-06 r=3.965e-07/1.10671e-08 s=5.70252e-08/2.56434e-07 projection_inf=1.94781e-13 rho=190.735 support=4/12248
ADMM_ITER round=2/4 iteration=1975/2000 objective=1.4108652867921573e-06 r=3.965e-07/1.10671e-08 s=2.99228e-08/2.56452e-07 projection_inf=2.36889e-13 rho=190.735 support=4/12248
ADMM_ITER round=2/4 iteration=2000/2000 objective=1.4082319875164898e-06 r=3.96469e-07/1.10671e-08 s=5.12739e-09/2.56488e-07 projection_inf=1.08527e-13 rho=381.47 support=4/12248
ADMM_ITER round=3/4 iteration=1/2000 objective=0 r=1.20515e-06/1.10671e-08 s=0.000868267/1.10763e-08 projection_inf=5.93724e-19 rho=762.939 support=0/12248
ADMM_ITER round=3/4 iteration=25/2000 objective=0 r=4.40869e-07/1.10671e-08 s=0/1.11108e-08 projection_inf=1.8181e-17 rho=381.47 support=0/12248
ADMM_ITER round=3/4 iteration=50/2000 objective=0 r=4.40869e-07/1.10671e-08 s=0/1.11949e-08 projection_inf=2.53397e-17 rho=762.939 support=0/12248
ADMM_ITER round=3/4 iteration=75/2000 objective=0 r=4.40869e-07/1.10671e-08 s=0/1.13631e-08 projection_inf=3.04479e-17 rho=1525.88 support=0/12248
ADMM_ITER round=3/4 iteration=100/2000 objective=0 r=4.40869e-07/1.10671e-08 s=0/1.16994e-08 projection_inf=3.28822e-17 rho=3051.76 support=0/12248
ADMM_ITER round=3/4 iteration=125/2000 objective=0 r=4.40869e-07/1.10671e-08 s=0/1.23721e-08 projection_inf=3.54138e-17 rho=6103.52 support=0/12248
ADMM_ITER round=3/4 iteration=150/2000 objective=0 r=4.40869e-07/1.10671e-08 s=0/1.37176e-08 projection_inf=3.78494e-17 rho=12207 support=0/12248
ADMM_ITER round=3/4 iteration=175/2000 objective=0 r=4.40869e-07/1.10671e-08 s=0/1.64084e-08 projection_inf=3.90687e-17 rho=24414.1 support=0/12248
ADMM_ITER round=3/4 iteration=200/2000 objective=0 r=4.40869e-07/1.10671e-08 s=0/2.17901e-08 projection_inf=3.28056e-17 rho=48828.1 support=0/12248
ADMM_ITER round=3/4 iteration=225/2000 objective=0 r=4.40869e-07/1.10671e-08 s=0/3.25535e-08 projection_inf=3.64939e-17 rho=97656.2 support=0/12248
ADMM_ITER round=3/4 iteration=250/2000 objective=0 r=4.40869e-07/1.10671e-08 s=0/5.40803e-08 projection_inf=3.97128e-17 rho=195312 support=0/12248
ADMM_ITER round=3/4 iteration=275/2000 objective=0 r=4.40869e-07/1.10671e-08 s=0/9.71339e-08 projection_inf=3.96526e-17 rho=390625 support=0/12248
ADMM_ITER round=3/4 iteration=300/2000 objective=4.9104594413880281e-07 r=4.32248e-07/1.10671e-08 s=0.0279467/1.79941e-07 projection_inf=3.62425e-17 rho=781250 support=1/12248
ADMM_ITER round=3/4 iteration=325/2000 objective=4.5754501698735813e-07 r=4.30513e-07/1.10671e-08 s=0.00525638/2.21418e-07 projection_inf=8.34249e-17 rho=390625 support=1/12248
ADMM_ITER round=3/4 iteration=350/2000 objective=3.1278424280294441e-07 r=4.2699e-07/1.10671e-08 s=0.00688485/2.42104e-07 projection_inf=1.78283e-16 rho=195312 support=1/12248
ADMM_ITER round=3/4 iteration=375/2000 objective=3.6148517177676695e-07 r=4.25982e-07/1.10671e-08 s=0.00360499/2.52413e-07 projection_inf=3.79404e-16 rho=97656.2 support=2/12248
ADMM_ITER round=3/4 iteration=400/2000 objective=3.4146779404278394e-07 r=4.25535e-07/1.10671e-08 s=0.000305129/2.57512e-07 projection_inf=8.76146e-16 rho=48828.1 support=2/12248
ADMM_ITER round=3/4 iteration=425/2000 objective=4.1977319173461658e-07 r=4.24428e-07/1.10671e-08 s=0.00045434/2.6007e-07 projection_inf=1.78791e-15 rho=24414.1 support=2/12248
ADMM_ITER round=3/4 iteration=450/2000 objective=4.7738880233552787e-07 r=4.24789e-07/1.10671e-08 s=0.000148372/2.61352e-07 projection_inf=3.26237e-15 rho=12207 support=2/12248
ADMM_ITER round=3/4 iteration=475/2000 objective=4.7598827907563254e-07 r=4.24768e-07/1.10671e-08 s=1.2397e-05/2.61993e-07 projection_inf=6.7666e-15 rho=6103.52 support=2/12248
ADMM_ITER round=3/4 iteration=500/2000 objective=4.3680129468148706e-07 r=4.2443e-07/1.10671e-08 s=2.99495e-05/2.62313e-07 projection_inf=1.24254e-14 rho=3051.76 support=2/12248
ADMM_ITER round=3/4 iteration=525/2000 objective=4.0440900088386409e-07 r=4.24522e-07/1.10671e-08 s=1.06853e-05/2.62473e-07 projection_inf=2.52874e-14 rho=1525.88 support=2/12248
ADMM_ITER round=3/4 iteration=550/2000 objective=4.0291086331885603e-07 r=4.24544e-07/1.10671e-08 s=4.33233e-07/2.62553e-07 projection_inf=5.142e-14 rho=762.939 support=2/12248
ADMM_ITER round=3/4 iteration=575/2000 objective=4.224044872318354e-07 r=4.24442e-07/1.10671e-08 s=3.79972e-06/2.62633e-07 projection_inf=5.39986e-14 rho=762.939 support=2/12248
ADMM_ITER round=3/4 iteration=600/2000 objective=4.3396734074315531e-07 r=4.24439e-07/1.10671e-08 s=2.01233e-06/2.62713e-07 projection_inf=5.22777e-14 rho=762.939 support=2/12248
ADMM_ITER round=3/4 iteration=625/2000 objective=4.3404615801840082e-07 r=4.24439e-07/1.10671e-08 s=1.21714e-07/2.62793e-07 projection_inf=4.9672e-14 rho=762.939 support=2/12248
ADMM_ITER round=3/4 iteration=650/2000 objective=4.3024518361095102e-07 r=4.24436e-07/1.10671e-08 s=7.3836e-07/2.62873e-07 projection_inf=5.87385e-14 rho=762.939 support=2/12248
ADMM_ITER round=3/4 iteration=675/2000 objective=4.2806183966189789e-07 r=4.24436e-07/1.10671e-08 s=3.78555e-07/2.62953e-07 projection_inf=4.92987e-14 rho=762.939 support=2/12248
ADMM_ITER round=3/4 iteration=700/2000 objective=4.2808692352479305e-07 r=4.24436e-07/1.10671e-08 s=3.07347e-08/2.63033e-07 projection_inf=5.19348e-14 rho=762.939 support=2/12248
ADMM_ITER round=3/4 iteration=725/2000 objective=4.2879057207984929e-07 r=4.24425e-07/1.10671e-08 s=2.76247e-07/2.63193e-07 projection_inf=2.64505e-14 rho=1525.88 support=2/12248
ADMM_ITER round=3/4 iteration=750/2000 objective=4.2921134272049672e-07 r=4.24425e-07/1.10671e-08 s=1.46554e-07/2.63353e-07 projection_inf=2.59337e-14 rho=1525.88 support=2/12248
ADMM_ITER round=3/4 iteration=775/2000 objective=4.2921462301993212e-07 r=4.24425e-07/1.10671e-08 s=8.70532e-09/2.63513e-07 projection_inf=2.84486e-14 rho=1525.88 support=2/12248
ADMM_ITER round=3/4 iteration=800/2000 objective=4.2907575721002933e-07 r=4.2442e-07/1.10671e-08 s=1.06625e-07/2.63833e-07 projection_inf=1.27756e-14 rho=3051.76 support=2/12248
ADMM_ITER round=3/4 iteration=825/2000 objective=4.2899308385771408e-07 r=4.2442e-07/1.10671e-08 s=5.76174e-08/2.64153e-07 projection_inf=1.4348e-14 rho=3051.76 support=2/12248
ADMM_ITER round=3/4 iteration=850/2000 objective=4.2899160740587361e-07 r=4.2442e-07/1.10671e-08 s=2.76285e-09/2.64473e-07 projection_inf=1.3822e-14 rho=3051.76 support=2/12248
ADMM_ITER round=3/4 iteration=875/2000 objective=4.2901530118336306e-07 r=4.24418e-07/1.10671e-08 s=3.89428e-08/2.65113e-07 projection_inf=6.57415e-15 rho=6103.52 support=2/12248
ADMM_ITER round=3/4 iteration=900/2000 objective=4.2902490323688733e-07 r=4.24417e-07/1.10671e-08 s=2.95722e-08/2.66394e-07 projection_inf=3.43869e-15 rho=12207 support=2/12248
ADMM_ITER round=3/4 iteration=925/2000 objective=4.2902450435910729e-07 r=4.24416e-07/1.10671e-08 s=2.48522e-09/2.68955e-07 projection_inf=1.67073e-15 rho=24414.1 support=2/12248
ADMM_ITER round=3/4 iteration=950/2000 objective=5.7323394862217575e-07 r=4.18532e-07/1.10671e-08 s=0.00306709/2.74074e-07 projection_inf=9.0352e-16 rho=48828.1 support=3/12248
ADMM_ITER round=3/4 iteration=975/2000 objective=1.35086886074486e-06 r=4.12134e-07/1.10671e-08 s=0.00242301/2.76387e-07 projection_inf=1.57885e-15 rho=24414.1 support=3/12248
ADMM_ITER round=3/4 iteration=1000/2000 objective=1.1595971280500023e-06 r=4.12492e-07/1.10671e-08 s=0.00148833/2.77658e-07 projection_inf=3.83698e-15 rho=12207 support=3/12248
ADMM_ITER round=3/4 iteration=1025/2000 objective=6.8928329493950319e-07 r=4.15468e-07/1.10671e-08 s=0.00104043/2.78214e-07 projection_inf=7.33161e-15 rho=6103.52 support=3/12248
ADMM_ITER round=3/4 iteration=1050/2000 objective=7.9022132535391274e-07 r=4.20156e-07/1.10671e-08 s=0.000304488/2.78539e-07 projection_inf=1.59957e-14 rho=3051.76 support=3/12248
ADMM_ITER round=3/4 iteration=1075/2000 objective=9.8235436905608403e-07 r=4.12355e-07/1.10671e-08 s=0.000242115/2.78679e-07 projection_inf=3.03922e-14 rho=1525.88 support=3/12248
ADMM_ITER round=3/4 iteration=1100/2000 objective=7.9844380348858186e-07 r=4.20983e-07/1.10671e-08 s=7.16932e-05/2.7876e-07 projection_inf=6.05272e-14 rho=762.939 support=3/12248
ADMM_ITER round=3/4 iteration=1125/2000 objective=9.9995012090716304e-07 r=4.12353e-07/1.10671e-08 s=5.65701e-05/2.78795e-07 projection_inf=1.24808e-13 rho=381.47 support=3/12248
ADMM_ITER round=3/4 iteration=1150/2000 objective=8.9478322067971303e-07 r=4.17338e-07/1.10671e-08 s=2.07299e-05/2.78816e-07 projection_inf=2.45552e-13 rho=190.735 support=3/12248
ADMM_ITER round=3/4 iteration=1175/2000 objective=8.9333066332335667e-07 r=4.12857e-07/1.10671e-08 s=1.577e-05/2.78824e-07 projection_inf=4.91112e-13 rho=95.3674 support=3/12248
ADMM_ITER round=3/4 iteration=1200/2000 objective=7.8050420842792697e-07 r=4.21386e-07/1.10671e-08 s=4.52883e-06/2.7883e-07 projection_inf=9.65369e-13 rho=47.6837 support=3/12248
ADMM_ITER round=3/4 iteration=1225/2000 objective=1.0090636757008893e-06 r=4.12967e-07/1.10671e-08 s=3.61759e-06/2.78832e-07 projection_inf=1.76087e-12 rho=23.8419 support=3/12248
ADMM_ITER round=3/4 iteration=1250/2000 objective=1.4532730309268183e-06 r=4.14411e-07/1.10671e-08 s=2.59086e-06/2.78834e-07 projection_inf=1.84986e-12 rho=23.8419 support=3/12248
ADMM_ITER round=3/4 iteration=1275/2000 objective=6.8647982466329741e-07 r=4.16199e-07/1.10671e-08 s=1.64342e-06/2.78836e-07 projection_inf=1.76665e-12 rho=23.8419 support=3/12248
ADMM_ITER round=3/4 iteration=1300/2000 objective=1.570642481482916e-06 r=4.16359e-07/1.10671e-08 s=8.52526e-07/2.78839e-07 projection_inf=1.86488e-12 rho=23.8419 support=3/12248
ADMM_ITER round=3/4 iteration=1325/2000 objective=7.3147687070334086e-07 r=4.15298e-07/1.10671e-08 s=2.57368e-07/2.78841e-07 projection_inf=1.83481e-12 rho=23.8419 support=3/12248
ADMM_ITER round=3/4 iteration=1350/2000 objective=1.4384473494998432e-06 r=4.13875e-07/1.10671e-08 s=1.44786e-07/2.78844e-07 projection_inf=1.84783e-12 rho=23.8419 support=3/12248
ADMM_ITER round=3/4 iteration=1375/2000 objective=9.0339585128126067e-07 r=4.12683e-07/1.10671e-08 s=3.72842e-07/2.78846e-07 projection_inf=1.93514e-12 rho=23.8419 support=3/12248
ADMM_ITER round=3/4 iteration=1400/2000 objective=1.2646022597048299e-06 r=4.11932e-07/1.10671e-08 s=4.6684e-07/2.78848e-07 projection_inf=1.88037e-12 rho=23.8419 support=3/12248
ADMM_ITER round=3/4 iteration=1425/2000 objective=1.0566216072876504e-06 r=4.11574e-07/1.10671e-08 s=4.65775e-07/2.78851e-07 projection_inf=1.80649e-12 rho=23.8419 support=3/12248
ADMM_ITER round=3/4 iteration=1450/2000 objective=1.1435695665042678e-06 r=4.11462e-07/1.10671e-08 s=4.06092e-07/2.78853e-07 projection_inf=1.79326e-12 rho=23.8419 support=3/12248
ADMM_ITER round=3/4 iteration=1475/2000 objective=1.1424131591360659e-06 r=4.11461e-07/1.10671e-08 s=3.17752e-07/2.78855e-07 projection_inf=1.85538e-12 rho=23.8419 support=3/12248
ADMM_ITER round=3/4 iteration=1500/2000 objective=1.0904083583343671e-06 r=4.11486e-07/1.10671e-08 s=2.22901e-07/2.78858e-07 projection_inf=1.90682e-12 rho=23.8419 support=3/12248
ADMM_ITER round=3/4 iteration=1525/2000 objective=1.1686645248923928e-06 r=4.115e-07/1.10671e-08 s=1.36048e-07/2.7886e-07 projection_inf=1.75073e-12 rho=23.8419 support=3/12248
ADMM_ITER round=3/4 iteration=1550/2000 objective=1.0841037460847867e-06 r=4.11498e-07/1.10671e-08 s=6.5143e-08/2.78862e-07 projection_inf=1.73591e-12 rho=23.8419 support=3/12248
ADMM_ITER round=3/4 iteration=1575/2000 objective=1.1618422696004955e-06 r=4.11486e-07/1.10671e-08 s=1.30777e-08/2.78865e-07 projection_inf=1.94137e-12 rho=23.8419 support=3/12248
ADMM_ITER round=3/4 iteration=1600/2000 objective=1.0964642693231417e-06 r=4.11151e-07/1.10671e-08 s=5.32116e-08/2.78869e-07 projection_inf=9.2102e-13 rho=47.6837 support=3/12248
ADMM_ITER round=3/4 iteration=1625/2000 objective=1.1436123050791891e-06 r=4.1114e-07/1.10671e-08 s=8.74253e-08/2.78874e-07 projection_inf=9.3941e-13 rho=47.6837 support=3/12248
ADMM_ITER round=3/4 iteration=1650/2000 objective=1.1135904341670269e-06 r=4.11134e-07/1.10671e-08 s=9.74855e-08/2.78879e-07 projection_inf=9.45211e-13 rho=47.6837 support=3/12248
ADMM_ITER round=3/4 iteration=1675/2000 objective=1.1292214140585523e-06 r=4.11132e-07/1.10671e-08 s=9.13466e-08/2.78884e-07 projection_inf=1.03593e-12 rho=47.6837 support=3/12248
ADMM_ITER round=3/4 iteration=1700/2000 objective=1.1244628815005246e-06 r=4.11131e-07/1.10671e-08 s=7.59774e-08/2.78888e-07 projection_inf=9.27721e-13 rho=47.6837 support=3/12248
ADMM_ITER round=3/4 iteration=1725/2000 objective=1.1219007376616084e-06 r=4.11132e-07/1.10671e-08 s=5.68522e-08/2.78893e-07 projection_inf=8.33934e-13 rho=47.6837 support=3/12248
ADMM_ITER round=3/4 iteration=1750/2000 objective=1.1286614033187272e-06 r=4.11132e-07/1.10671e-08 s=3.78311e-08/2.78898e-07 projection_inf=9.09277e-13 rho=47.6837 support=3/12248
ADMM_ITER round=3/4 iteration=1775/2000 objective=1.1197622601520536e-06 r=4.10972e-07/1.10671e-08 s=1.23994e-08/2.78907e-07 projection_inf=4.2376e-13 rho=95.3674 support=3/12248
ADMM_ITER round=3/4 iteration=1800/2000 objective=1.1265901753107006e-06 r=4.10893e-07/1.10671e-08 s=1.7053e-08/2.78926e-07 projection_inf=2.28531e-13 rho=190.735 support=3/12248
ADMM_ITER round=3/4 iteration=1825/2000 objective=1.1211560017188916e-06 r=4.10853e-07/1.10671e-08 s=5.54275e-08/2.78963e-07 projection_inf=1.04931e-13 rho=381.47 support=3/12248
ADMM_ITER round=3/4 iteration=1850/2000 objective=1.1248590360672032e-06 r=4.10853e-07/1.10671e-08 s=7.21125e-08/2.79001e-07 projection_inf=1.14236e-13 rho=381.47 support=3/12248
ADMM_ITER round=3/4 iteration=1875/2000 objective=1.1226796431680658e-06 r=4.10853e-07/1.10671e-08 s=7.32836e-08/2.79039e-07 projection_inf=1.0961e-13 rho=381.47 support=3/12248
ADMM_ITER round=3/4 iteration=1900/2000 objective=1.1236408777955991e-06 r=4.10853e-07/1.10671e-08 s=6.4719e-08/2.79076e-07 projection_inf=1.1414e-13 rho=381.47 support=3/12248
ADMM_ITER round=3/4 iteration=1925/2000 objective=1.1235541553327738e-06 r=4.10853e-07/1.10671e-08 s=5.12261e-08/2.79114e-07 projection_inf=1.23171e-13 rho=381.47 support=3/12248
ADMM_ITER round=3/4 iteration=1950/2000 objective=1.1230896209370824e-06 r=4.10853e-07/1.10671e-08 s=3.63969e-08/2.79151e-07 projection_inf=1.14481e-13 rho=381.47 support=3/12248
ADMM_ITER round=3/4 iteration=1975/2000 objective=1.1236162748622123e-06 r=4.10834e-07/1.10671e-08 s=2.00747e-08/2.79227e-07 projection_inf=5.5542e-14 rho=762.939 support=3/12248
ADMM_ITER round=3/4 iteration=2000/2000 objective=1.1230412296618858e-06 r=4.10824e-07/1.10671e-08 s=2.05082e-09/2.79377e-07 projection_inf=2.76376e-14 rho=1525.88 support=3/12248
ADMM_ITER round=4/4 iteration=1/2000 objective=0 r=1.14775e-06/1.10671e-08 s=0.00327059/1.11021e-08 projection_inf=6.22725e-19 rho=3051.76 support=0/12248
ADMM_ITER round=4/4 iteration=25/2000 objective=0 r=4.40869e-07/1.10671e-08 s=0/1.1242e-08 projection_inf=1.68473e-17 rho=1525.88 support=0/12248
ADMM_ITER round=4/4 iteration=50/2000 objective=0 r=4.40869e-07/1.10671e-08 s=0/1.15783e-08 projection_inf=2.78421e-17 rho=3051.76 support=0/12248
ADMM_ITER round=4/4 iteration=75/2000 objective=0 r=4.40869e-07/1.10671e-08 s=0/1.2251e-08 projection_inf=2.93413e-17 rho=6103.52 support=0/12248
ADMM_ITER round=4/4 iteration=100/2000 objective=0 r=4.40869e-07/1.10671e-08 s=0/1.35965e-08 projection_inf=3.12576e-17 rho=12207 support=0/12248
ADMM_ITER round=4/4 iteration=125/2000 objective=0 r=4.40869e-07/1.10671e-08 s=0/1.62873e-08 projection_inf=3.26869e-17 rho=24414.1 support=0/12248
ADMM_ITER round=4/4 iteration=150/2000 objective=0 r=4.40869e-07/1.10671e-08 s=0/2.1669e-08 projection_inf=3.57625e-17 rho=48828.1 support=0/12248
ADMM_ITER round=4/4 iteration=175/2000 objective=0 r=4.40869e-07/1.10671e-08 s=0/3.24324e-08 projection_inf=3.48219e-17 rho=97656.2 support=0/12248
ADMM_ITER round=4/4 iteration=200/2000 objective=0 r=4.40869e-07/1.10671e-08 s=0/5.39592e-08 projection_inf=3.41092e-17 rho=195312 support=0/12248
ADMM_ITER round=4/4 iteration=225/2000 objective=0 r=4.40869e-07/1.10671e-08 s=0/9.70128e-08 projection_inf=3.68746e-17 rho=390625 support=0/12248
ADMM_ITER round=4/4 iteration=250/2000 objective=4.8919206134047931e-07 r=4.28089e-07/1.10671e-08 s=0.0673121/1.82001e-07 projection_inf=3.9947e-17 rho=781250 support=1/12248
ADMM_ITER round=4/4 iteration=275/2000 objective=1.1779808816972033e-07 r=4.34014e-07/1.10671e-08 s=0.0251272/2.22512e-07 projection_inf=8.24446e-17 rho=390625 support=1/12248
ADMM_ITER round=4/4 iteration=300/2000 objective=8.7433710435558656e-08 r=4.35692e-07/1.10671e-08 s=0.000497265/2.429e-07 projection_inf=2.06237e-16 rho=195312 support=1/12248
ADMM_ITER round=4/4 iteration=325/2000 objective=3.0862141186673785e-07 r=4.27554e-07/1.10671e-08 s=0.00439011/2.53185e-07 projection_inf=4.36986e-16 rho=97656.2 support=1/12248
ADMM_ITER round=4/4 iteration=350/2000 objective=5.1713004048240878e-07 r=4.28752e-07/1.10671e-08 s=0.0017861/2.58361e-07 projection_inf=8.33244e-16 rho=48828.1 support=1/12248
ADMM_ITER round=4/4 iteration=375/2000 objective=5.4752027535646758e-07 r=4.29649e-07/1.10671e-08 s=3.02728e-05/2.60953e-07 projection_inf=1.64536e-15 rho=24414.1 support=1/12248
ADMM_ITER round=4/4 iteration=400/2000 objective=4.3470085991752789e-07 r=4.27243e-07/1.10671e-08 s=0.000284126/2.62245e-07 projection_inf=3.15856e-15 rho=12207 support=1/12248
ADMM_ITER round=4/4 iteration=425/2000 objective=3.18436689410681e-07 r=4.27418e-07/1.10671e-08 s=0.000125981/2.62889e-07 projection_inf=6.17865e-15 rho=6103.52 support=1/12248
ADMM_ITER round=4/4 iteration=450/2000 objective=2.9449876694870715e-07 r=4.27791e-07/1.10671e-08 s=6.37899e-06/2.63211e-07 projection_inf=1.27155e-14 rho=3051.76 support=1/12248
ADMM_ITER round=4/4 iteration=475/2000 objective=3.5145687881439862e-07 r=4.27102e-07/1.10671e-08 s=1.8235e-05/2.63372e-07 projection_inf=2.52397e-14 rho=1525.88 support=1/12248
ADMM_ITER round=4/4 iteration=500/2000 objective=4.1587759229309303e-07 r=4.27107e-07/1.10671e-08 s=8.82393e-06/2.63453e-07 projection_inf=5.25044e-14 rho=762.939 support=1/12248
ADMM_ITER round=4/4 iteration=525/2000 objective=4.328483129861115e-07 r=4.27264e-07/1.10671e-08 s=7.24736e-07/2.63493e-07 projection_inf=9.92333e-14 rho=381.47 support=1/12248
ADMM_ITER round=4/4 iteration=550/2000 objective=4.0118316426816241e-07 r=4.27056e-07/1.10671e-08 s=2.52335e-06/2.63533e-07 projection_inf=9.80579e-14 rho=381.47 support=1/12248
ADMM_ITER round=4/4 iteration=575/2000 objective=3.7756661760589439e-07 r=4.27031e-07/1.10671e-08 s=1.67323e-06/2.63574e-07 projection_inf=1.0139e-13 rho=381.47 support=1/12248
ADMM_ITER round=4/4 iteration=600/2000 objective=3.7469374400977614e-07 r=4.27035e-07/1.10671e-08 s=1.1046e-07/2.63614e-07 projection_inf=1.08892e-13 rho=381.47 support=1/12248
ADMM_ITER round=4/4 iteration=625/2000 objective=3.8091763419952903e-07 r=4.27027e-07/1.10671e-08 s=4.93793e-07/2.63654e-07 projection_inf=1.07718e-13 rho=381.47 support=1/12248
ADMM_ITER round=4/4 iteration=650/2000 objective=3.854056417019529e-07 r=4.27027e-07/1.10671e-08 s=3.17002e-07/2.63695e-07 projection_inf=9.83194e-14 rho=381.47 support=1/12248
ADMM_ITER round=4/4 iteration=675/2000 objective=3.8588296563049715e-07 r=4.27027e-07/1.10671e-08 s=1.56954e-08/2.63735e-07 projection_inf=1.01271e-13 rho=381.47 support=1/12248
ADMM_ITER round=4/4 iteration=700/2000 objective=3.8461476520050824e-07 r=4.27006e-07/1.10671e-08 s=1.99238e-07/2.63816e-07 projection_inf=5.20732e-14 rho=762.939 support=1/12248
ADMM_ITER round=4/4 iteration=725/2000 objective=3.8377080667344351e-07 r=4.27006e-07/1.10671e-08 s=1.18303e-07/2.63896e-07 projection_inf=5.89209e-14 rho=762.939 support=1/12248
ADMM_ITER round=4/4 iteration=750/2000 objective=3.8371358126411123e-07 r=4.27006e-07/1.10671e-08 s=8.82628e-10/2.63977e-07 projection_inf=4.89426e-14 rho=762.939 support=1/12248
ADMM_ITER round=4/4 iteration=775/2000 objective=3.8395721213301488e-07 r=4.26996e-07/1.10671e-08 s=7.61971e-08/2.64138e-07 projection_inf=2.62518e-14 rho=1525.88 support=1/12248
ADMM_ITER round=4/4 iteration=800/2000 objective=3.8411315318822678e-07 r=4.26996e-07/1.10671e-08 s=4.35409e-08/2.643e-07 projection_inf=2.79777e-14 rho=1525.88 support=1/12248
ADMM_ITER round=4/4 iteration=825/2000 objective=3.8412063764711322e-07 r=4.26996e-07/1.10671e-08 s=6.29262e-10/2.64461e-07 projection_inf=2.72275e-14 rho=1525.88 support=1/12248
ADMM_ITER round=4/4 iteration=850/2000 objective=3.8407058764636855e-07 r=4.2699e-07/1.10671e-08 s=3.12436e-08/2.64784e-07 projection_inf=1.45887e-14 rho=3051.76 support=1/12248
ADMM_ITER round=4/4 iteration=875/2000 objective=3.8404654806248734e-07 r=4.26988e-07/1.10671e-08 s=2.79306e-08/2.65429e-07 projection_inf=7.39593e-15 rho=6103.52 support=1/12248
ADMM_ITER round=4/4 iteration=900/2000 objective=3.8404389293733134e-07 r=4.26987e-07/1.10671e-08 s=4.75191e-09/2.6672e-07 projection_inf=3.38625e-15 rho=12207 support=1/12248
ADMM_ITER round=4/4 iteration=925/2000 objective=3.8404638767302832e-07 r=4.26986e-07/1.10671e-08 s=1.27662e-08/2.69302e-07 projection_inf=1.72433e-15 rho=24414.1 support=1/12248
ADMM_ITER round=4/4 iteration=950/2000 objective=3.8404770499311541e-07 r=4.26986e-07/1.10671e-08 s=1.224e-08/2.74467e-07 projection_inf=8.17478e-16 rho=48828.1 support=1/12248
ADMM_ITER round=4/4 iteration=975/2000 objective=3.8404775777240063e-07 r=4.26985e-07/1.10671e-08 s=9.40848e-11/2.84802e-07 projection_inf=4.32959e-16 rho=97656.2 support=1/12248
ADMM_ITER round=4/4 iteration=1000/2000 objective=3.8404751463301269e-07 r=4.26985e-07/1.10671e-08 s=9.98809e-09/3.05492e-07 projection_inf=2.44903e-16 rho=195312 support=1/12248
ADMM_ITER round=4/4 iteration=1025/2000 objective=6.422393412917758e-07 r=4.19269e-07/1.10671e-08 s=0.0282558/3.46856e-07 projection_inf=1.47619e-16 rho=390625 support=2/12248
ADMM_ITER round=4/4 iteration=1050/2000 objective=1.4563662709565187e-06 r=4.13925e-07/1.10671e-08 s=0.0217952/3.65548e-07 projection_inf=2.78606e-16 rho=195312 support=2/12248
ADMM_ITER round=4/4 iteration=1075/2000 objective=1.2723728609761306e-06 r=4.15191e-07/1.10671e-08 s=0.0118744/3.75875e-07 projection_inf=5.60464e-16 rho=97656.2 support=2/12248
ADMM_ITER round=4/4 iteration=1100/2000 objective=7.4057691396722751e-07 r=4.17533e-07/1.10671e-08 s=0.00831423/3.80444e-07 projection_inf=1.27893e-15 rho=48828.1 support=2/12248
ADMM_ITER round=4/4 iteration=1125/2000 objective=8.488773306588079e-07 r=4.22148e-07/1.10671e-08 s=0.00249752/3.8307e-07 projection_inf=2.6973e-15 rho=24414.1 support=2/12248
ADMM_ITER round=4/4 iteration=1150/2000 objective=1.0673383733626259e-06 r=4.14861e-07/1.10671e-08 s=0.00198097/3.8422e-07 projection_inf=4.72803e-15 rho=12207 support=2/12248
ADMM_ITER round=4/4 iteration=1175/2000 objective=8.2409584588165313e-07 r=4.24291e-07/1.10671e-08 s=0.000555615/3.84875e-07 projection_inf=9.83005e-15 rho=6103.52 support=2/12248
ADMM_ITER round=4/4 iteration=1200/2000 objective=1.1324383089214588e-06 r=4.14846e-07/1.10671e-08 s=0.000443336/3.85165e-07 projection_inf=1.85053e-14 rho=3051.76 support=2/12248
ADMM_ITER round=4/4 iteration=1225/2000 objective=9.9842256102047473e-07 r=4.19176e-07/1.10671e-08 s=0.0001695/3.85328e-07 projection_inf=4.19948e-14 rho=1525.88 support=2/12248
ADMM_ITER round=4/4 iteration=1250/2000 objective=9.4359175561754664e-07 r=4.15396e-07/1.10671e-08 s=0.000128037/3.854e-07 projection_inf=7.91141e-14 rho=762.939 support=2/12248
ADMM_ITER round=4/4 iteration=1275/2000 objective=8.1506052865608134e-07 r=4.23918e-07/1.10671e-08 s=3.59894e-05/3.85441e-07 projection_inf=1.67019e-13 rho=381.47 support=2/12248
ADMM_ITER round=4/4 iteration=1300/2000 objective=1.122729419518797e-06 r=4.14954e-07/1.10671e-08 s=2.88633e-05/3.85459e-07 projection_inf=3.20609e-13 rho=190.735 support=2/12248
ADMM_ITER round=4/4 iteration=1325/2000 objective=9.2687353109007167e-07 r=4.21367e-07/1.10671e-08 s=9.87022e-06/3.85469e-07 projection_inf=7.10424e-13 rho=95.3674 support=2/12248
ADMM_ITER round=4/4 iteration=1350/2000 objective=1.0242526296709379e-06 r=4.15402e-07/1.10671e-08 s=7.5837e-06/3.85473e-07 projection_inf=1.28557e-12 rho=47.6837 support=2/12248
ADMM_ITER round=4/4 iteration=1375/2000 objective=8.9413953921179763e-07 r=4.22467e-07/1.10671e-08 s=2.46227e-06/3.85476e-07 projection_inf=2.576e-12 rho=23.8419 support=2/12248
ADMM_ITER round=4/4 iteration=1400/2000 objective=1.263662778795888e-06 r=4.15312e-07/1.10671e-08 s=2.04148e-06/3.85478e-07 projection_inf=2.44339e-12 rho=23.8419 support=2/12248
ADMM_ITER round=4/4 iteration=1425/2000 objective=1.4262702022303984e-06 r=4.14843e-07/1.10671e-08 s=1.52504e-06/3.85481e-07 projection_inf=2.41205e-12 rho=23.8419 support=2/12248
ADMM_ITER round=4/4 iteration=1450/2000 objective=9.9545730223192646e-07 r=4.15353e-07/1.10671e-08 s=1.01708e-06/3.85483e-07 projection_inf=2.42693e-12 rho=23.8419 support=2/12248
ADMM_ITER round=4/4 iteration=1475/2000 objective=1.5533305389268527e-06 r=4.15554e-07/1.10671e-08 s=5.76715e-07/3.85486e-07 projection_inf=2.56241e-12 rho=23.8419 support=2/12248
ADMM_ITER round=4/4 iteration=1500/2000 objective=9.9395242026896146e-07 r=4.15365e-07/1.10671e-08 s=2.32692e-07/3.85488e-07 projection_inf=2.51604e-12 rho=23.8419 support=2/12248
ADMM_ITER round=4/4 iteration=1525/2000 objective=1.4855571006057578e-06 r=4.15001e-07/1.10671e-08 s=1.51219e-08/3.8549e-07 projection_inf=2.70304e-12 rho=23.8419 support=2/12248
ADMM_ITER round=4/4 iteration=1550/2000 objective=1.094956592125378e-06 r=4.14205e-07/1.10671e-08 s=3.10771e-07/3.85495e-07 projection_inf=1.30338e-12 rho=47.6837 support=2/12248
ADMM_ITER round=4/4 iteration=1575/2000 objective=1.3714766873407619e-06 r=4.13959e-07/1.10671e-08 s=4.5716e-07/3.855e-07 projection_inf=1.25426e-12 rho=47.6837 support=2/12248
ADMM_ITER round=4/4 iteration=1600/2000 objective=1.2005877703389541e-06 r=4.13828e-07/1.10671e-08 s=4.89604e-07/3.85505e-07 projection_inf=1.21644e-12 rho=47.6837 support=2/12248
ADMM_ITER round=4/4 iteration=1625/2000 objective=1.2845464273072207e-06 r=4.13778e-07/1.10671e-08 s=4.47518e-07/3.85509e-07 projection_inf=1.48269e-12 rho=47.6837 support=2/12248
ADMM_ITER round=4/4 iteration=1650/2000 objective=1.2649509788502523e-06 r=4.1377e-07/1.10671e-08 s=3.64726e-07/3.85514e-07 projection_inf=1.26834e-12 rho=47.6837 support=2/12248
ADMM_ITER round=4/4 iteration=1675/2000 objective=1.2422948002050844e-06 r=4.13776e-07/1.10671e-08 s=2.67291e-07/3.85519e-07 projection_inf=1.40167e-12 rho=47.6837 support=2/12248
ADMM_ITER round=4/4 iteration=1700/2000 objective=1.2881779780254184e-06 r=4.13781e-07/1.10671e-08 s=1.73175e-07/3.85524e-07 projection_inf=1.35938e-12 rho=47.6837 support=2/12248
ADMM_ITER round=4/4 iteration=1725/2000 objective=1.2337669780670992e-06 r=4.13782e-07/1.10671e-08 s=9.30525e-08/3.85529e-07 projection_inf=1.21606e-12 rho=47.6837 support=2/12248
ADMM_ITER round=4/4 iteration=1750/2000 objective=1.2865411454613481e-06 r=4.1378e-07/1.10671e-08 s=3.17438e-08/3.85533e-07 projection_inf=1.21522e-12 rho=47.6837 support=2/12248
ADMM_ITER round=4/4 iteration=1775/2000 objective=1.2404150770484181e-06 r=4.1355e-07/1.10671e-08 s=4.67602e-08/3.85543e-07 projection_inf=5.93068e-13 rho=95.3674 support=2/12248
ADMM_ITER round=4/4 iteration=1800/2000 objective=1.2744550003158739e-06 r=4.13547e-07/1.10671e-08 s=8.93262e-08/3.85553e-07 projection_inf=7.07544e-13 rho=95.3674 support=2/12248
ADMM_ITER round=4/4 iteration=1825/2000 objective=1.2522013070961438e-06 r=4.13545e-07/1.10671e-08 s=1.04289e-07/3.85562e-07 projection_inf=6.5524e-13 rho=95.3674 support=2/12248
ADMM_ITER round=4/4 iteration=1850/2000 objective=1.2643491566669672e-06 r=4.13544e-07/1.10671e-08 s=1.00298e-07/3.85572e-07 projection_inf=6.87632e-13 rho=95.3674 support=2/12248
ADMM_ITER round=4/4 iteration=1875/2000 objective=1.2599863561618551e-06 r=4.13544e-07/1.10671e-08 s=8.51034e-08/3.85581e-07 projection_inf=6.85467e-13 rho=95.3674 support=2/12248
ADMM_ITER round=4/4 iteration=1900/2000 objective=1.2589858737269381e-06 r=4.13544e-07/1.10671e-08 s=6.4917e-08/3.85591e-07 projection_inf=5.98162e-13 rho=95.3674 support=2/12248
ADMM_ITER round=4/4 iteration=1925/2000 objective=1.2631729381916085e-06 r=4.13544e-07/1.10671e-08 s=4.42072e-08/3.856e-07 projection_inf=6.18305e-13 rho=95.3674 support=2/12248
ADMM_ITER round=4/4 iteration=1950/2000 objective=1.2575486063279868e-06 r=4.13544e-07/1.10671e-08 s=2.58026e-08/3.8561e-07 projection_inf=7.20834e-13 rho=95.3674 support=2/12248
ADMM_ITER round=4/4 iteration=1975/2000 objective=1.2621569407586754e-06 r=4.13432e-07/1.10671e-08 s=5.85518e-09/3.85629e-07 projection_inf=3.03237e-13 rho=190.735 support=2/12248
ADMM_ITER round=4/4 iteration=2000/2000 objective=1.2579447919568374e-06 r=4.13376e-07/1.10671e-08 s=2.15631e-08/3.85667e-07 projection_inf=1.6627e-13 rho=381.47 support=2/12248
{
  "schema": "max11-sparse-l1-admm-report-v1",
  "verdict": "CANDIDATES",
  "total_seconds": 28.419436460360885,
  "max_rss_kib": 210780
}
