Setting parameter method to 1
Setting parameter pdlp_solver_mode to 4
Setting parameter presolve to 0
Setting parameter crossover to false
Setting parameter log_file to artifacts/math/n11-sparse-certificate/n10-cuopt-epigraph-base.log
Setting parameter log_to_console to true
Setting parameter num_cpu_threads to 16
Setting parameter time_limit to 9.000000e+02
Setting parameter absolute_dual_tolerance to 1.000000e-08
Setting parameter relative_dual_tolerance to 1.000000e-08
Setting parameter absolute_primal_tolerance to 1.000000e-08
Setting parameter relative_primal_tolerance to 1.000000e-08
Setting parameter absolute_gap_tolerance to 1.000000e-08
Setting parameter relative_gap_tolerance to 1.000000e-08
cuOpt version: 26.2.0, git hash: f73da24d, host arch: x86_64, device archs: 70-real,75-real,80-real,86-real,90a-real,100f-real,120a-real,120
CPU: AMD EPYC 7713 64-Core Processor, threads (physical/logical): 128/128, RAM: 536.81 GiB
CUDA 12.9, device: NVIDIA A100-SXM4-80GB (ID 0), VRAM: 79.25 GiB
CUDA device UUID: ffffffc42cffffffa82e-ffffffbe0a-7c7a

Solving a problem with 26662 constraints, 24496 variables (0 integers), and 9745672 nonzeros
Problem scaling:
Objective coefficents range:          [1e+00, 1e+00]
Constraint matrix coefficients range: [1e+00, 4e+06]
Constraint rhs / bounds range:        [0e+00, 1e+00]
Variable bounds range:                [0e+00, 0e+00]
Warning: input problem contains a large range of coefficients: consider reformulating to avoid numerical difficulties.

Third-party presolve is disabled, skipping
Objective offset 0.000000 scaling_factor 1.000000
   Iter    Primal Obj.      Dual Obj.    Gap        Primal Res.  Dual Res.   Time
      0 +7.78963399e-04 +0.00000000e+00  7.79e-04   4.22e-14     1.11e+02   0.157s
   1000 +7.78857783e-04 +6.54727737e-07  7.78e-04   1.05e-04     2.07e+02   0.392s
   2000 +7.78858003e-04 +2.13104787e-06  7.77e-04   4.16e-05     1.90e+02   0.582s
   3000 +7.78857583e-04 +1.81161523e-06  7.77e-04   4.35e-05     1.21e+02   0.771s
   4000 +7.78856684e-04 +1.03557757e-06  7.78e-04   5.31e-05     8.74e+01   0.961s
   5000 +7.78855559e-04 +4.73104562e-07  7.78e-04   4.16e-05     7.39e+01   1.150s
   6000 +7.78854407e-04 +2.33634233e-07  7.79e-04   1.66e-05     5.84e+01   1.340s
   7000 +7.78853340e-04 +2.64712654e-07  7.79e-04   1.19e-05     5.25e+01   1.529s
   8000 +7.78852174e-04 +5.29641540e-07  7.78e-04   1.91e-05     4.37e+01   1.719s
   9000 +7.78851077e-04 +7.61602578e-07  7.78e-04   1.41e-05     3.76e+01   1.908s
  10000 +7.78849968e-04 +8.77406805e-07  7.78e-04   1.06e-05     3.68e+01   2.098s
  11000 +7.78848741e-04 +9.37211890e-07  7.78e-04   6.18e-06     3.55e+01   2.286s
  12000 +7.78847570e-04 +9.07293530e-07  7.78e-04   6.63e-06     3.29e+01   2.474s
  13000 +7.78846483e-04 +8.23603175e-07  7.78e-04   9.30e-06     3.02e+01   2.662s
  14000 +7.78845333e-04 +7.36791788e-07  7.78e-04   1.02e-05     2.81e+01   2.850s
  15000 +7.78843980e-04 +6.81923882e-07  7.78e-04   1.12e-05     2.72e+01   3.038s
  16000 +7.78842347e-04 +6.30411585e-07  7.78e-04   1.22e-05     2.65e+01   3.226s
  17000 +7.78840757e-04 +5.77920296e-07  7.78e-04   1.18e-05     2.55e+01   3.413s
  18000 +7.78839188e-04 +5.41552505e-07  7.78e-04   1.04e-05     2.45e+01   3.601s
  19000 +7.78837498e-04 +5.29876919e-07  7.78e-04   8.81e-06     2.35e+01   3.788s
  20000 +7.78835945e-04 +5.37898435e-07  7.78e-04   7.82e-06     2.27e+01   3.975s
  21000 +7.78834369e-04 +5.55115268e-07  7.78e-04   7.40e-06     2.20e+01   4.163s
  22000 +7.78832759e-04 +5.71281904e-07  7.78e-04   7.29e-06     2.14e+01   4.351s
  23000 +7.78830860e-04 +5.77326270e-07  7.78e-04   7.32e-06     2.11e+01   4.539s
  24000 +7.78828178e-04 +5.77058270e-07  7.78e-04   7.51e-06     2.09e+01   4.727s
  25000 +7.78825641e-04 +5.80550183e-07  7.78e-04   7.81e-06     2.07e+01   4.915s
  26000 +7.78823065e-04 +5.87927805e-07  7.78e-04   8.27e-06     2.05e+01   5.103s
  27000 +7.78820513e-04 +5.98757921e-07  7.78e-04   8.83e-06     2.02e+01   5.291s
  28000 +7.78817988e-04 +6.12704492e-07  7.78e-04   9.44e-06     2.00e+01   5.479s
  29000 +7.78815293e-04 +6.29682489e-07  7.78e-04   1.01e-05     1.98e+01   5.668s
  30000 +7.78812694e-04 +6.49425654e-07  7.78e-04   1.07e-05     1.96e+01   5.856s
  31000 +7.78810106e-04 +6.71293445e-07  7.78e-04   1.13e-05     1.94e+01   6.044s
  32000 +7.78807456e-04 +6.95158537e-07  7.78e-04   1.19e-05     1.93e+01   6.232s
  33000 +7.78805047e-04 +7.21309406e-07  7.78e-04   1.25e-05     1.91e+01   6.420s
  34000 +7.78802553e-04 +7.49556399e-07  7.78e-04   1.29e-05     1.90e+01   6.608s
  35000 +7.78799854e-04 +7.78986589e-07  7.78e-04   1.33e-05     1.89e+01   6.796s
  36000 +7.78795108e-04 +7.96395586e-07  7.78e-04   1.41e-05     1.88e+01   6.984s
  37000 +7.78788474e-04 +8.06860098e-07  7.78e-04   1.52e-05     1.88e+01   7.172s
  38000 +7.78781784e-04 +8.18473977e-07  7.78e-04   1.62e-05     1.87e+01   7.359s
  39000 +7.78775132e-04 +8.30973593e-07  7.78e-04   1.70e-05     1.86e+01   7.546s
  40000 +7.78768575e-04 +8.44079241e-07  7.78e-04   1.77e-05     1.86e+01   7.733s
  41000 +7.78761887e-04 +8.57443780e-07  7.78e-04   1.82e-05     1.85e+01   7.921s
  42000 +7.78755341e-04 +8.70833450e-07  7.78e-04   1.85e-05     1.84e+01   8.108s
  43000 +7.78748729e-04 +8.83835703e-07  7.78e-04   1.87e-05     1.83e+01   8.296s
  44000 +7.78742097e-04 +8.96460315e-07  7.78e-04   1.87e-05     1.83e+01   8.483s
  45000 +7.78735536e-04 +9.08109562e-07  7.78e-04   1.86e-05     1.82e+01   8.671s
  46000 +7.78729015e-04 +9.18417221e-07  7.78e-04   1.84e-05     1.81e+01   8.858s
  47000 +7.78722513e-04 +9.27326185e-07  7.78e-04   1.82e-05     1.81e+01   9.045s
  48000 +7.78716075e-04 +9.34776049e-07  7.78e-04   1.79e-05     1.80e+01   9.233s
  49000 +7.78709443e-04 +9.40814658e-07  7.78e-04   1.77e-05     1.80e+01   9.420s
  50000 +7.78703212e-04 +9.45570063e-07  7.78e-04   1.75e-05     1.79e+01   9.608s
  51000 +7.78696836e-04 +9.49108536e-07  7.78e-04   1.73e-05     1.79e+01   9.795s
  52000 +7.78690103e-04 +9.51507496e-07  7.78e-04   1.72e-05     1.78e+01   9.982s
  53000 +7.78683941e-04 +9.53293495e-07  7.78e-04   1.71e-05     1.78e+01   10.170s
  54000 +7.78677531e-04 +9.54716718e-07  7.78e-04   1.71e-05     1.78e+01   10.357s
  55000 +7.78671049e-04 +9.55809930e-07  7.78e-04   1.70e-05     1.77e+01   10.544s
  56000 +7.78651903e-04 +9.56714591e-07  7.78e-04   1.73e-05     1.77e+01   10.732s
  57000 +7.78623496e-04 +9.57388124e-07  7.78e-04   1.79e-05     1.77e+01   10.920s
  58000 +7.78595102e-04 +9.57743576e-07  7.78e-04   1.86e-05     1.77e+01   11.108s
  59000 +7.78566722e-04 +9.57815275e-07  7.78e-04   1.93e-05     1.77e+01   11.296s
  60000 +7.78538356e-04 +9.57646613e-07  7.78e-04   2.01e-05     1.76e+01   11.484s
  61000 +7.78510041e-04 +9.57215482e-07  7.78e-04   2.09e-05     1.76e+01   11.673s
  62000 +7.78481743e-04 +9.56518470e-07  7.78e-04   2.17e-05     1.76e+01   11.861s
  63000 +7.78453820e-04 +9.55568676e-07  7.77e-04   2.25e-05     1.76e+01   12.049s
  64000 +7.78425496e-04 +9.54414932e-07  7.77e-04   2.34e-05     1.76e+01   12.237s
  65000 +7.78397613e-04 +9.53111659e-07  7.77e-04   2.42e-05     1.76e+01   12.425s
  66000 +7.78369373e-04 +9.51685386e-07  7.77e-04   2.50e-05     1.75e+01   12.613s
  67000 +7.78341313e-04 +9.50186917e-07  7.77e-04   2.58e-05     1.75e+01   12.801s
  68000 +7.78313188e-04 +9.48668653e-07  7.77e-04   2.66e-05     1.75e+01   12.990s
  69000 +7.78285044e-04 +9.47153490e-07  7.77e-04   2.74e-05     1.75e+01   13.178s
  70000 +7.78257058e-04 +9.45686388e-07  7.77e-04   2.81e-05     1.75e+01   13.366s
  71000 +7.78229152e-04 +9.44279585e-07  7.77e-04   2.88e-05     1.75e+01   13.554s
  72000 +7.78201109e-04 +9.43055750e-07  7.77e-04   2.96e-05     1.74e+01   13.742s
  73000 +7.78173818e-04 +9.42016469e-07  7.77e-04   3.03e-05     1.74e+01   13.930s
  74000 +7.78145882e-04 +9.41127252e-07  7.77e-04   3.10e-05     1.74e+01   14.118s
  75000 +7.78117974e-04 +9.40345437e-07  7.77e-04   3.18e-05     1.74e+01   14.307s
  76000 +7.78090761e-04 +9.39715649e-07  7.77e-04   3.25e-05     1.74e+01   14.494s
  77000 +7.78062837e-04 +9.39233891e-07  7.77e-04   3.32e-05     1.73e+01   14.683s
  78000 +7.78035214e-04 +9.38878019e-07  7.77e-04   3.39e-05     1.73e+01   14.871s
  79000 +7.78008235e-04 +9.38624222e-07  7.77e-04   3.45e-05     1.73e+01   15.059s
  80000 +7.77980446e-04 +9.38553116e-07  7.77e-04   3.52e-05     1.73e+01   15.247s
  81000 +7.77952948e-04 +9.38636785e-07  7.77e-04   3.58e-05     1.73e+01   15.435s
  82000 +7.77925659e-04 +9.38913499e-07  7.77e-04   3.63e-05     1.73e+01   15.623s
  83000 +7.77898532e-04 +9.39180821e-07  7.77e-04   3.68e-05     1.72e+01   15.811s
  84000 +7.77871533e-04 +9.39416433e-07  7.77e-04   3.73e-05     1.72e+01   15.999s
  85000 +7.77844638e-04 +9.39737074e-07  7.77e-04   3.76e-05     1.72e+01   16.187s
  86000 +7.77817700e-04 +9.40142003e-07  7.77e-04   3.79e-05     1.72e+01   16.375s
  87000 +7.77728709e-04 +9.40345030e-07  7.77e-04   3.95e-05     1.72e+01   16.563s
  88000 +7.77542278e-04 +9.40309752e-07  7.77e-04   4.29e-05     1.72e+01   16.750s
  89000 +7.77355951e-04 +9.40255769e-07  7.76e-04   4.63e-05     1.72e+01   16.937s
  90000 +7.77169665e-04 +9.40205777e-07  7.76e-04   4.98e-05     1.72e+01   17.125s
  91000 +7.76983437e-04 +9.40140440e-07  7.76e-04   5.32e-05     1.72e+01   17.312s
  92000 +7.76797275e-04 +9.40053294e-07  7.76e-04   5.67e-05     1.72e+01   17.499s
  93000 +7.76611415e-04 +9.39946100e-07  7.76e-04   6.02e-05     1.72e+01   17.687s
  94000 +7.76425437e-04 +9.39827818e-07  7.75e-04   6.36e-05     1.71e+01   17.875s
  95000 +7.76239968e-04 +9.39705361e-07  7.75e-04   6.70e-05     1.71e+01   18.062s
  96000 +7.76054317e-04 +9.39577410e-07  7.75e-04   7.05e-05     1.71e+01   18.250s
  97000 +7.75868359e-04 +9.39432705e-07  7.75e-04   7.38e-05     1.71e+01   18.437s
  98000 +7.75683237e-04 +9.39260446e-07  7.75e-04   7.72e-05     1.71e+01   18.625s
  99000 +7.75497967e-04 +9.39063538e-07  7.75e-04   8.05e-05     1.71e+01   18.812s
 100000 +7.75312941e-04 +9.38839953e-07  7.74e-04   8.37e-05     1.71e+01   18.999s
 101000 +7.75128422e-04 +9.38573485e-07  7.74e-04   8.70e-05     1.71e+01   19.186s
 102000 +7.74942821e-04 +9.38306094e-07  7.74e-04   9.02e-05     1.71e+01   19.374s
 103000 +7.74758884e-04 +9.38059837e-07  7.74e-04   9.34e-05     1.71e+01   19.561s
 104000 +7.74575457e-04 +9.37762856e-07  7.74e-04   9.66e-05     1.71e+01   19.749s
 105000 +7.74390279e-04 +9.37460415e-07  7.73e-04   9.97e-05     1.71e+01   19.936s
 106000 +7.74206378e-04 +9.37191166e-07  7.73e-04   1.03e-04     1.71e+01   20.123s
 107000 +7.74024256e-04 +9.36930719e-07  7.73e-04   1.06e-04     1.71e+01   20.311s
 108000 +7.73838949e-04 +9.36657818e-07  7.73e-04   1.09e-04     1.71e+01   20.498s
 109000 +7.73656198e-04 +9.36385296e-07  7.73e-04   1.12e-04     1.71e+01   20.685s
 110000 +7.73474985e-04 +9.36152840e-07  7.73e-04   1.15e-04     1.70e+01   20.872s
 111000 +7.73291103e-04 +9.35952297e-07  7.72e-04   1.18e-04     1.70e+01   21.059s
 112000 +7.73110219e-04 +9.35803540e-07  7.72e-04   1.20e-04     1.70e+01   21.247s
 113000 +7.72927288e-04 +9.35740000e-07  7.72e-04   1.23e-04     1.70e+01   21.434s
 114000 +7.72744771e-04 +9.35730713e-07  7.72e-04   1.26e-04     1.70e+01   21.622s
 115000 +7.72563643e-04 +9.35784390e-07  7.72e-04   1.29e-04     1.70e+01   21.809s
 116000 +7.72382445e-04 +9.35908106e-07  7.71e-04   1.31e-04     1.70e+01   21.996s
 117000 +7.72203849e-04 +9.36043145e-07  7.71e-04   1.34e-04     1.70e+01   22.184s
 118000 +7.72025637e-04 +9.35254502e-07  7.71e-04   1.36e-04     1.70e+01   22.371s
 119000 +7.71846161e-04 +9.34949571e-07  7.71e-04   1.38e-04     1.70e+01   22.558s
 120000 +7.71662925e-04 +9.34609743e-07  7.71e-04   1.41e-04     1.70e+01   22.746s
 121000 +7.71487708e-04 +9.34157045e-07  7.71e-04   1.43e-04     1.69e+01   22.933s
 122000 +7.71309484e-04 +9.33735353e-07  7.70e-04   1.45e-04     1.69e+01   23.120s
 123000 +7.71128782e-04 +9.33109981e-07  7.70e-04   1.47e-04     1.69e+01   23.308s
 124000 +7.70955143e-04 +9.32526533e-07  7.70e-04   1.50e-04     1.69e+01   23.495s
 125000 +7.70776625e-04 +9.31969850e-07  7.70e-04   1.52e-04     1.69e+01   23.682s
 126000 +7.70599883e-04 +9.31241509e-07  7.70e-04   1.53e-04     1.69e+01   23.869s
 127000 +7.70427603e-04 +9.30611757e-07  7.69e-04   1.55e-04     1.69e+01   24.056s
 128000 +7.70250876e-04 +9.30114082e-07  7.69e-04   1.57e-04     1.69e+01   24.244s
 129000 +7.70075424e-04 +9.29882778e-07  7.69e-04   1.58e-04     1.69e+01   24.431s
 130000 +7.69902929e-04 +9.29807498e-07  7.69e-04   1.59e-04     1.68e+01   24.619s
 131000 +7.69732671e-04 +9.29697302e-07  7.69e-04   1.59e-04     1.68e+01   24.806s
 132000 +7.69552419e-04 +9.29622152e-07  7.69e-04   1.60e-04     1.68e+01   24.993s
 133000 +7.69382179e-04 +9.29873323e-07  7.68e-04   1.60e-04     1.68e+01   25.180s
 134000 +7.69209353e-04 +9.30394650e-07  7.68e-04   1.60e-04     1.68e+01   25.368s
 135000 +7.69030837e-04 +9.30943595e-07  7.68e-04   1.60e-04     1.68e+01   25.555s
 136000 +7.68130652e-04 +9.31118097e-07  7.67e-04   1.64e-04     1.68e+01   25.743s
 137000 +7.66726580e-04 +9.31094303e-07  7.66e-04   1.72e-04     1.68e+01   25.931s
 138000 +7.65322955e-04 +9.31077613e-07  7.64e-04   1.81e-04     1.68e+01   26.120s
 139000 +7.63919672e-04 +9.31104011e-07  7.63e-04   1.91e-04     1.68e+01   26.308s
 140000 +7.62517729e-04 +9.31172634e-07  7.62e-04   2.02e-04     1.68e+01   26.496s
 141000 +7.61118504e-04 +9.31252914e-07  7.60e-04   2.12e-04     1.68e+01   26.684s
 142000 +7.59748788e-04 +9.31468602e-07  7.59e-04   2.21e-04     1.68e+01   26.872s
 143000 +7.58395907e-04 +9.32531763e-07  7.57e-04   2.42e-04     1.68e+01   27.060s
 144000 +7.57043142e-04 +9.34531310e-07  7.56e-04   2.74e-04     1.67e+01   27.247s
 145000 +7.55704330e-04 +9.37188083e-07  7.55e-04   2.98e-04     1.67e+01   27.435s
 146000 +7.54382548e-04 +9.39520016e-07  7.53e-04   3.20e-04     1.67e+01   27.624s
 147000 +7.53067299e-04 +9.41692354e-07  7.52e-04   3.59e-04     1.67e+01   27.812s
 148000 +7.51754891e-04 +9.43835537e-07  7.51e-04   3.99e-04     1.67e+01   28.000s
 149000 +7.50479206e-04 +9.45817972e-07  7.50e-04   4.18e-04     1.67e+01   28.188s
 150000 +7.49251530e-04 +9.47427633e-07  7.48e-04   4.09e-04     1.67e+01   28.377s
 151000 +7.48020433e-04 +9.48561353e-07  7.47e-04   4.03e-04     1.66e+01   28.565s
 152000 +7.46790950e-04 +9.49445945e-07  7.46e-04   4.14e-04     1.66e+01   28.754s
 153000 +7.45564021e-04 +9.50685391e-07  7.45e-04   4.39e-04     1.66e+01   28.942s
 154000 +7.44337134e-04 +9.52487962e-07  7.43e-04   4.63e-04     1.66e+01   29.130s
 155000 +7.43114870e-04 +9.54775964e-07  7.42e-04   4.80e-04     1.66e+01   29.319s
 156000 +7.41908324e-04 +9.57603097e-07  7.41e-04   5.02e-04     1.66e+01   29.507s
 157000 +7.40695503e-04 +9.61111974e-07  7.40e-04   5.30e-04     1.65e+01   29.695s
 158000 +7.39487712e-04 +9.65426984e-07  7.39e-04   5.66e-04     1.65e+01   29.883s
 159000 +7.38294736e-04 +9.70310737e-07  7.37e-04   6.08e-04     1.65e+01   30.071s
 160000 +7.37093910e-04 +9.75824916e-07  7.36e-04   6.59e-04     1.65e+01   30.259s
 161000 +7.35901508e-04 +9.81945623e-07  7.35e-04   7.15e-04     1.65e+01   30.447s
 162000 +7.34715085e-04 +9.88701386e-07  7.34e-04   7.76e-04     1.64e+01   30.635s
 163000 +7.33519699e-04 +9.96049438e-07  7.33e-04   8.39e-04     1.64e+01   30.823s
 164000 +7.32346938e-04 +1.00395027e-06  7.31e-04   9.00e-04     1.64e+01   31.011s
 165000 +7.31150232e-04 +1.01232905e-06  7.30e-04   9.61e-04     1.64e+01   31.199s
 166000 +7.29966654e-04 +1.02105065e-06  7.29e-04   1.01e-03     1.64e+01   31.387s
 167000 +7.28793632e-04 +1.02999878e-06  7.28e-04   1.06e-03     1.63e+01   31.575s
 168000 +7.27616121e-04 +1.03892628e-06  7.27e-04   1.11e-03     1.63e+01   31.763s
 169000 +7.26435782e-04 +1.04778248e-06  7.25e-04   1.15e-03     1.63e+01   31.951s
 170000 +7.25264739e-04 +1.05653847e-06  7.24e-04   1.20e-03     1.63e+01   32.139s
 171000 +7.24086582e-04 +1.06516898e-06  7.23e-04   1.24e-03     1.63e+01   32.328s
 172000 +7.22908026e-04 +1.07366515e-06  7.22e-04   1.29e-03     1.62e+01   32.516s
 173000 +7.21745369e-04 +1.08197465e-06  7.21e-04   1.33e-03     1.62e+01   32.704s
 174000 +7.20578345e-04 +1.09013671e-06  7.19e-04   1.38e-03     1.62e+01   32.892s
 175000 +7.19424909e-04 +1.09823430e-06  7.18e-04   1.42e-03     1.62e+01   33.080s
 176000 +7.18277992e-04 +1.10621540e-06  7.17e-04   1.45e-03     1.62e+01   33.268s
 177000 +7.17129535e-04 +1.11422569e-06  7.16e-04   1.49e-03     1.62e+01   33.456s
 178000 +7.15990907e-04 +1.12224102e-06  7.15e-04   1.52e-03     1.61e+01   33.644s
 179000 +7.14850314e-04 +1.13037968e-06  7.14e-04   1.54e-03     1.61e+01   33.832s
 180000 +7.13711146e-04 +1.13867382e-06  7.13e-04   1.57e-03     1.61e+01   34.020s
 181000 +7.12581968e-04 +1.14729832e-06  7.11e-04   1.59e-03     1.61e+01   34.209s
 182000 +7.11461140e-04 +1.15630328e-06  7.10e-04   1.61e-03     1.61e+01   34.397s
 183000 +7.10338115e-04 +1.16573324e-06  7.09e-04   1.63e-03     1.60e+01   34.585s
 184000 +7.09210503e-04 +1.17564805e-06  7.08e-04   1.63e-03     1.60e+01   34.773s
 185000 +7.08096205e-04 +1.18580476e-06  7.07e-04   1.63e-03     1.60e+01   34.961s
 186000 +7.06975251e-04 +1.19649516e-06  7.06e-04   1.63e-03     1.60e+01   35.149s
 187000 +7.05862734e-04 +1.20722275e-06  7.05e-04   1.62e-03     1.60e+01   35.337s
 188000 +7.04747027e-04 +1.21843056e-06  7.04e-04   1.60e-03     1.60e+01   35.525s
 189000 +7.03627741e-04 +1.22994131e-06  7.02e-04   1.61e-03     1.60e+01   35.713s
 190000 +7.02518135e-04 +1.24215817e-06  7.01e-04   1.61e-03     1.60e+01   35.902s
 191000 +7.01435706e-04 +1.25505375e-06  7.00e-04   1.61e-03     1.59e+01   36.089s
 192000 +7.00369266e-04 +1.26828603e-06  6.99e-04   1.61e-03     1.59e+01   36.278s
 193000 +6.99232798e-04 +1.28183658e-06  6.98e-04   1.60e-03     1.59e+01   36.466s
 194000 +6.98149461e-04 +1.29592248e-06  6.97e-04   1.61e-03     1.59e+01   36.654s
 195000 +6.97078492e-04 +1.31068732e-06  6.96e-04   1.62e-03     1.59e+01   36.842s
 196000 +6.95960101e-04 +1.32581923e-06  6.95e-04   1.60e-03     1.59e+01   37.030s
 197000 +6.94896295e-04 +1.34106950e-06  6.94e-04   1.60e-03     1.59e+01   37.218s
 198000 +6.93808188e-04 +1.35707919e-06  6.92e-04   1.62e-03     1.59e+01   37.406s
 199000 +6.92700459e-04 +1.37366628e-06  6.91e-04   1.62e-03     1.59e+01   37.594s
 200000 +6.91659575e-04 +1.39066569e-06  6.90e-04   1.63e-03     1.59e+01   37.783s
 201000 +6.90581971e-04 +1.40792251e-06  6.89e-04   1.64e-03     1.59e+01   37.971s
 202000 +6.89485699e-04 +1.42575100e-06  6.88e-04   1.66e-03     1.59e+01   38.159s
 203000 +6.88446237e-04 +1.44433906e-06  6.87e-04   1.71e-03     1.58e+01   38.347s
 204000 +6.87391192e-04 +1.46405666e-06  6.86e-04   1.76e-03     1.58e+01   38.535s
 205000 +6.86297104e-04 +1.48461188e-06  6.85e-04   1.81e-03     1.58e+01   38.724s
 206000 +6.85273548e-04 +1.50603009e-06  6.84e-04   1.85e-03     1.58e+01   38.912s
 207000 +6.84215710e-04 +1.52778268e-06  6.83e-04   1.86e-03     1.58e+01   39.100s
 208000 +6.83124474e-04 +1.54940370e-06  6.82e-04   1.88e-03     1.58e+01   39.288s
 209000 +6.82154996e-04 +1.57186916e-06  6.81e-04   1.93e-03     1.58e+01   39.476s
 210000 +6.81064061e-04 +1.59517088e-06  6.79e-04   2.02e-03     1.58e+01   39.664s
 211000 +6.80001684e-04 +1.61968759e-06  6.78e-04   2.07e-03     1.57e+01   39.852s
 212000 +6.76720576e-04 +1.63563831e-06  6.75e-04   2.12e-03     1.57e+01   40.040s
 213000 +6.69758720e-04 +1.63834368e-06  6.68e-04   2.25e-03     1.57e+01   40.227s
 214000 +6.62831787e-04 +1.64126763e-06  6.61e-04   2.49e-03     1.57e+01   40.415s
 215000 +6.56003333e-04 +1.64464703e-06  6.54e-04   2.80e-03     1.57e+01   40.602s
 216000 +6.49277537e-04 +1.64850381e-06  6.48e-04   3.10e-03     1.57e+01   40.789s
 217000 +6.42612588e-04 +1.65271663e-06  6.41e-04   3.36e-03     1.57e+01   40.977s
 218000 +6.36001675e-04 +1.65717423e-06  6.34e-04   3.59e-03     1.57e+01   41.164s
 219000 +6.29495162e-04 +1.66188064e-06  6.28e-04   3.81e-03     1.56e+01   41.351s
 220000 +6.23058699e-04 +1.66674583e-06  6.21e-04   3.98e-03     1.56e+01   41.538s
 221000 +6.16687356e-04 +1.67162904e-06  6.15e-04   4.08e-03     1.56e+01   41.726s
 222000 +6.10579482e-04 +1.67646837e-06  6.09e-04   4.13e-03     1.55e+01   41.913s
 223000 +6.04612652e-04 +1.68086444e-06  6.03e-04   4.12e-03     1.55e+01   42.100s
 224000 +5.98810068e-04 +1.68471301e-06  5.97e-04   4.20e-03     1.54e+01   42.288s
 225000 +5.93010970e-04 +1.68820697e-06  5.91e-04   4.46e-03     1.53e+01   42.475s
 226000 +5.87276917e-04 +1.69194224e-06  5.86e-04   4.86e-03     1.53e+01   42.662s
 227000 +5.81559774e-04 +1.69611448e-06  5.80e-04   5.35e-03     1.52e+01   42.849s
 228000 +5.75799187e-04 +1.70066370e-06  5.74e-04   5.92e-03     1.51e+01   43.037s
 229000 +5.70155125e-04 +1.70559083e-06  5.68e-04   6.56e-03     1.50e+01   43.224s
 230000 +5.64468873e-04 +1.71100923e-06  5.63e-04   7.26e-03     1.50e+01   43.411s
 231000 +5.58793591e-04 +1.71712059e-06  5.57e-04   8.00e-03     1.49e+01   43.598s
 232000 +5.53252207e-04 +1.72404301e-06  5.52e-04   8.76e-03     1.48e+01   43.786s
 233000 +5.47798547e-04 +1.73191390e-06  5.46e-04   9.51e-03     1.48e+01   43.973s
 234000 +5.42383601e-04 +1.74079578e-06  5.41e-04   1.02e-02     1.47e+01   44.160s
 235000 +5.37058515e-04 +1.75065903e-06  5.35e-04   1.08e-02     1.47e+01   44.347s
 236000 +5.31808074e-04 +1.76142186e-06  5.30e-04   1.13e-02     1.46e+01   44.535s
 237000 +5.26665110e-04 +1.77284944e-06  5.25e-04   1.16e-02     1.45e+01   44.722s
 238000 +5.21510221e-04 +1.78460936e-06  5.20e-04   1.17e-02     1.45e+01   44.909s
 239000 +5.16453833e-04 +1.79643321e-06  5.15e-04   1.17e-02     1.44e+01   45.096s
 240000 +5.11439735e-04 +1.80853543e-06  5.10e-04   1.17e-02     1.43e+01   45.284s
 241000 +5.06409898e-04 +1.82084110e-06  5.05e-04   1.16e-02     1.43e+01   45.471s
 242000 +5.01574158e-04 +1.83302262e-06  5.00e-04   1.14e-02     1.42e+01   45.658s
 243000 +4.96595854e-04 +1.84496809e-06  4.95e-04   1.12e-02     1.41e+01   45.845s
 244000 +4.91795163e-04 +1.85690551e-06  4.90e-04   1.11e-02     1.41e+01   46.033s
 245000 +4.87260475e-04 +1.86877396e-06  4.85e-04   1.10e-02     1.40e+01   46.220s
 246000 +4.82531139e-04 +1.88018504e-06  4.81e-04   1.10e-02     1.39e+01   46.407s
 247000 +4.77828996e-04 +1.89135513e-06  4.76e-04   1.09e-02     1.39e+01   46.595s
 248000 +4.73466454e-04 +1.90240645e-06  4.72e-04   1.08e-02     1.38e+01   46.782s
 249000 +4.68780430e-04 +1.91352875e-06  4.67e-04   1.08e-02     1.37e+01   46.969s
 250000 +4.64368575e-04 +1.92448978e-06  4.62e-04   1.07e-02     1.36e+01   47.157s
 251000 +4.59966522e-04 +1.93529501e-06  4.58e-04   1.07e-02     1.36e+01   47.344s
 252000 +4.55367563e-04 +1.94602550e-06  4.53e-04   1.07e-02     1.35e+01   47.532s
 253000 +4.51196062e-04 +1.95680526e-06  4.49e-04   1.07e-02     1.35e+01   47.719s
 254000 +4.46814425e-04 +1.96764221e-06  4.45e-04   1.06e-02     1.34e+01   47.907s
 255000 +4.42423175e-04 +1.97842769e-06  4.40e-04   1.06e-02     1.34e+01   48.094s
 256000 +4.38126213e-04 +1.98921326e-06  4.36e-04   1.06e-02     1.33e+01   48.281s
 257000 +4.33808909e-04 +2.00015348e-06  4.32e-04   1.07e-02     1.33e+01   48.468s
 258000 +4.29603108e-04 +2.01157275e-06  4.28e-04   1.09e-02     1.32e+01   48.656s
 259000 +4.25513407e-04 +2.02348712e-06  4.23e-04   1.11e-02     1.32e+01   48.843s
 260000 +4.21236845e-04 +2.03586071e-06  4.19e-04   1.14e-02     1.31e+01   49.031s
 261000 +4.17163689e-04 +2.04874835e-06  4.15e-04   1.17e-02     1.31e+01   49.218s
 262000 +4.13305505e-04 +2.06224723e-06  4.11e-04   1.22e-02     1.30e+01   49.406s
 263000 +4.08970238e-04 +2.07670777e-06  4.07e-04   1.26e-02     1.30e+01   49.593s
 264000 +4.04946969e-04 +2.09182235e-06  4.03e-04   1.30e-02     1.29e+01   49.781s
 265000 +4.01003525e-04 +2.10719524e-06  3.99e-04   1.33e-02     1.29e+01   49.968s
 266000 +3.96853313e-04 +2.12285946e-06  3.95e-04   1.35e-02     1.29e+01   50.156s
 267000 +3.92949272e-04 +2.13881865e-06  3.91e-04   1.37e-02     1.28e+01   50.344s
