Running HiGHS 1.15.1 (git hash: 04024d7): Copyright (c) 2026 under MIT licence terms
Includes third-party software components, see THIRD_PARTY_NOTICES.md for full details
LP has 16719 rows; 24496 cols; 66569550 nonzeros
Coefficient ranges:
  Matrix  [2e+00, 4e+06]
  Cost    [1e+00, 1e+00]
  Bound   [0e+00, 0e+00]
  RHS     [1e+00, 1e+00]
Presolving model
16718 rows, 24496 cols, 66569550 nonzeros 12s
9246 rows, 14404 cols, 36533770 nonzeros 36s
Dependent equations search running on 9246 equations with time limit of 1000.00s
Dependent equations search terminated after 71.7s due to expected time exceeding limit
9246 rows, 14404 cols, 36533770 nonzeros 118s
Presolve reductions: rows 9246(-7473); columns 14404(-10092); nonzeros 36533770(-30035780) 
Solving the presolved LP
Using dual simplex solver
  Iteration        Objective     Infeasibilities num(sum)
          0     0.0000000000e+00 Pr: 1(0.00195312) 122.2s
        629     8.6194679243e-06 Pr: 8877(209.789); Du: 0(4.03173e-10) 127.4s
       1133     1.1922406997e-05 Pr: 8620(82.8601); Du: 0(4.03173e-10) 136.5s
       1495     1.4455433159e-05 Pr: 8440(183.438); Du: 0(4.03173e-10) 147.4s
       1708     1.5821538043e-05 Pr: 8285(241.117); Du: 0(2.74549e-09) 158.3s
       1933     1.7734454629e-05 Pr: 8168(36.3713); Du: 0(3.00253e-09) 173.1s
       2088     1.9343224954e-05 Pr: 8083(39.5502); Du: 0(6.73426e-10) 189.2s
       2177     2.0204223788e-05 Pr: 8076(174.194); Du: 0(5.99811e-09) 210.9s
       2271     2.1140457152e-05 Pr: 8000(165.28); Du: 0(7.65533e-09) 228.3s
       2391     2.2599831160e-05 Pr: 7924(175.287); Du: 0(7.05812e-09) 245.3s
       2521     2.4230343637e-05 Pr: 7806(151.208); Du: 0(5.74658e-09) 273.3s
       2569     2.5265326813e-05 Pr: 7788(263.443); Du: 0(5.89173e-09) 297.7s
       2600     2.6243481390e-05 Pr: 7750(656.695); Du: 0(7.66453e-09) 330.2s
       2652     2.7726236951e-05 Pr: 7723(38.7809); Du: 0(2.66687e-08) 363.9s
       2662     2.8288408523e-05 Pr: 7741(298.854); Du: 0(2.92711e-08) 401.5s
       2738     3.1182880788e-05 Pr: 7710(7.86694); Du: 0(2.38096e-08) 438.0s
       2777     3.1629868804e-05 Pr: 734(29.0286); Du: 0(2.30792e-08) 478.4s
       2843     3.2238762168e-05 Pr: 728(26.3025); Du: 0(2.0637e-08) 513.1s
       2880     3.2569327728e-05 Pr: 726(7.65931); Du: 0(2.43184e-08) 532.1s
       2936     3.3394670104e-05 Pr: 728(4.09754); Du: 0(2.93684e-08) 561.2s
       3007     3.3629852081e-05 Pr: 698(4.09998); Du: 0(3.00488e-08) 598.1s
       3084     3.4081400990e-05 Pr: 747(4.24376); Du: 0(2.75841e-08) 633.2s
       3127     3.4359395369e-05 Pr: 743(37.9504); Du: 0(2.62682e-08) 674.2s
       3216     3.4527792743e-05 Pr: 779(16.3738); Du: 0(2.7299e-08) 712.2s
       3290     3.4688847401e-05 Pr: 746(6.73427); Du: 0(2.55756e-08) 737.4s
       3350     3.4792067482e-05 Pr: 717(4.00136); Du: 0(2.29042e-08) 778.4s
       3438     3.5357551269e-05 Pr: 743(1.24403); Du: 0(1.88169e-08) 806.4s
       3509     3.5898238370e-05 Pr: 749(11.0489); Du: 0(2.01558e-08) 825.3s
       3569     3.6201464814e-05 Pr: 763(20.8774); Du: 0(2.74015e-08) 862.1s
       3598     3.6271082767e-05 Pr: 715(7.73326); Du: 0(2.96136e-08) 892.0s
       3678     3.6496521230e-05 Pr: 739(7.23365); Du: 0(3.29e-08) 928.5s
       3752     3.6631353799e-05 Pr: 723(17.5213); Du: 0(4.12282e-08) 963.4s
       3842     3.6785222762e-05 Pr: 751(2.51699); Du: 0(4.08508e-08) 992.1s
       3938     3.6930506747e-05 Pr: 794(15.8138); Du: 0(4.22611e-08) 1033.6s
       4098     3.7112019970e-05 Pr: 733(2.8539); Du: 0(3.90713e-08) 1090.6s
       4225     3.7372663416e-05 Pr: 752(1.38154); Du: 0(2.38007e-08) 1147.2s
       4327     3.7648490691e-05 Pr: 766(110.519); Du: 0(1.40697e-08) 1203.8s
       4537     3.7895117891e-05 Pr: 787(9.24676); Du: 0(3.16959e-08) 1277.5s
       4692     3.8048402906e-05 Pr: 759(1.88969); Du: 0(3.22296e-08) 1339.1s
       4835     3.8168477900e-05 Pr: 705(3.58643); Du: 0(3.4618e-08) 1397.6s
       5015     3.8333607492e-05 Pr: 693(1.13499); Du: 0(1.6299e-08) 1465.4s
       5155     3.8452567802e-05 Pr: 736(2.50245); Du: 0(3.4313e-08) 1521.3s
       5342     3.8589759166e-05 Pr: 763(1.73136); Du: 0(3.81584e-08) 1574.7s
       5503     3.8708343964e-05 Pr: 723(1.29096); Du: 0(2.98802e-08) 1644.8s
       5691     3.8853205579e-05 Pr: 756(4.69641); Du: 0(2.98582e-08) 1717.4s
       5883     3.8969109560e-05 Pr: 775(0.983115); Du: 0(3.13254e-08) 1774.5s
       6046     3.9070248875e-05 Pr: 700(1.03069); Du: 0(3.09268e-08) 1832.7s
       6193     3.9139230999e-05 Pr: 768(2.63505); Du: 0(3.08012e-08) 1903.7s
       6407     3.9288450786e-05 Pr: 774(3.27467); Du: 0(2.92545e-08) 1975.1s
       6562     3.9407555167e-05 Pr: 772(10.0718); Du: 0(2.62002e-08) 2028.1s
       6749     3.9542188431e-05 Pr: 709(0.530083); Du: 0(2.63958e-08) 2089.7s
       6838     3.9575021140e-05 Pr: 760(4.2772); Du: 0(3.30017e-08) 2143.7s
       7004     3.9662506617e-05 Pr: 701(1.61931); Du: 0(3.14202e-08) 2198.8s
       7167     3.9765880722e-05 Pr: 712(0.618397); Du: 0(3.32383e-08) 2274.3s
       7353     3.9908539892e-05 Pr: 704(12.7553); Du: 0(3.42243e-08) 2348.9s
       7539     4.0043274344e-05 Pr: 693(1.01902); Du: 0(4.29219e-08) 2403.5s
       7741     4.0139978344e-05 Pr: 702(3.68521); Du: 0(3.36048e-08) 2466.0s
       7902     4.0186124498e-05 Pr: 661(0.202426); Du: 0(2.64516e-08) 2534.8s
       8086     4.0234076026e-05 Pr: 692(0.640959); Du: 0(2.64516e-08) 2596.5s
       8297     4.0312679863e-05 Pr: 699(0.495698); Du: 0(2.80261e-08) 2666.9s
       8441     4.0363816490e-05 Pr: 743(0.792251); Du: 0(3.35545e-08) 2735.1s
       8556     4.0385485441e-05 Pr: 751(0.852727); Du: 0(3.07718e-08) 2793.5s
       8749     4.0446170427e-05 Pr: 711(0.759893); Du: 0(2.72388e-08) 2851.6s
       8909     4.0478683359e-05 Pr: 747(1.00317); Du: 0(2.67691e-08) 2912.2s
       9089     4.0544387262e-05 Pr: 763(1.69094); Du: 0(4.44094e-08) 2962.7s
       9272     4.0588105332e-05 Pr: 718(1.95764); Du: 0(4.76356e-08) 3023.8s
       9429     4.0610643320e-05 Pr: 711(0.983428); Du: 0(4.87882e-08) 3075.9s
       9562     4.0638682729e-05 Pr: 706(0.343187); Du: 0(3.89399e-08) 3126.8s
       9714     4.0663014897e-05 Pr: 673(0.437804); Du: 0(4.76701e-08) 3200.1s
       9855     4.0695254687e-05 Pr: 656(0.149019); Du: 0(4.54475e-08) 3273.7s
       9929     4.0709629492e-05 Pr: 726(0.817713); Du: 0(4.94272e-08) 3325.9s
      10076     4.0733768095e-05 Pr: 697(0.203948); Du: 0(4.84127e-08) 3388.9s
      10240     4.0748068545e-05 Pr: 702(0.757336); Du: 0(5.2469e-08) 3463.5s
      10336     4.0774333608e-05 Pr: 738(0.332764); Du: 0(5.88949e-08) 3525.8s
      10485     4.0801094710e-05 Pr: 687(0.315352); Du: 0(5.57012e-08) 3580.0s
      10640     4.0834302059e-05 Pr: 690(0.947669); Du: 0(4.85482e-08) 3645.7s
      10790     4.0862043755e-05 Pr: 674(0.554232); Du: 0(4.2826e-08) 3714.3s
      10989     4.0887633778e-05 Pr: 712(0.534431); Du: 0(3.60676e-08) 3773.2s
      11247     4.0917868471e-05 Pr: 637(0.112812); Du: 0(3.66841e-08) 3840.4s
      11370     4.0929363062e-05 Pr: 699(0.635348); Du: 0(2.75264e-08) 3906.9s
      11517     4.0948133178e-05 Pr: 653(0.193768); Du: 0(4.05226e-08) 3959.2s
      11682     4.0962637908e-05 Pr: 628(0.119674); Du: 0(3.14925e-08) 4024.7s
      11846     4.0981284232e-05 Pr: 753(2.02621); Du: 0(3.26098e-08) 4085.3s
      12004     4.0996995737e-05 Pr: 739(2.11718); Du: 0(3.53827e-08) 4137.6s
      12163     4.1010397110e-05 Pr: 651(0.315046); Du: 0(2.54602e-08) 4193.2s
      12293     4.1021106790e-05 Pr: 677(0.365584); Du: 0(2.86359e-08) 4249.5s
      12500     4.1040360901e-05 Pr: 634(0.4416); Du: 0(2.72757e-08) 4308.0s
      12652     4.1053732850e-05 Pr: 700(0.525996); Du: 0(2.1054e-08) 4364.0s
      12806     4.1072372391e-05 Pr: 744(2.41759); Du: 0(2.21229e-08) 4414.5s
      12990     4.1091289146e-05 Pr: 605(0.242918); Du: 0(3.9618e-08) 4475.0s
      13222     4.1102697712e-05 Pr: 629(0.117012); Du: 0(3.51384e-08) 4539.7s
      13351     4.1111369114e-05 Pr: 663(0.279187); Du: 0(7.83531e-08) 4604.4s
      13526     4.1120406831e-05 Pr: 604(0.0295007); Du: 0(7.94268e-08) 4666.7s
      13738     4.1135979986e-05 Pr: 636(0.125772); Du: 0(2.97087e-08) 4723.9s
      13950     4.1147961196e-05 Pr: 655(0.121656); Du: 0(1.91333e-08) 4795.1s
      14188     4.1160697635e-05 Pr: 617(0.0595607); Du: 0(3.32452e-08) 4872.7s
      14383     4.1168093991e-05 Pr: 653(0.173924); Du: 0(4.95189e-08) 4948.2s
      14572     4.1172229819e-05 Pr: 695(0.435911); Du: 0(5.49616e-08) 5004.1s
