Running HiGHS 1.15.1 (git hash: 04024d7): Copyright (c) 2026 under MIT licence terms
Includes third-party software components, see THIRD_PARTY_NOTICES.md for full details
LP has 2500 rows; 150152 cols; 339996044 nonzeros
Coefficient ranges:
  Matrix  [2e+00, 5e+07]
  Cost    [1e+00, 1e+03]
  Bound   [0e+00, 0e+00]
  RHS     [1e+00, 1e+00]
Solving LP with useful basis
Using primal simplex solver
  Iteration        Objective     Infeasibilities num(sum)
          0    -2.7091788950e-03 Ph1: 2494(0.749958); Du: 75076(3.06436e+08) 13.0s
         50    -2.6946219153e-03 Ph1: 2443(0.305081); Du: 75028(7.27253e+08) 18.2s
        104    -2.6847660197e-03 Ph1: 2393(0.236203); Du: 74981(4.3146e+07) 25.0s
        189    -2.6743132028e-03 Ph1: 2322(0.183474); Du: 74909(5.09112e+07) 34.9s
        327    -2.6636302880e-03 Ph1: 2215(0.140019); Du: 74805(5.31238e+07) 54.9s
        576    -2.6511924915e-03 Ph1: 2049(0.103167); Du: 74637(6.70489e+07) 104.1s
       1071    -2.6248062327e-03 Ph1: 1717(0.0579759); Du: 74368(3.81231e+08) 247.9s
       2138    -2.5868705557e-03 Ph1: 1147(0.0120042); Du: 73881(1.66041e+08) 916.0s
       2434    -2.5675375433e-03 Ph1: 1032(0.00578313); Du: 73613(8.76087e+06) 1224.8s
       2563    -2.5580654963e-03 Ph1: 944(0.00412069); Du: 73527(8.41573e+06) 1379.1s
       2636    -2.5527094368e-03 Ph1: 935(0.00365206); Du: 73517(673519) 1484.9s
       2724    -2.5475936343e-03 Ph1: 882(0.0033421); Du: 73467(1.16113e+07) 1598.7s
       2795    -2.5474396917e-03 Ph1: 839(0.00320296); Du: 73423(1.11361e+06) 1699.4s
       2871    -2.5388442638e-03 Ph1: 809(0.00308435); Du: 73391(8.72521e+06) 1802.3s
       2960    -2.5264261102e-03 Ph1: 779(0.00297511); Du: 73362(1.01465e+06) 1920.3s
       3041    -2.5141896748e-03 Ph1: 749(0.00288455); Du: 73332(654051) 2022.0s
       3112    -2.5092753947e-03 Ph1: 728(0.002816); Du: 73312(953630) 2115.3s
       3223    -2.5021012691e-03 Ph1: 686(0.00272019); Du: 73269(690241) 2243.4s
       3310    -2.4965363695e-03 Ph1: 648(0.00266481); Du: 73231(356029) 2361.2s
       3374    -2.4983762037e-03 Ph1: 656(0.0026329); Du: 73239(351243) 2458.9s
       3454    -2.4967619398e-03 Ph1: 629(0.00258646); Du: 73212(853709) 2574.1s
       3528    -2.4889698162e-03 Ph1: 594(0.00254274); Du: 73176(1.31268e+07) 2732.9s
       3602    -2.4830916453e-03 Ph1: 564(0.00250093); Du: 73146(798710) 2935.4s
       3669    -2.4802577759e-03 Ph1: 546(0.00246931); Du: 73128(610311) 3210.0s
       3726    -2.4773208576e-03 Ph1: 541(0.00244427); Du: 73123(363609) 3307.9s
       3793    -2.4772967823e-03 Ph1: 538(0.0024138); Du: 73120(5.7735e+06) 3397.4s
