Running HiGHS 1.15.1 (git hash: 04024d7): Copyright (c) 2026 under MIT licence terms
Includes third-party software components, see THIRD_PARTY_NOTICES.md for full details
LP has 1024 rows; 150152 cols; 152221978 nonzeros
Coefficient ranges:
  Matrix  [2e+00, 5e+07]
  Cost    [1e+00, 1e+00]
  Bound   [0e+00, 0e+00]
  RHS     [1e+00, 1e+00]
Solving LP with useful basis
Using primal simplex solver
  Iteration        Objective     Infeasibilities num(sum)
          0    -2.7903005812e-06 Ph1: 1024(0.51149); Du: 75076(3.96727e+08) 6.7s
        106    -2.7658590441e-06 Ph1: 927(0.105735); Du: 74981(2.72376e+08) 13.1s
        201    -2.7612563434e-06 Ph1: 863(0.0811681); Du: 74915(2.09444e+08) 20.9s
        381    -2.7466445143e-06 Ph1: 734(0.0504486); Du: 74788(2.5486e+07) 42.4s
        761    -2.7103915732e-06 Ph1: 493(0.0190051); Du: 74563(3.78003e+08) 119.3s
       1053    -2.6563324763e-06 Ph1: 380(0.00306929); Du: 74433(1.89763e+06) 230.0s
       1116    -2.6450701113e-06 Ph1: 332(0.00264774); Du: 74386(1.6382e+06) 256.5s
       1195    -2.6318112848e-06 Ph1: 284(0.00243515); Du: 74338(947625) 289.8s
       1244    -2.6227738475e-06 Ph1: 245(0.00233186); Du: 74297(5.2251e+06) 310.9s
       1332    -2.6111590761e-06 Ph1: 222(0.00223661); Du: 74276(652195) 345.7s
       1446    -2.5790971765e-06 Ph1: 112(0.00208652); Du: 74166(962344) 403.7s
       1528    -2.5562982272e-06 Ph1: 32(0.00197596); Du: 74086(540387) 437.8s
       1591    -2.5502202732e-06 Ph1: 7(0.00195441); Du: 74062(702781) 469.5s
       1674    -2.5479216299e-06 Ph1: 3(0.0019537); Du: 74057(34181.5) 502.8s
       1738    -2.5384818721e-06 Ph1: 3(0.00195277); Du: 74057(54616) 521.7s
       1809    -2.5273686862e-06 Ph1: 2(0.00195198); Du: 74056(13274.6) 545.3s
       1882    -2.5231615982e-06 Ph1: 3(0.00195182); Du: 74056(2.92982e+06) 579.7s
       1982    -2.4991842805e-06 Ph1: 1(0.00195085); Du: 74054(12574.7) 618.3s
       2056    -2.4773279295e-06 Ph1: 1(0.00195); Du: 74054(17394.8) 640.3s
       2158    -2.4408700731e-06 Ph1: 1(0.00194882); Du: 74054(19362.3) 674.3s
       2233    -2.3959950853e-06 Ph1: 2(0.00194766); Du: 74055(87498.6) 727.9s
       2296    -2.3778225314e-06 Ph1: 61(0.00202117); Du: 74113(499189) 772.3s
       2373    -2.3292641885e-06 Ph1: 26(0.00195671); Du: 74078(170217) 812.6s
       2468    -2.2698839931e-06 Ph1: 3(0.00194475); Du: 74055(233637) 853.4s
       2517    -2.2269443012e-06 Ph1: 1(0.00194376); Du: 74053(232173) 875.0s
       2594    -2.0471480942e-06 Ph1: 1(0.00193986); Du: 74053(254749) 911.1s
       2655    -1.7895769500e-06 Ph1: 3(0.00193552); Du: 74055(122386) 980.0s
       2756    -1.0000677574e-06 Ph1: 1(0.00192082); Du: 74053(67268.2) 1150.4s
       2848     7.0344170274e-05 Ph1: 21(0.00142711); Du: 74073(1.25829e+06) 1242.6s
       3017     8.5660157177e-05 Pr: 0(0); Du: 73994(4247.17) 1321.7s
       3247     6.7622909922e-05 Pr: 0(0); Du: 73617(643.699) 1372.9s
       3485     5.8825363825e-05 Pr: 0(0); Du: 73583(531.484) 1425.8s
       3500     5.8546861999e-05 1428.7s

Model status        : Iteration limit reached
Simplex   iterations: 3500
Objective value     :  6.0552008973e-05
P-D objective error :  4.2956308903e-18
HiGHS run time      :       1430.30
L1_ROUND round=0/0 support=1023/75076 objective=6.055200897288038e-05 seconds=1430.426
{
  "schema": "max11-sparse-l1-report-v1",
  "verdict": "CANDIDATES_NONOPTIMAL",
  "total_seconds": 1495.5369773088023,
  "max_rss_kib": 7560936
}
