Running HiGHS 1.15.1 (git hash: 04024d7): Copyright (c) 2026 under MIT licence terms
Includes third-party software components, see THIRD_PARTY_NOTICES.md for full details
LP has 151176 rows; 150152 cols; 76411293 nonzeros
Coefficient ranges:
  Matrix  [1e+00, 5e+07]
  Cost    [1e+00, 1e+00]
  Bound   [0e+00, 0e+00]
  RHS     [1e+00, 1e+00]
Not presolved: solving the LP
IPX model has 151176 rows, 150152 columns and 76411293 nonzeros
Input
    Number of variables:                                150152
    Number of free variables:                           75076
    Number of constraints:                              151176
    Number of equality constraints:                     1024
    Number of matrix entries:                           76411293
    Matrix range:                                       [1e+00, 5e+07]
    RHS range:                                          [1e+00, 1e+00]
    Objective range:                                    [1e+00, 1e+00]
    Bounds range:                                       [0e+00, 0e+00]
Preprocessing
    Dualized model:                                     no
    Number of dense columns:                            0
    Range of scaling factors:                           [2.44e-04, 1.00e+00]
    Scaled cost norm:                                   1
    Scaled bounds norm:                                 0.000244141
IPX version 1.0
Interior point solve
 Iter       primal obj         dual obj       pinf       dinf       gap      time
   0    0.00000000e+00   0.00000000e+00   1.50e+00   8.33e-01  0.00e+00     243.2
   1    7.73990032e+04   0.00000000e+00   2.07e-02   8.33e-07  2.00e+00     244.0
   2    5.73798120e+02   0.00000000e+00   1.54e-04   8.33e-13  1.99e+00     244.9
 Constructing starting basis...
 52673 free variables remaining
 27371 free variables remaining
 1561 free variables remaining
 Iter       primal obj         dual obj       pinf       dinf       gap      time
   3    2.67817939e-02   0.00000000e+00   7.18e-09   0.00e+00  2.64e-02     572.4
   4    9.06882889e-03   7.66030862e-10   2.32e-09   1.11e-16  9.03e-03     587.4
   5    2.78107758e-03   9.36817711e-09   6.68e-10   1.11e-16  2.78e-03     614.2
   6    8.96949632e-04   5.19186722e-08   2.02e-10   1.11e-16  8.96e-04     659.4
   7    2.30783748e-04   5.77421879e-07   4.82e-11   1.47e-16  2.30e-04     809.4
   8    7.11434250e-05   1.28366265e-06   1.11e-11   2.83e-16  6.99e-05    1083.7
    Finish factorization  21: fill factor =   1.05                         1180.8
