Running HiGHS 1.15.1 (git hash: 04024d7): Copyright (c) 2026 under MIT licence terms
Includes third-party software components, see THIRD_PARTY_NOTICES.md for full details
LP has 1024 rows; 150152 cols; 152221978 nonzeros
Coefficient ranges:
  Matrix  [2e+00, 5e+07]
  Cost    [1e+00, 1e+00]
  Bound   [0e+00, 0e+00]
  RHS     [1e+00, 1e+00]
Solving LP with useful basis
Using primal simplex solver
  Iteration        Objective     Infeasibilities num(sum)
          0    -2.7903005812e-06 Ph1: 1024(0.51149); Du: 75076(3.96727e+08) 5.8s
        106    -2.7658590441e-06 Ph1: 927(0.105735); Du: 74981(2.72376e+08) 12.2s
        201    -2.7612563434e-06 Ph1: 863(0.0811681); Du: 74915(2.09444e+08) 20.7s
        381    -2.7466445143e-06 Ph1: 734(0.0504486); Du: 74788(2.5486e+07) 42.6s
        761    -2.7103915732e-06 Ph1: 493(0.0190051); Du: 74563(3.78003e+08) 112.9s
       1053    -2.6563324763e-06 Ph1: 380(0.00306929); Du: 74433(1.89763e+06) 217.2s
       1116    -2.6450701113e-06 Ph1: 332(0.00264774); Du: 74386(1.6382e+06) 242.0s
       1195    -2.6318112848e-06 Ph1: 284(0.00243515); Du: 74338(947625) 271.6s
       1244    -2.6227738475e-06 Ph1: 245(0.00233186); Du: 74297(5.2251e+06) 290.8s
       1332    -2.6111590761e-06 Ph1: 222(0.00223661); Du: 74276(652195) 324.5s
       1446    -2.5790971765e-06 Ph1: 112(0.00208652); Du: 74166(962344) 369.0s
       1528    -2.5562982272e-06 Ph1: 32(0.00197596); Du: 74086(540387) 402.4s
       1591    -2.5502202732e-06 Ph1: 7(0.00195441); Du: 74062(702781) 427.5s
       1674    -2.5479216299e-06 Ph1: 3(0.0019537); Du: 74057(34181.5) 455.1s
       1738    -2.5384818721e-06 Ph1: 3(0.00195277); Du: 74057(54616) 473.6s
       1809    -2.5273686862e-06 Ph1: 2(0.00195198); Du: 74056(13274.6) 496.1s
       1882    -2.5231615982e-06 Ph1: 3(0.00195182); Du: 74056(2.92982e+06) 521.3s
       1982    -2.4991842805e-06 Ph1: 1(0.00195085); Du: 74054(12574.7) 558.8s
       2056    -2.4773279295e-06 Ph1: 1(0.00195); Du: 74054(17394.8) 582.3s
       2158    -2.4408700731e-06 Ph1: 1(0.00194882); Du: 74054(19362.3) 613.6s
       2233    -2.3959950853e-06 Ph1: 2(0.00194766); Du: 74055(87498.6) 635.9s
       2296    -2.3778225314e-06 Ph1: 61(0.00202117); Du: 74113(499189) 659.6s
       2373    -2.3292641885e-06 Ph1: 26(0.00195671); Du: 74078(170217) 693.5s
       2468    -2.2698839931e-06 Ph1: 3(0.00194475); Du: 74055(233637) 727.2s
       2517    -2.2269443012e-06 Ph1: 1(0.00194376); Du: 74053(232173) 745.5s
       2594    -2.0471480942e-06 Ph1: 1(0.00193986); Du: 74053(254749) 770.3s
       2655    -1.7895769500e-06 Ph1: 3(0.00193552); Du: 74055(122386) 791.3s
       2756    -1.0000677574e-06 Ph1: 1(0.00192082); Du: 74053(67268.2) 828.7s
       2848     7.0344170274e-05 Ph1: 21(0.00142711); Du: 74073(1.25829e+06) 867.1s
       2876     1.0243526077e-04 Pr: 0(0); Du: 73793(928.04) 878.7s
       2932     9.5447201678e-05 Pr: 0(0); Du: 73999(4137.55) 894.5s
       3017     8.5660157177e-05 Pr: 0(0); Du: 73994(4247.17) 916.1s
       3099     7.6389835061e-05 Pr: 0(0); Du: 74032(13059.5) 937.8s
       3179     7.0286466912e-05 Pr: 0(0); Du: 74024(9249.48) 958.0s
       3247     6.7622909922e-05 Pr: 0(0); Du: 73617(643.699) 976.0s
       3365     6.3515343000e-05 Pr: 0(0); Du: 73883(1402.65) 1005.6s
       3611     5.4103551761e-05 Pr: 0(0); Du: 74001(4602.54) 1068.6s
       3811     4.8379027393e-05 Pr: 0(0); Du: 72289(155.078) 1125.2s
       4040     4.3282081531e-05 Pr: 0(0); Du: 73562(574.609) 1187.4s
       4222     4.0255338311e-05 Pr: 0(0); Du: 73586(555.204) 1238.0s
       4477     3.6624039609e-05 Pr: 0(0); Du: 73283(320.151) 1303.6s
       4692     3.3771791408e-05 Pr: 0(0); Du: 71359(96.0554) 1364.9s
       4925     3.0893312978e-05 Pr: 0(0); Du: 73948(2857.26) 1429.1s
       5168     2.8520901732e-05 Pr: 0(0); Du: 73445(401.235) 1490.0s
       5385     2.6924680689e-05 Pr: 0(0); Du: 71366(91.894) 1550.4s
       5644     2.5088210307e-05 Pr: 0(0); Du: 73452(469.307) 1617.9s
       5868     2.3437762543e-05 Pr: 0(0); Du: 72746(199.017) 1673.6s
       6086     2.2234135478e-05 Pr: 0(0); Du: 71700(111.521) 1731.4s
       6336     2.0640645990e-05 Pr: 0(0); Du: 71243(91.8745) 1795.4s
       6542     1.9776997987e-05 Pr: 0(0); Du: 71569(102.241) 1845.7s
       6792     1.8430866391e-05 Pr: 0(0); Du: 72958(236.718) 1909.4s
       7050     1.7678832282e-05 Pr: 0(0); Du: 73792(1007.2) 1976.3s
       7347     1.6798907051e-05 Pr: 0(0); Du: 73879(1499) 2049.1s
       7592     1.6122275785e-05 Pr: 0(0); Du: 71699(111.977) 2108.0s
       7832     1.5464652745e-05 Pr: 0(0); Du: 72859(219.131) 2163.7s
       8079     1.4827013735e-05 Pr: 0(0); Du: 73079(274.369) 2223.6s
       8356     1.4256755015e-05 Pr: 0(0); Du: 73343(387.725) 2289.5s
       8594     1.3811097040e-05 Pr: 0(0); Du: 73282(331.762) 2348.2s
       8816     1.3431791113e-05 Pr: 0(0); Du: 71942(121.391) 2414.4s
       9099     1.3008602308e-05 Pr: 0(0); Du: 72736(195.777) 2483.1s
       9337     1.2517419076e-05 Pr: 0(0); Du: 70786(76.9597) 2547.9s
       9622     1.2082729320e-05 Pr: 0(0); Du: 66151(28.3472) 2629.3s
       9869     1.1616995150e-05 Pr: 0(0); Du: 72665(181.74) 2692.0s
      10074     1.1306287293e-05 Pr: 0(0); Du: 73301(356.52) 2790.3s
      10297     1.1026674063e-05 Pr: 0(0); Du: 72547(166.874) 2863.0s
      10483     1.0800225007e-05 Pr: 0(0); Du: 73734(850.612) 2931.0s
      10645     1.0614926900e-05 Pr: 0(0); Du: 71427(94.9602) 3076.1s
      10749     1.0516491214e-05 Pr: 0(0); Du: 73077(254.682) 3181.3s
      10834     1.0438937278e-05 Pr: 0(0); Du: 71040(86.7984) 3235.5s
      10994     1.0266038138e-05 Pr: 0(0); Du: 72713(193.455) 3310.5s
      11195     1.0081966722e-05 Pr: 0(0); Du: 71385(96.112) 3372.6s
      11466     9.8156132314e-06 Pr: 0(0); Du: 64339(21.9801) 3434.9s
      11694     9.5419662784e-06 Pr: 0(0); Du: 73878(1726.62) 3486.8s
