G-0038 census progress: absolute=10000 s=4 r=7 elapsed=5.0s
	Command being timed: "python artifacts/math/n11-degree4-loops/enumerate_loop_inclusive_degree4.py --output-n11 artifacts/math/n11-degree4-loops/loop_inclusive_signed_degree4_n11_v1.json.gz --output-n10 artifacts/math/n11-degree4-loops/loop_inclusive_signed_degree4_n10_v1.json.gz --manifest artifacts/math/n11-degree4-loops/enumeration_manifest_v1.json --progress-every 10000"
	User time (seconds): 17.84
	System time (seconds): 0.60
	Percent of CPU this job got: 100%
	Elapsed (wall clock) time (h:mm:ss or m:ss): 0:18.39
	Average shared text size (kbytes): 0
	Average unshared data size (kbytes): 0
	Average stack size (kbytes): 0
	Average total size (kbytes): 0
	Maximum resident set size (kbytes): 302344
	Average resident set size (kbytes): 0
	Major (requiring I/O) page faults: 4
	Minor (reclaiming a frame) page faults: 94206
	Voluntary context switches: 123
	Involuntary context switches: 1280
	Swaps: 0
	File system inputs: 1064
	File system outputs: 4552
	Socket messages sent: 0
	Socket messages received: 0
	Signals delivered: 0
	Page size (bytes): 4096
	Exit status: 0
