	Command being timed: "python artifacts/math/n11-degree4-loops/verify_loop_inclusive_degree4.py --universe artifacts/math/n11-degree4-loops/loop_inclusive_signed_degree4_n11_v1.json.gz --universe artifacts/math/n11-degree4-loops/loop_inclusive_signed_degree4_n10_v1.json.gz --output artifacts/math/n11-degree4-loops/universe_verification_v1.json"
	User time (seconds): 9.45
	System time (seconds): 0.49
	Percent of CPU this job got: 99%
	Elapsed (wall clock) time (h:mm:ss or m:ss): 0:10.03
	Average shared text size (kbytes): 0
	Average unshared data size (kbytes): 0
	Average stack size (kbytes): 0
	Average total size (kbytes): 0
	Maximum resident set size (kbytes): 233252
	Average resident set size (kbytes): 0
	Major (requiring I/O) page faults: 0
	Minor (reclaiming a frame) page faults: 115399
	Voluntary context switches: 1
	Involuntary context switches: 499
	Swaps: 0
	File system inputs: 0
	File system outputs: 8
	Socket messages sent: 0
	Socket messages received: 0
	Signals delivered: 0
	Page size (bytes): 4096
	Exit status: 0
