COLGEN_LOOPS_CERTIFICATES_PASS identities=3/3 templates=129/129 mutants=3/3
	Command being timed: "tools/colgen-loops/target/release/max11-colgen-loops validate-certificates --certificate-n5 literature/repos/max-relu-certificates/certificates/certificate_5_2.json --certificate-n7 literature/repos/max-relu-certificates/certificates/certificate_7_3.json --certificate-n8 literature/repos/max-relu-certificates/certificates/certificate_8_3.json --output artifacts/math/n11-degree4-loops/upstream-degree3-certificate-replay.json"
	User time (seconds): 0.71
	System time (seconds): 0.02
	Percent of CPU this job got: 98%
	Elapsed (wall clock) time (h:mm:ss or m:ss): 0:00.75
	Average shared text size (kbytes): 0
	Average unshared data size (kbytes): 0
	Average stack size (kbytes): 0
	Average total size (kbytes): 0
	Maximum resident set size (kbytes): 4692
	Average resident set size (kbytes): 0
	Major (requiring I/O) page faults: 0
	Minor (reclaiming a frame) page faults: 2465
	Voluntary context switches: 0
	Involuntary context switches: 56
	Swaps: 0
	File system inputs: 0
	File system outputs: 16
	Socket messages sent: 0
	Socket messages received: 0
	Signals delivered: 0
	Page size (bytes): 4096
	Exit status: 0
